Component: ARM Compiler 6.10.1 Tool: armlink [5d142800]

==============================================================================

Section Cross References

    startup_stm32g474xx.o(RESET) refers to startup_stm32g474xx.o(STACK) for __initial_sp
    startup_stm32g474xx.o(RESET) refers to startup_stm32g474xx.o(.text) for Reset_Handler
    startup_stm32g474xx.o(RESET) refers to stm32g4xx_it.o(.text.NMI_Handler) for NMI_Handler
    startup_stm32g474xx.o(RESET) refers to stm32g4xx_it.o(.text.HardFault_Handler) for HardFault_Handler
    startup_stm32g474xx.o(RESET) refers to stm32g4xx_it.o(.text.MemManage_Handler) for MemManage_Handler
    startup_stm32g474xx.o(RESET) refers to stm32g4xx_it.o(.text.BusFault_Handler) for BusFault_Handler
    startup_stm32g474xx.o(RESET) refers to stm32g4xx_it.o(.text.UsageFault_Handler) for UsageFault_Handler
    startup_stm32g474xx.o(RESET) refers to stm32g4xx_it.o(.text.SVC_Handler) for SVC_Handler
    startup_stm32g474xx.o(RESET) refers to stm32g4xx_it.o(.text.DebugMon_Handler) for DebugMon_Handler
    startup_stm32g474xx.o(RESET) refers to stm32g4xx_it.o(.text.PendSV_Handler) for PendSV_Handler
    startup_stm32g474xx.o(RESET) refers to stm32g4xx_it.o(.text.SysTick_Handler) for SysTick_Handler
    startup_stm32g474xx.o(RESET) refers to stm32g4xx_it.o(.text.DMA1_Channel1_IRQHandler) for DMA1_Channel1_IRQHandler
    startup_stm32g474xx.o(RESET) refers to stm32g4xx_it.o(.text.TIM2_IRQHandler) for TIM2_IRQHandler
    startup_stm32g474xx.o(RESET) refers to stm32g4xx_it.o(.text.USART1_IRQHandler) for USART1_IRQHandler
    startup_stm32g474xx.o(RESET) refers to stm32g4xx_it.o(.text.HRTIM1_Master_IRQHandler) for HRTIM1_Master_IRQHandler
    startup_stm32g474xx.o(.text) refers to system_stm32g4xx.o(.text.SystemInit) for SystemInit
    startup_stm32g474xx.o(.text) refers to entry.o(.ARM.Collect$$$$00000000) for __main
    main.o(.text.main) refers to stm32g4xx_hal.o(.text.HAL_Init) for HAL_Init
    main.o(.text.main) refers to main.o(.text.SystemClock_Config) for SystemClock_Config
    main.o(.text.main) refers to gpio.o(.text.MX_GPIO_Init) for MX_GPIO_Init
    main.o(.text.main) refers to dma.o(.text.MX_DMA_Init) for MX_DMA_Init
    main.o(.text.main) refers to tim.o(.text.MX_TIM2_Init) for MX_TIM2_Init
    main.o(.text.main) refers to usart.o(.text.MX_USART1_UART_Init) for MX_USART1_UART_Init
    main.o(.text.main) refers to adc.o(.text.MX_ADC1_Init) for MX_ADC1_Init
    main.o(.text.main) refers to hrtim.o(.text.MX_HRTIM1_Init) for MX_HRTIM1_Init
    main.o(.text.main) refers to i2c.o(.text.MX_I2C2_Init) for MX_I2C2_Init
    main.o(.text.main) refers to stm32g4xx_hal_hrtim.o(.text.HAL_HRTIM_WaveformCountStart) for HAL_HRTIM_WaveformCountStart
    main.o(.text.main) refers to stm32g4xx_hal_adc_ex.o(.text.HAL_ADCEx_Calibration_Start) for HAL_ADCEx_Calibration_Start
    main.o(.text.main) refers to stm32g4xx_hal_adc.o(.text.HAL_ADC_Start_DMA) for HAL_ADC_Start_DMA
    main.o(.text.main) refers to stm32g4xx_hal_tim.o(.text.HAL_TIM_Base_Start_IT) for HAL_TIM_Base_Start_IT
    main.o(.text.main) refers to oled.o(.text.OLED_Init) for OLED_Init
    main.o(.text.main) refers to oled.o(.text.OLED_Clear) for OLED_Clear
    main.o(.text.main) refers to oled.o(.text.OLED_Update) for OLED_Update
    main.o(.text.main) refers to usart.o(.text.Serial_SendPacket) for Serial_SendPacket
    main.o(.text.main) refers to f2d.o(.text) for __aeabi_f2d
    main.o(.text.main) refers to dmul.o(.text) for __aeabi_dmul
    main.o(.text.main) refers to dadd.o(.text) for __aeabi_dadd
    main.o(.text.main) refers to d2f.o(.text) for __aeabi_d2f
    main.o(.text.main) refers to hrtim.o(.bss.hhrtim1) for hhrtim1
    main.o(.text.main) refers to adc.o(.bss.hadc1) for hadc1
    main.o(.text.main) refers to main.o(.bss..L_MergedGlobals) for [Anonymous Symbol]
    main.o(.text.main) refers to tim.o(.bss.htim2) for htim2
    main.o(.text.main) refers to usart.o(.bss.huart1) for huart1
    main.o(.text.main) refers to main.o(.rodata.str1.1) for .L.str
    main.o(.text.main) refers to stm32g4xx_hal_uart.o(.text.HAL_UART_Transmit) for HAL_UART_Transmit
    main.o(.text.main) refers to stm32g4xx_hal.o(.text.HAL_Delay) for HAL_Delay
    main.o(.text.main) refers to oled.o(.text.OLED_ShowString) for OLED_ShowString
    main.o(.text.main) refers to oled.o(.text.OLED_ShowChar) for OLED_ShowChar
    main.o(.text.main) refers to main.o(.bss..L_MergedGlobals.12) for [Anonymous Symbol]
    main.o(.text.main) refers to usart.o(.data..L_MergedGlobals) for Serial_TxPacket
    main.o(.text.main) refers to oled.o(.text.OLED_ShowNum) for OLED_ShowNum
    main.o(.ARM.exidx.text.main) refers to main.o(.text.main) for [Anonymous Symbol]
    main.o(.text.SystemClock_Config) refers to memseta.o(.text) for __aeabi_memclr4
    main.o(.text.SystemClock_Config) refers to stm32g4xx_hal_pwr_ex.o(.text.HAL_PWREx_ControlVoltageScaling) for HAL_PWREx_ControlVoltageScaling
[...]
    __arm_cp.1_0                             0x080032c8   Number         4  tim.o(.text.HAL_TIM_Base_MspInit)
    [Anonymous Symbol]                       0x080032cc   Section        0  stm32g4xx_hal_tim.o(.text.HAL_TIM_Base_Start_IT)
    __arm_cp.7_0                             0x08003338   Number         4  stm32g4xx_hal_tim.o(.text.HAL_TIM_Base_Start_IT)
    __arm_cp.7_1                             0x0800333c   Number         4  stm32g4xx_hal_tim.o(.text.HAL_TIM_Base_Start_IT)
    __arm_cp.7_2                             0x08003340   Number         4  stm32g4xx_hal_tim.o(.text.HAL_TIM_Base_Start_IT)
    __arm_cp.7_3                             0x08003344   Number         4  stm32g4xx_hal_tim.o(.text.HAL_TIM_Base_Start_IT)
    __arm_cp.7_4                             0x08003348   Number         4  stm32g4xx_hal_tim.o(.text.HAL_TIM_Base_Start_IT)
    __arm_cp.7_5                             0x0800334c   Number         4  stm32g4xx_hal_tim.o(.text.HAL_TIM_Base_Start_IT)
    __arm_cp.7_6                             0x08003350   Number         4  stm32g4xx_hal_tim.o(.text.HAL_TIM_Base_Start_IT)
    __arm_cp.7_7                             0x08003354   Number         4  stm32g4xx_hal_tim.o(.text.HAL_TIM_Base_Start_IT)
    [Anonymous Symbol]                       0x08003358   Section        0  stm32g4xx_hal_tim.o(.text.HAL_TIM_ConfigClockSource)
    __arm_cp.96_0                            0x08003480   Number         4  stm32g4xx_hal_tim.o(.text.HAL_TIM_ConfigClockSource)
    __arm_cp.96_1                            0x08003484   Number         4  stm32g4xx_hal_tim.o(.text.HAL_TIM_ConfigClockSource)
    __arm_cp.96_2                            0x08003488   Number         4  stm32g4xx_hal_tim.o(.text.HAL_TIM_ConfigClockSource)
    __arm_cp.96_3                            0x0800348c   Number         4  stm32g4xx_hal_tim.o(.text.HAL_TIM_ConfigClockSource)
    __arm_cp.96_4                            0x08003490   Number         4  stm32g4xx_hal_tim.o(.text.HAL_TIM_ConfigClockSource)
    __arm_cp.96_5                            0x08003494   Number         4  stm32g4xx_hal_tim.o(.text.HAL_TIM_ConfigClockSource)
    __arm_cp.96_6                            0x08003498   Number         4  stm32g4xx_hal_tim.o(.text.HAL_TIM_ConfigClockSource)
    __arm_cp.96_7                            0x0800349c   Number         4  stm32g4xx_hal_tim.o(.text.HAL_TIM_ConfigClockSource)
    [Anonymous Symbol]                       0x080034a0   Section        0  stm32g4xx_hal_tim.o(.text.HAL_TIM_IC_CaptureCallback)
    [Anonymous Symbol]                       0x080034a4   Section        0  stm32g4xx_hal_tim.o(.text.HAL_TIM_IRQHandler)
    __arm_cp.67_0                            0x0800361c   Number         4  stm32g4xx_hal_tim.o(.text.HAL_TIM_IRQHandler)
    __arm_cp.67_1                            0x08003620   Number         4  stm32g4xx_hal_tim.o(.text.HAL_TIM_IRQHandler)
    __arm_cp.67_2                            0x08003624   Number         4  stm32g4xx_hal_tim.o(.text.HAL_TIM_IRQHandler)
    __arm_cp.67_3                            0x08003628   Number         4  stm32g4xx_hal_tim.o(.text.HAL_TIM_IRQHandler)
    __arm_cp.67_4                            0x0800362c   Number         4  stm32g4xx_hal_tim.o(.text.HAL_TIM_IRQHandler)
    __arm_cp.67_5                            0x08003630   Number         4  stm32g4xx_hal_tim.o(.text.HAL_TIM_IRQHandler)
    [Anonymous Symbol]                       0x08003634   Section        0  stm32g4xx_hal_tim.o(.text.HAL_TIM_OC_DelayElapsedCallback)
    [Anonymous Symbol]                       0x08003636   Section        0  stm32g4xx_hal_tim.o(.text.HAL_TIM_PWM_PulseFinishedCallback)
    [Anonymous Symbol]                       0x08003638   Section        0  main.o(.text.HAL_TIM_PeriodElapsedCallback)
    __arm_cp.3_0                             0x08003658   Number         4  main.o(.text.HAL_TIM_PeriodElapsedCallback)
    __arm_cp.3_1                             0x0800365c   Number         4  main.o(.text.HAL_TIM_PeriodElapsedCallback)
    [Anonymous Symbol]                       0x08003660   Section        0  stm32g4xx_hal_tim.o(.text.HAL_TIM_TriggerCallback)
    [Anonymous Symbol]                       0x08003662   Section        0  stm32g4xx_hal_uart_ex.o(.text.HAL_UARTEx_DisableFifoMode)
    [Anonymous Symbol]                       0x08003698   Section        0  stm32g4xx_hal_uart.o(.text.HAL_UARTEx_RxEventCallback)
    [Anonymous Symbol]                       0x0800369a   Section        0  stm32g4xx_hal_uart_ex.o(.text.HAL_UARTEx_RxFifoFullCallback)
    [Anonymous Symbol]                       0x0800369c   Section        0  stm32g4xx_hal_uart_ex.o(.text.HAL_UARTEx_SetRxFifoThreshold)
    [Anonymous Symbol]                       0x080036e8   Section        0  stm32g4xx_hal_uart_ex.o(.text.HAL_UARTEx_SetTxFifoThreshold)
    [Anonymous Symbol]                       0x08003734   Section        0  stm32g4xx_hal_uart_ex.o(.text.HAL_UARTEx_TxFifoEmptyCallback)
    [Anonymous Symbol]                       0x08003736   Section        0  stm32g4xx_hal_uart_ex.o(.text.HAL_UARTEx_WakeupCallback)
    [Anonymous Symbol]                       0x08003738   Section        0  stm32g4xx_hal_uart.o(.text.HAL_UART_ErrorCallback)
    [Anonymous Symbol]                       0x0800373c   Section        0  stm32g4xx_hal_uart.o(.text.HAL_UART_IRQHandler)
    __arm_cp.44_0                            0x08003a50   Number         4  stm32g4xx_hal_uart.o(.text.HAL_UART_IRQHandler)
    __arm_cp.44_1                            0x08003a54   Number         4  stm32g4xx_hal_uart.o(.text.HAL_UART_IRQHandler)
    __arm_cp.44_2                            0x08003a58   Number         4  stm32g4xx_hal_uart.o(.text.HAL_UART_IRQHandler)
    __arm_cp.44_3                            0x08003a5c   Number         4  stm32g4xx_hal_uart.o(.text.HAL_UART_IRQHandler)
    [Anonymous Symbol]                       0x08003a60   Section        0  stm32g4xx_hal_uart.o(.text.HAL_UART_Init)
    [Anonymous Symbol]                       0x08003ac4   Section        0  usart.o(.text.HAL_UART_MspInit)
    __arm_cp.1_0                             0x08003b48   Number         4  usart.o(.text.HAL_UART_MspInit)
    __arm_cp.1_1                             0x08003b4c   Number         4  usart.o(.text.HAL_UART_MspInit)
    __arm_cp.1_2                             0x08003b50   Number         4  usart.o(.text.HAL_UART_MspInit)
    [Anonymous Symbol]                       0x08003b54   Section        0  stm32g4xx_hal_uart.o(.text.HAL_UART_Transmit)
    [Anonymous Symbol]                       0x08003c18   Section        0  stm32g4xx_hal_uart.o(.text.HAL_UART_TxCpltCallback)
    [Anonymous Symbol]                       0x08003c1c   Section        0  stm32g4xx_it.o(.text.HRTIM1_Master_IRQHandler)
    __arm_cp.12_0                            0x08003c24   Number         4  stm32g4xx_it.o(.text.HRTIM1_Master_IRQHandler)
    [Anonymous Symbol]                       0x08003c28   Section        0  stm32g4xx_hal_hrtim.o(.text.HRTIM_ForceRegistersUpdate)
    HRTIM_ForceRegistersUpdate               0x08003c29   Thumb Code    56  stm32g4xx_hal_hrtim.o(.text.HRTIM_ForceRegistersUpdate)
    [Anonymous Symbol]                       0x08003c60   Section        0  stm32g4xx_it.o(.text.HardFault_Handler)
    [Anonymous Symbol]                       0x08003c62   Section        0  stm32g4xx_hal_i2c.o(.text.I2C_Flush_TXDR)
    I2C_Flush_TXDR                           0x08003c63   Thumb Code    32  stm32g4xx_hal_i2c.o(.text.I2C_Flush_TXDR)
    [Anonymous Symbol]                       0x08003c84   Section        0  stm32g4xx_hal_i2c.o(.text.I2C_IsErrorOccurred)
    I2C_IsErrorOccurred                      0x08003c85   Thumb Code   256  stm32g4xx_hal_i2c.o(.text.I2C_IsErrorOccurred)
    __arm_cp.78_0                            0x08003d80   Number         4  stm32g4xx_hal_i2c.o(.text.I2C_IsErrorOccurred)
    [Anonymous Symbol]                       0x08003d84   Section        0  stm32g4xx_hal_i2c.o(.text.I2C_TransferConfig)
    I2C_TransferConfig                       0x08003d85   Thumb Code    52  stm32g4xx_hal_i2c.o(.text.I2C_TransferConfig)
    __arm_cp.6_0                             0x08003db4   Number         4  stm32g4xx_hal_i2c.o(.text.I2C_TransferConfig)
    [Anonymous Symbol]                       0x08003db8   Section        0  stm32g4xx_hal_i2c.o(.text.I2C_WaitOnFlagUntilTimeout)
    I2C_WaitOnFlagUntilTimeout               0x08003db9   Thumb Code   124  stm32g4xx_hal_i2c.o(.text.I2C_WaitOnFlagUntilTimeout)
    [Anonymous Symbol]                       0x08003e34   Section        0  stm32g4xx_hal_i2c.o(.text.I2C_WaitOnSTOPFlagUntilTimeout)
    I2C_WaitOnSTOPFlagUntilTimeout           0x08003e35   Thumb Code    84  stm32g4xx_hal_i2c.o(.text.I2C_WaitOnSTOPFlagUntilTimeout)
    [Anonymous Symbol]                       0x08003e88   Section        0  stm32g4xx_hal_i2c.o(.text.I2C_WaitOnTXISFlagUntilTimeout)
    I2C_WaitOnTXISFlagUntilTimeout           0x08003e89   Thumb Code    92  stm32g4xx_hal_i2c.o(.text.I2C_WaitOnTXISFlagUntilTimeout)
    [Anonymous Symbol]                       0x08003ee4   Section        0  stm32g4xx_hal_adc.o(.text.LL_ADC_SetChannelSamplingTime)
    LL_ADC_SetChannelSamplingTime            0x08003ee5   Thumb Code    32  stm32g4xx_hal_adc.o(.text.LL_ADC_SetChannelSamplingTime)
    [Anonymous Symbol]                       0x08003f04   Section        0  adc.o(.text.MX_ADC1_Init)
    __arm_cp.0_0                             0x08003fb8   Number         4  adc.o(.text.MX_ADC1_Init)
    __arm_cp.0_1                             0x08003fbc   Number         4  adc.o(.text.MX_ADC1_Init)
    __arm_cp.0_2                             0x08003fc0   Number         4  adc.o(.text.MX_ADC1_Init)
    [Anonymous Symbol]                       0x08003fc4   Section        0  dma.o(.text.MX_DMA_Init)
    __arm_cp.0_0                             0x08004000   Number         4  dma.o(.text.MX_DMA_Init)
    [Anonymous Symbol]                       0x08004004   Section        0  gpio.o(.text.MX_GPIO_Init)
    __arm_cp.0_0                             0x08004080   Number         4  gpio.o(.text.MX_GPIO_Init)
    __arm_cp.0_1                             0x08004084   Number         4  gpio.o(.text.MX_GPIO_Init)
    [Anonymous Symbol]                       0x08004088   Section        0  hrtim.o(.text.MX_HRTIM1_Init)
    __arm_cp.0_0                             0x08004178   Number         4  hrtim.o(.text.MX_HRTIM1_Init)
    __arm_cp.0_1                             0x0800417c   Number         4  hrtim.o(.text.MX_HRTIM1_Init)
    [Anonymous Symbol]                       0x08004180   Section        0  i2c.o(.text.MX_I2C2_Init)
    __arm_cp.0_0                             0x080041d4   Number         4  i2c.o(.text.MX_I2C2_Init)
    __arm_cp.0_1                             0x080041d8   Number         4  i2c.o(.text.MX_I2C2_Init)
    __arm_cp.0_2                             0x080041dc   Number         4  i2c.o(.text.MX_I2C2_Init)
    __arm_cp.0_3                             0x080041e0   Number         4  i2c.o(.text.MX_I2C2_Init)
    [Anonymous Symbol]                       0x080041e4   Section        0  tim.o(.text.MX_TIM2_Init)
    __arm_cp.0_0                             0x08004248   Number         4  tim.o(.text.MX_TIM2_Init)
    [Anonymous Symbol]                       0x0800424c   Section        0  usart.o(.text.MX_USART1_UART_Init)
    __arm_cp.0_1                             0x080042ac   Number         4  usart.o(.text.MX_USART1_UART_Init)
    [Anonymous Symbol]                       0x080042b0   Section        0  stm32g4xx_it.o(.text.MemManage_Handler)
    [Anonymous Symbol]                       0x080042b2   Section        0  stm32g4xx_it.o(.text.NMI_Handler)
    [Anonymous Symbol]                       0x080042b4   Section        0  oled.o(.text.OLED_Clear)
    [Anonymous Symbol]                       0x080042d4   Section        0  oled.o(.text.OLED_ClearArea)
    [Anonymous Symbol]                       0x0800433c   Section        0  oled.o(.text.OLED_Init)
    [Anonymous Symbol]                       0x080043a8   Section        0  oled.o(.text.OLED_SetCursor)
    __arm_cp.9_0                             0x080043c8   Number         4  oled.o(.text.OLED_SetCursor)
    [Anonymous Symbol]                       0x080043cc   Section        0  oled.o(.text.OLED_ShowChar)
    __arm_cp.17_0                            0x08004408   Number         4  oled.o(.text.OLED_ShowChar)
    __arm_cp.17_1                            0x0800440c   Number         4  oled.o(.text.OLED_ShowChar)
    [Anonymous Symbol]                       0x08004410   Section        0  oled.o(.text.OLED_ShowImage)
    [Anonymous Symbol]                       0x080044c8   Section        0  oled.o(.text.OLED_ShowNum)
    [Anonymous Symbol]                       0x08004524   Section        0  oled.o(.text.OLED_ShowString)
    [Anonymous Symbol]                       0x08004550   Section        0  oled.o(.text.OLED_Update)
    __arm_cp.8_0                             0x08004574   Number         4  oled.o(.text.OLED_Update)
    [Anonymous Symbol]                       0x08004578   Section        0  oled.o(.text.OLED_WriteCommand)
    __arm_cp.4_0                             0x08004598   Number         4  oled.o(.text.OLED_WriteCommand)
    [Anonymous Symbol]                       0x0800459c   Section        0  oled.o(.text.OLED_WriteData)
    __arm_cp.5_0                             0x080045e8   Number         4  oled.o(.text.OLED_WriteData)
    [Anonymous Symbol]                       0x080045ec   Section        0  stm32g4xx_it.o(.text.PendSV_Handler)
    [Anonymous Symbol]                       0x080045ee   Section        0  stm32g4xx_it.o(.text.SVC_Handler)
    [Anonymous Symbol]                       0x080045f0   Section        0  usart.o(.text.Serial_SendPacket)
    __arm_cp.3_0                             0x08004624   Number         4  usart.o(.text.Serial_SendPacket)
    __arm_cp.3_1                             0x08004628   Number         4  usart.o(.text.Serial_SendPacket)
    __arm_cp.3_2                             0x0800462c   Number         4  usart.o(.text.Serial_SendPacket)
    [Anonymous Symbol]                       0x08004630   Section        0  stm32g4xx_it.o(.text.SysTick_Handler)
    [Anonymous Symbol]                       0x08004634   Section        0  main.o(.text.SystemClock_Config)
    [Anonymous Symbol]                       0x080046a8   Section        0  system_stm32g4xx.o(.text.SystemInit)
    __arm_cp.0_0                             0x080046b4   Number         4  system_stm32g4xx.o(.text.SystemInit)
    [Anonymous Symbol]                       0x080046b8   Section        0  stm32g4xx_it.o(.text.TIM2_IRQHandler)
    __arm_cp.10_0                            0x080046c0   Number         4  stm32g4xx_it.o(.text.TIM2_IRQHandler)
    [Anonymous Symbol]                       0x080046c4   Section        0  stm32g4xx_hal_tim.o(.text.TIM_Base_SetConfig)
    __arm_cp.2_0                             0x08004784   Number         4  stm32g4xx_hal_tim.o(.text.TIM_Base_SetConfig)
    __arm_cp.2_1                             0x08004788   Number         4  stm32g4xx_hal_tim.o(.text.TIM_Base_SetConfig)
    __arm_cp.2_2                             0x0800478c   Number         4  stm32g4xx_hal_tim.o(.text.TIM_Base_SetConfig)
    __arm_cp.2_3                             0x08004790   Number         4  stm32g4xx_hal_tim.o(.text.TIM_Base_SetConfig)
    __arm_cp.2_4                             0x08004794   Number         4  stm32g4xx_hal_tim.o(.text.TIM_Base_SetConfig)
    __arm_cp.2_5                             0x08004798   Number         4  stm32g4xx_hal_tim.o(.text.TIM_Base_SetConfig)
    __arm_cp.2_6                             0x0800479c   Number         4  stm32g4xx_hal_tim.o(.text.TIM_Base_SetConfig)
    __arm_cp.2_7                             0x080047a0   Number         4  stm32g4xx_hal_tim.o(.text.TIM_Base_SetConfig)
    __arm_cp.2_8                             0x080047a4   Number         4  stm32g4xx_hal_tim.o(.text.TIM_Base_SetConfig)
    __arm_cp.2_9                             0x080047a8   Number         4  stm32g4xx_hal_tim.o(.text.TIM_Base_SetConfig)
    [Anonymous Symbol]                       0x080047ac   Section        0  stm32g4xx_hal_tim.o(.text.TIM_TI1_ConfigInputStage)
    TIM_TI1_ConfigInputStage                 0x080047ad   Thumb Code    34  stm32g4xx_hal_tim.o(.text.TIM_TI1_ConfigInputStage)
    [Anonymous Symbol]                       0x080047ce   Section        0  stm32g4xx_hal_tim.o(.text.TIM_TI2_ConfigInputStage)
    TIM_TI2_ConfigInputStage                 0x080047cf   Thumb Code    36  stm32g4xx_hal_tim.o(.text.TIM_TI2_ConfigInputStage)
    [Anonymous Symbol]                       0x080047f4   Section        0  stm32g4xx_hal_uart_ex.o(.text.UARTEx_SetNbDataToProcess)
    UARTEx_SetNbDataToProcess                0x080047f5   Thumb Code    84  stm32g4xx_hal_uart_ex.o(.text.UARTEx_SetNbDataToProcess)
    __arm_cp.9_0                             0x08004840   Number         4  stm32g4xx_hal_uart_ex.o(.text.UARTEx_SetNbDataToProcess)
    __arm_cp.9_1                             0x08004844   Number         4  stm32g4xx_hal_uart_ex.o(.text.UARTEx_SetNbDataToProcess)
    [Anonymous Symbol]                       0x08004848   Section        0  stm32g4xx_hal_uart.o(.text.UART_AdvFeatureConfig)
    [Anonymous Symbol]                       0x0800491c   Section        0  stm32g4xx_hal_uart.o(.text.UART_CheckIdleState)
    __arm_cp.4_0                             0x080049d4   Number         4  stm32g4xx_hal_uart.o(.text.UART_CheckIdleState)
    [Anonymous Symbol]                       0x080049d8   Section        0  stm32g4xx_hal_uart.o(.text.UART_DMAAbortOnError)
    UART_DMAAbortOnError                     0x080049d9   Thumb Code    16  stm32g4xx_hal_uart.o(.text.UART_DMAAbortOnError)
    [Anonymous Symbol]                       0x080049e8   Section        0  stm32g4xx_hal_uart.o(.text.UART_EndRxTransfer)
    UART_EndRxTransfer                       0x080049e9   Thumb Code    92  stm32g4xx_hal_uart.o(.text.UART_EndRxTransfer)
    __arm_cp.30_0                            0x08004a40   Number         4  stm32g4xx_hal_uart.o(.text.UART_EndRxTransfer)
    [Anonymous Symbol]                       0x08004a44   Section        0  stm32g4xx_hal_uart.o(.text.UART_SetConfig)
    __arm_cp.3_0                             0x08004c60   Number         4  stm32g4xx_hal_uart.o(.text.UART_SetConfig)
    __arm_cp.3_1                             0x08004c64   Number         4  stm32g4xx_hal_uart.o(.text.UART_SetConfig)
    __arm_cp.3_2                             0x08004c68   Number         4  stm32g4xx_hal_uart.o(.text.UART_SetConfig)
    __arm_cp.3_3                             0x08004c6c   Number         4  stm32g4xx_hal_uart.o(.text.UART_SetConfig)
    __arm_cp.3_4                             0x08004c70   Number         4  stm32g4xx_hal_uart.o(.text.UART_SetConfig)
    __arm_cp.3_5                             0x08004c74   Number         4  stm32g4xx_hal_uart.o(.text.UART_SetConfig)
    __arm_cp.3_6                             0x08004c78   Number         4  stm32g4xx_hal_uart.o(.text.UART_SetConfig)
    __arm_cp.3_7                             0x08004c7c   Number         4  stm32g4xx_hal_uart.o(.text.UART_SetConfig)
    __arm_cp.3_8                             0x08004c80   Number         4  stm32g4xx_hal_uart.o(.text.UART_SetConfig)
    __arm_cp.3_9                             0x08004c84   Number         4  stm32g4xx_hal_uart.o(.text.UART_SetConfig)
    __arm_cp.3_10                            0x08004c88   Number         4  stm32g4xx_hal_uart.o(.text.UART_SetConfig)
    __arm_cp.3_11                            0x08004c8c   Number         4  stm32g4xx_hal_uart.o(.text.UART_SetConfig)
    __arm_cp.3_12                            0x08004c90   Number         4  stm32g4xx_hal_uart.o(.text.UART_SetConfig)
    [Anonymous Symbol]                       0x08004c94   Section        0  stm32g4xx_hal_uart.o(.text.UART_WaitOnFlagUntilTimeout)
    [Anonymous Symbol]                       0x08004d34   Section        0  stm32g4xx_it.o(.text.USART1_IRQHandler)
    __arm_cp.11_0                            0x08004d3c   Number         4  stm32g4xx_it.o(.text.USART1_IRQHandler)
    [Anonymous Symbol]                       0x08004d40   Section        0  stm32g4xx_it.o(.text.UsageFault_Handler)
    [Anonymous Symbol]                       0x08004d44   Section        0  stm32g4xx_hal_cortex.o(.text.__NVIC_SetPriority)
    __NVIC_SetPriority                       0x08004d45   Thumb Code    36  stm32g4xx_hal_cortex.o(.text.__NVIC_SetPriority)
    __arm_cp.2_0                             0x08004d60   Number         4  stm32g4xx_hal_cortex.o(.text.__NVIC_SetPriority)
    __arm_cp.2_1                             0x08004d64   Number         4  stm32g4xx_hal_cortex.o(.text.__NVIC_SetPriority)
    [Anonymous Symbol]                       0x08004d68   Section        0  main.o(.text.main)
    __arm_cp.0_0                             0x08005140   Number         4  main.o(.text.main)
    __arm_cp.0_1                             0x08005144   Number         4  main.o(.text.main)
    __arm_cp.0_2                             0x08005148   Number         4  main.o(.text.main)
    __arm_cp.0_3                             0x0800514c   Number         4  main.o(.text.main)
    __arm_cp.0_4                             0x08005150   Number         4  main.o(.text.main)
    __arm_cp.0_5                             0x08005154   Number         4  main.o(.text.main)
    __arm_cp.0_6                             0x08005158   Number         4  main.o(.text.main)
    __arm_cp.0_7                             0x0800515c   Number         4  main.o(.text.main)
    __arm_cp.0_8                             0x08005160   Number         4  main.o(.text.main)
    __arm_cp.0_15                            0x080051e8   Number         4  main.o(.text.main)
    __arm_cp.0_18                            0x080051fc   Number         4  main.o(.text.main)
    __arm_cp.0_21                            0x08005210   Number         4  main.o(.text.main)
    __arm_cp.0_22                            0x08005214   Number         4  main.o(.text.main)
    __arm_cp.0_29                            0x08005218   Number         4  main.o(.text.main)
    i.__scatterload_copy                     0x08005220   Section       14  handlers.o(i.__scatterload_copy)
    i.__scatterload_null                     0x0800522e   Section        2  handlers.o(i.__scatterload_null)
    i.__scatterload_zeroinit                 0x08005230   Section       14  handlers.o(i.__scatterload_zeroinit)
    UARTEx_SetNbDataToProcess.numerator      0x08005a98   Data           8  stm32g4xx_hal_uart_ex.o(.rodata.cst8)
    UARTEx_SetNbDataToProcess.denominator    0x08005aa0   Data           8  stm32g4xx_hal_uart_ex.o(.rodata.cst8)
    [Anonymous Symbol]                       0x08005aa8   Section        0  main.o(.rodata.str1.1)
    .L.str.1                                 0x08005aa8   Data          14  main.o(.rodata.str1.1)
    .L.str                                   0x08005ab6   Data           9  main.o(.rodata.str1.1)
    [Anonymous Symbol]                       0x20000000   Section        0  usart.o(.data..L_MergedGlobals)
    [Anonymous Symbol]                       0x2000000c   Section        0  stm32g4xx_hal.o(.data..L_MergedGlobals)
    [Anonymous Symbol]                       0x20000020   Section        0  main.o(.bss..L_MergedGlobals)
    [Anonymous Symbol]                       0x200000a0   Section        0  main.o(.bss..L_MergedGlobals.12)
    STACK                                    0x200007e0   Section     1024  startup_stm32g474xx.o(STACK)

    Global Symbols

    Symbol Name                              Value     Ov Type        Size  Object(Section)

    BuildAttributes$$THM_ISAv4$E$P$D$K$B$S$7EM$VFPi3$EXTD16$VFPS$VFMA$PE$A:L22UL41UL21$X:L11$S22US41US21$IEEE1$IW$~IW$USESV6$~STKCKD$USESV7$~SHL$OTIME$ROPI$IEEEX$EBA8$MICROLIB$REQ8$PRES8$EABIv2 0x00000000   Number         0  anon$$obj.o ABSOLUTE
    __cpp_initialize__aeabi_                  - Undefined Weak Reference
    __cxa_finalize                            - Undefined Weak Reference
    __decompress                              - Undefined Weak Reference
    _clock_init                               - Undefined Weak Reference
    _microlib_exit                            - Undefined Weak Reference
    __Vectors_Size                           0x000001d8   Number         0  startup_stm32g474xx.o ABSOLUTE
    __Vectors                                0x08000000   Data           4  startup_stm32g474xx.o(RESET)
    __Vectors_End                            0x080001d8   Data           0  startup_stm32g474xx.o(RESET)
    __main                                   0x080001d9   Thumb Code     0  entry.o(.ARM.Collect$$$$00000000)
    _main_stk                                0x080001d9   Thumb Code     0  entry2.o(.ARM.Collect$$$$00000001)
    _main_scatterload                        0x080001dd   Thumb Code     0  entry5.o(.ARM.Collect$$$$00000004)
    __main_after_scatterload                 0x080001e1   Thumb Code     0  entry5.o(.ARM.Collect$$$$00000004)
    _main_clock                              0x080001e1   Thumb Code     0  entry7b.o(.ARM.Collect$$$$00000008)
    _main_cpp_init                           0x080001e1   Thumb Code     0  entry8b.o(.ARM.Collect$$$$0000000A)
    _main_init                               0x080001e1   Thumb Code     0  entry9a.o(.ARM.Collect$$$$0000000B)
    __rt_final_cpp                           0x080001e9   Thumb Code     0  entry10a.o(.ARM.Collect$$$$0000000D)
    __rt_final_exit                          0x080001e9   Thumb Code     0  entry11a.o(.ARM.Collect$$$$0000000F)
    Reset_Handler                            0x080001ed   Thumb Code     8  startup_stm32g474xx.o(.text)
    ADC1_2_IRQHandler                        0x08000207   Thumb Code     0  startup_stm32g474xx.o(.text)
    ADC3_IRQHandler                          0x08000207   Thumb Code     0  startup_stm32g474xx.o(.text)
    ADC4_IRQHandler                          0x08000207   Thumb Code     0  startup_stm32g474xx.o(.text)
    ADC5_IRQHandler                          0x08000207   Thumb Code     0  startup_stm32g474xx.o(.text)
    COMP1_2_3_IRQHandler                     0x08000207   Thumb Code     0  startup_stm32g474xx.o(.text)
    COMP4_5_6_IRQHandler                     0x08000207   Thumb Code     0  startup_stm32g474xx.o(.text)
    COMP7_IRQHandler                         0x08000207   Thumb Code     0  startup_stm32g474xx.o(.text)
    CORDIC_IRQHandler                        0x08000207   Thumb Code     0  startup_stm32g474xx.o(.text)
    CRS_IRQHandler                           0x08000207   Thumb Code     0  startup_stm32g474xx.o(.text)
    DMA1_Channel2_IRQHandler                 0x08000207   Thumb Code     0  startup_stm32g474xx.o(.text)
    DMA1_Channel3_IRQHandler                 0x08000207   Thumb Code     0  startup_stm32g474xx.o(.text)
    DMA1_Channel4_IRQHandler                 0x08000207   Thumb Code     0  startup_stm32g474xx.o(.text)
    DMA1_Channel5_IRQHandler                 0x08000207   Thumb Code     0  startup_stm32g474xx.o(.text)
    DMA1_Channel6_IRQHandler                 0x08000207   Thumb Code     0  startup_stm32g474xx.o(.text)
    DMA1_Channel7_IRQHandler                 0x08000207   Thumb Code     0  startup_stm32g474xx.o(.text)
    DMA1_Channel8_IRQHandler                 0x08000207   Thumb Code     0  startup_stm32g474xx.o(.text)
    DMA2_Channel1_IRQHandler                 0x08000207   Thumb Code     0  startup_stm32g474xx.o(.text)
    DMA2_Channel2_IRQHandler                 0x08000207   Thumb Code     0  startup_stm32g474xx.o(.text)
    DMA2_Channel3_IRQHandler                 0x08000207   Thumb Code     0  startup_stm32g474xx.o(.text)
    DMA2_Channel4_IRQHandler                 0x08000207   Thumb Code     0  startup_stm32g474xx.o(.text)
    DMA2_Channel5_IRQHandler                 0x08000207   Thumb Code     0  startup_stm32g474xx.o(.text)
    DMA2_Channel6_IRQHandler                 0x08000207   Thumb Code     0  startup_stm32g474xx.o(.text)
    DMA2_Channel7_IRQHandler                 0x08000207   Thumb Code     0  startup_stm32g474xx.o(.text)
    DMA2_Channel8_IRQHandler                 0x08000207   Thumb Code     0  startup_stm32g474xx.o(.text)
    DMAMUX_OVR_IRQHandler                    0x08000207   Thumb Code     0  startup_stm32g474xx.o(.text)
    EXTI0_IRQHandler                         0x08000207   Thumb Code     0  startup_stm32g474xx.o(.text)
    EXTI15_10_IRQHandler                     0x08000207   Thumb Code     0  startup_stm32g474xx.o(.text)
    EXTI1_IRQHandler                         0x08000207   Thumb Code     0  startup_stm32g474xx.o(.text)
    EXTI2_IRQHandler                         0x08000207   Thumb Code     0  startup_stm32g474xx.o(.text)
    EXTI3_IRQHandler                         0x08000207   Thumb Code     0  startup_stm32g474xx.o(.text)
    EXTI4_IRQHandler                         0x08000207   Thumb Code     0  startup_stm32g474xx.o(.text)
    EXTI9_5_IRQHandler                       0x08000207   Thumb Code     0  startup_stm32g474xx.o(.text)
    FDCAN1_IT0_IRQHandler                    0x08000207   Thumb Code     0  startup_stm32g474xx.o(.text)
    FDCAN1_IT1_IRQHandler                    0x08000207   Thumb Code     0  startup_stm32g474xx.o(.text)
    FDCAN2_IT0_IRQHandler                    0x08000207   Thumb Code     0  startup_stm32g474xx.o(.text)
    FDCAN2_IT1_IRQHandler                    0x08000207   Thumb Code     0  startup_stm32g474xx.o(.text)
    FDCAN3_IT0_IRQHandler                    0x08000207   Thumb Code     0  startup_stm32g474xx.o(.text)
    FDCAN3_IT1_IRQHandler                    0x08000207   Thumb Code     0  startup_stm32g474xx.o(.text)
    FLASH_IRQHandler                         0x08000207   Thumb Code     0  startup_stm32g474xx.o(.text)
    FMAC_IRQHandler                          0x08000207   Thumb Code     0  startup_stm32g474xx.o(.text)
    FMC_IRQHandler                           0x08000207   Thumb Code     0  startup_stm32g474xx.o(.text)
    FPU_IRQHandler                           0x08000207   Thumb Code     0  startup_stm32g474xx.o(.text)
    HRTIM1_FLT_IRQHandler                    0x08000207   Thumb Code     0  startup_stm32g474xx.o(.text)
    HRTIM1_TIMA_IRQHandler                   0x08000207   Thumb Code     0  startup_stm32g474xx.o(.text)
    HRTIM1_TIMB_IRQHandler                   0x08000207   Thumb Code     0  startup_stm32g474xx.o(.text)
    HRTIM1_TIMC_IRQHandler                   0x08000207   Thumb Code     0  startup_stm32g474xx.o(.text)
    HRTIM1_TIMD_IRQHandler                   0x08000207   Thumb Code     0  startup_stm32g474xx.o(.text)
    HRTIM1_TIME_IRQHandler                   0x08000207   Thumb Code     0  startup_stm32g474xx.o(.text)
    HRTIM1_TIMF_IRQHandler                   0x08000207   Thumb Code     0  startup_stm32g474xx.o(.text)
    I2C1_ER_IRQHandler                       0x08000207   Thumb Code     0  startup_stm32g474xx.o(.text)
    I2C1_EV_IRQHandler                       0x08000207   Thumb Code     0  startup_stm32g474xx.o(.text)
    I2C2_ER_IRQHandler                       0x08000207   Thumb Code     0  startup_stm32g474xx.o(.text)
    I2C2_EV_IRQHandler                       0x08000207   Thumb Code     0  startup_stm32g474xx.o(.text)
    I2C3_ER_IRQHandler                       0x08000207   Thumb Code     0  startup_stm32g474xx.o(.text)
    I2C3_EV_IRQHandler                       0x08000207   Thumb Code     0  startup_stm32g474xx.o(.text)
    I2C4_ER_IRQHandler                       0x08000207   Thumb Code     0  startup_stm32g474xx.o(.text)
    I2C4_EV_IRQHandler                       0x08000207   Thumb Code     0  startup_stm32g474xx.o(.text)
    LPTIM1_IRQHandler                        0x08000207   Thumb Code     0  startup_stm32g474xx.o(.text)
    LPUART1_IRQHandler                       0x08000207   Thumb Code     0  startup_stm32g474xx.o(.text)
    PVD_PVM_IRQHandler                       0x08000207   Thumb Code     0  startup_stm32g474xx.o(.text)
    QUADSPI_IRQHandler                       0x08000207   Thumb Code     0  startup_stm32g474xx.o(.text)
    RCC_IRQHandler                           0x08000207   Thumb Code     0  startup_stm32g474xx.o(.text)
    RNG_IRQHandler                           0x08000207   Thumb Code     0  startup_stm32g474xx.o(.text)
    RTC_Alarm_IRQHandler                     0x08000207   Thumb Code     0  startup_stm32g474xx.o(.text)
    RTC_TAMP_LSECSS_IRQHandler               0x08000207   Thumb Code     0  startup_stm32g474xx.o(.text)
    RTC_WKUP_IRQHandler                      0x08000207   Thumb Code     0  startup_stm32g474xx.o(.text)
    SAI1_IRQHandler                          0x08000207   Thumb Code     0  startup_stm32g474xx.o(.text)
    SPI1_IRQHandler                          0x08000207   Thumb Code     0  startup_stm32g474xx.o(.text)
    SPI2_IRQHandler                          0x08000207   Thumb Code     0  startup_stm32g474xx.o(.text)
    SPI3_IRQHandler                          0x08000207   Thumb Code     0  startup_stm32g474xx.o(.text)
    SPI4_IRQHandler                          0x08000207   Thumb Code     0  startup_stm32g474xx.o(.text)
    TIM1_BRK_TIM15_IRQHandler                0x08000207   Thumb Code     0  startup_stm32g474xx.o(.text)
    TIM1_CC_IRQHandler                       0x08000207   Thumb Code     0  startup_stm32g474xx.o(.text)
    TIM1_TRG_COM_TIM17_IRQHandler            0x08000207   Thumb Code     0  startup_stm32g474xx.o(.text)
    TIM1_UP_TIM16_IRQHandler                 0x08000207   Thumb Code     0  startup_stm32g474xx.o(.text)
    TIM20_BRK_IRQHandler                     0x08000207   Thumb Code     0  startup_stm32g474xx.o(.text)
    TIM20_CC_IRQHandler                      0x08000207   Thumb Code     0  startup_stm32g474xx.o(.text)
    TIM20_TRG_COM_IRQHandler                 0x08000207   Thumb Code     0  startup_stm32g474xx.o(.text)
    TIM20_UP_IRQHandler                      0x08000207   Thumb Code     0  startup_stm32g474xx.o(.text)
    TIM3_IRQHandler                          0x08000207   Thumb Code     0  startup_stm32g474xx.o(.text)
    TIM4_IRQHandler                          0x08000207   Thumb Code     0  startup_stm32g474xx.o(.text)
    TIM5_IRQHandler                          0x08000207   Thumb Code     0  startup_stm32g474xx.o(.text)
    TIM6_DAC_IRQHandler                      0x08000207   Thumb Code     0  startup_stm32g474xx.o(.text)
    TIM7_DAC_IRQHandler                      0x08000207   Thumb Code     0  startup_stm32g474xx.o(.text)
    TIM8_BRK_IRQHandler                      0x08000207   Thumb Code     0  startup_stm32g474xx.o(.text)
    TIM8_CC_IRQHandler                       0x08000207   Thumb Code     0  startup_stm32g474xx.o(.text)
    TIM8_TRG_COM_IRQHandler                  0x08000207   Thumb Code     0  startup_stm32g474xx.o(.text)
    TIM8_UP_IRQHandler                       0x08000207   Thumb Code     0  startup_stm32g474xx.o(.text)
    UART4_IRQHandler                         0x08000207   Thumb Code     0  startup_stm32g474xx.o(.text)
    UART5_IRQHandler                         0x08000207   Thumb Code     0  startup_stm32g474xx.o(.text)
    UCPD1_IRQHandler                         0x08000207   Thumb Code     0  startup_stm32g474xx.o(.text)
    USART2_IRQHandler                        0x08000207   Thumb Code     0  startup_stm32g474xx.o(.text)
    USART3_IRQHandler                        0x08000207   Thumb Code     0  startup_stm32g474xx.o(.text)
    USBWakeUp_IRQHandler                     0x08000207   Thumb Code     0  startup_stm32g474xx.o(.text)
    USB_HP_IRQHandler                        0x08000207   Thumb Code     0  startup_stm32g474xx.o(.text)
    USB_LP_IRQHandler                        0x08000207   Thumb Code     0  startup_stm32g474xx.o(.text)
    WWDG_IRQHandler                          0x08000207   Thumb Code     0  startup_stm32g474xx.o(.text)
    __aeabi_uldivmod                         0x08000211   Thumb Code    98  uldiv.o(.text)
    __aeabi_memset                           0x08000273   Thumb Code    14  memseta.o(.text)
    __aeabi_memset4                          0x08000273   Thumb Code     0  memseta.o(.text)
    __aeabi_memset8                          0x08000273   Thumb Code     0  memseta.o(.text)
    __aeabi_memclr                           0x08000281   Thumb Code     4  memseta.o(.text)
    __aeabi_memclr4                          0x08000281   Thumb Code     0  memseta.o(.text)
    __aeabi_memclr8                          0x08000281   Thumb Code     0  memseta.o(.text)
    _memset$wrapper                          0x08000285   Thumb Code    18  memseta.o(.text)
    __aeabi_dadd                             0x08000297   Thumb Code   322  dadd.o(.text)
    __aeabi_dsub                             0x080003d9   Thumb Code     6  dadd.o(.text)
    __aeabi_drsub                            0x080003df   Thumb Code     6  dadd.o(.text)
    __aeabi_dmul                             0x080003e5   Thumb Code   228  dmul.o(.text)
    __aeabi_f2d                              0x080004c9   Thumb Code    38  f2d.o(.text)
    __aeabi_d2f                              0x080004ef   Thumb Code    56  d2f.o(.text)
    __aeabi_llsl                             0x08000527   Thumb Code    30  llshl.o(.text)
    _ll_shift_l                              0x08000527   Thumb Code     0  llshl.o(.text)
    __aeabi_llsr                             0x08000545   Thumb Code    32  llushr.o(.text)
    _ll_ushift_r                             0x08000545   Thumb Code     0  llushr.o(.text)
    __aeabi_lasr                             0x08000565   Thumb Code    36  llsshr.o(.text)
    _ll_sshift_r                             0x08000565   Thumb Code     0  llsshr.o(.text)
    __I$use$fp                               0x08000589   Thumb Code     0  iusefp.o(.text)
    _float_round                             0x08000589   Thumb Code    18  fepilogue.o(.text)
    _float_epilogue                          0x0800059b   Thumb Code    92  fepilogue.o(.text)
    _double_round                            0x080005f7   Thumb Code    30  depilogue.o(.text)
    _double_epilogue                         0x08000615   Thumb Code   156  depilogue.o(.text)
    __scatterload                            0x080006b1   Thumb Code    28  init.o(.text)
    __scatterload_rt2                        0x080006b1   Thumb Code     0  init.o(.text)
    ADC_DMAConvCplt                          0x080006d5   Thumb Code   100  stm32g4xx_hal_adc.o(.text.ADC_DMAConvCplt)
    ADC_DMAError                             0x08000739   Thumb Code    22  stm32g4xx_hal_adc.o(.text.ADC_DMAError)
    ADC_DMAHalfConvCplt                      0x0800074f   Thumb Code     6  stm32g4xx_hal_adc.o(.text.ADC_DMAHalfConvCplt)
    ADC_Disable                              0x08000755   Thumb Code   116  stm32g4xx_hal_adc.o(.text.ADC_Disable)
    ADC_Enable                               0x080007c5   Thumb Code   204  stm32g4xx_hal_adc.o(.text.ADC_Enable)
    BusFault_Handler                         0x0800088d   Thumb Code     2  stm32g4xx_it.o(.text.BusFault_Handler)
    DMA1_Channel1_IRQHandler                 0x08000891   Thumb Code    12  stm32g4xx_it.o(.text.DMA1_Channel1_IRQHandler)
    DebugMon_Handler                         0x0800094f   Thumb Code     2  stm32g4xx_it.o(.text.DebugMon_Handler)
    Error_Handler                            0x08000951   Thumb Code     8  main.o(.text.Error_Handler)
    HAL_ADCEx_Calibration_Start              0x08000959   Thumb Code   140  stm32g4xx_hal_adc_ex.o(.text.HAL_ADCEx_Calibration_Start)
    HAL_ADCEx_MultiModeConfigChannel         0x080009e5   Thumb Code   268  stm32g4xx_hal_adc_ex.o(.text.HAL_ADCEx_MultiModeConfigChannel)
    HAL_ADC_ConfigChannel                    0x08000af1   Thumb Code   864  stm32g4xx_hal_adc.o(.text.HAL_ADC_ConfigChannel)
    HAL_ADC_ConvCpltCallback                 0x08000e49   Thumb Code     2  stm32g4xx_hal_adc.o(.text.HAL_ADC_ConvCpltCallback)
    HAL_ADC_ConvHalfCpltCallback             0x08000e4b   Thumb Code     2  stm32g4xx_hal_adc.o(.text.HAL_ADC_ConvHalfCpltCallback)
    HAL_ADC_ErrorCallback                    0x08000e4d   Thumb Code     2  stm32g4xx_hal_adc.o(.text.HAL_ADC_ErrorCallback)
    HAL_ADC_Init                             0x08000e51   Thumb Code   524  stm32g4xx_hal_adc.o(.text.HAL_ADC_Init)
    HAL_ADC_MspInit                          0x0800105d   Thumb Code   188  adc.o(.text.HAL_ADC_MspInit)
    HAL_ADC_Start_DMA                        0x08001119   Thumb Code   288  stm32g4xx_hal_adc.o(.text.HAL_ADC_Start_DMA)
    HAL_DMA_Abort                            0x08001239   Thumb Code   102  stm32g4xx_hal_dma.o(.text.HAL_DMA_Abort)
    HAL_DMA_Abort_IT                         0x0800129f   Thumb Code   122  stm32g4xx_hal_dma.o(.text.HAL_DMA_Abort_IT)
    HAL_DMA_IRQHandler                       0x08001319   Thumb Code   170  stm32g4xx_hal_dma.o(.text.HAL_DMA_IRQHandler)
    HAL_DMA_Init                             0x080013c5   Thumb Code   192  stm32g4xx_hal_dma.o(.text.HAL_DMA_Init)
    HAL_DMA_Start_IT                         0x08001485   Thumb Code   140  stm32g4xx_hal_dma.o(.text.HAL_DMA_Start_IT)
    HAL_Delay                                0x08001511   Thumb Code    36  stm32g4xx_hal.o(.text.HAL_Delay)
    HAL_GPIO_Init                            0x08001531   Thumb Code   412  stm32g4xx_hal_gpio.o(.text.HAL_GPIO_Init)
    HAL_GPIO_TogglePin                       0x080016cd   Thumb Code    16  stm32g4xx_hal_gpio.o(.text.HAL_GPIO_TogglePin)
    HAL_GPIO_WritePin                        0x080016dd   Thumb Code    12  stm32g4xx_hal_gpio.o(.text.HAL_GPIO_WritePin)
    HAL_GetTick                              0x080016e9   Thumb Code    12  stm32g4xx_hal.o(.text.HAL_GetTick)
    HAL_HRTIM_ADCPostScalerConfig            0x080016f5   Thumb Code   246  stm32g4xx_hal_hrtim.o(.text.HAL_HRTIM_ADCPostScalerConfig)
    HAL_HRTIM_ADCTriggerConfig               0x080017ed   Thumb Code   444  stm32g4xx_hal_hrtim.o(.text.HAL_HRTIM_ADCTriggerConfig)
    HAL_HRTIM_BurstModePeriodCallback        0x080019a9   Thumb Code     2  stm32g4xx_hal_hrtim.o(.text.HAL_HRTIM_BurstModePeriodCallback)
    HAL_HRTIM_Capture1EventCallback          0x080019ab   Thumb Code     2  stm32g4xx_hal_hrtim.o(.text.HAL_HRTIM_Capture1EventCallback)
    HAL_HRTIM_Capture2EventCallback          0x080019ad   Thumb Code     2  stm32g4xx_hal_hrtim.o(.text.HAL_HRTIM_Capture2EventCallback)
    HAL_HRTIM_Compare1EventCallback          0x080019af   Thumb Code     2  stm32g4xx_hal_hrtim.o(.text.HAL_HRTIM_Compare1EventCallback)
    HAL_HRTIM_Compare2EventCallback          0x080019b1   Thumb Code     2  stm32g4xx_hal_hrtim.o(.text.HAL_HRTIM_Compare2EventCallback)
    HAL_HRTIM_Compare3EventCallback          0x080019b3   Thumb Code     2  stm32g4xx_hal_hrtim.o(.text.HAL_HRTIM_Compare3EventCallback)
    HAL_HRTIM_Compare4EventCallback          0x080019b5   Thumb Code     2  stm32g4xx_hal_hrtim.o(.text.HAL_HRTIM_Compare4EventCallback)
    HAL_HRTIM_CounterResetCallback           0x080019b7   Thumb Code     2  stm32g4xx_hal_hrtim.o(.text.HAL_HRTIM_CounterResetCallback)
    HAL_HRTIM_DLLCalibrationReadyCallback    0x080019b9   Thumb Code     2  stm32g4xx_hal_hrtim.o(.text.HAL_HRTIM_DLLCalibrationReadyCallback)
    HAL_HRTIM_DLLCalibrationStart            0x080019bb   Thumb Code    82  stm32g4xx_hal_hrtim.o(.text.HAL_HRTIM_DLLCalibrationStart)
    HAL_HRTIM_DelayedProtectionCallback      0x08001a0d   Thumb Code     2  stm32g4xx_hal_hrtim.o(.text.HAL_HRTIM_DelayedProtectionCallback)
    HAL_HRTIM_Fault1Callback                 0x08001a0f   Thumb Code     2  stm32g4xx_hal_hrtim.o(.text.HAL_HRTIM_Fault1Callback)
    HAL_HRTIM_Fault2Callback                 0x08001a11   Thumb Code     2  stm32g4xx_hal_hrtim.o(.text.HAL_HRTIM_Fault2Callback)
    HAL_HRTIM_Fault3Callback                 0x08001a13   Thumb Code     2  stm32g4xx_hal_hrtim.o(.text.HAL_HRTIM_Fault3Callback)
    HAL_HRTIM_Fault4Callback                 0x08001a15   Thumb Code     2  stm32g4xx_hal_hrtim.o(.text.HAL_HRTIM_Fault4Callback)
    HAL_HRTIM_Fault5Callback                 0x08001a17   Thumb Code     2  stm32g4xx_hal_hrtim.o(.text.HAL_HRTIM_Fault5Callback)
    HAL_HRTIM_Fault6Callback                 0x08001a19   Thumb Code     2  stm32g4xx_hal_hrtim.o(.text.HAL_HRTIM_Fault6Callback)
    HAL_HRTIM_IRQHandler                     0x08001a1b   Thumb Code   736  stm32g4xx_hal_hrtim.o(.text.HAL_HRTIM_IRQHandler)
    HAL_HRTIM_Init                           0x08001cfd   Thumb Code   160  stm32g4xx_hal_hrtim.o(.text.HAL_HRTIM_Init)
    HAL_HRTIM_MspInit                        0x08001d95   Thumb Code    60  hrtim.o(.text.HAL_HRTIM_MspInit)
    HAL_HRTIM_Output1ResetCallback           0x08001dd1   Thumb Code     2  stm32g4xx_hal_hrtim.o(.text.HAL_HRTIM_Output1ResetCallback)
    HAL_HRTIM_Output1SetCallback             0x08001dd3   Thumb Code     2  stm32g4xx_hal_hrtim.o(.text.HAL_HRTIM_Output1SetCallback)
    HAL_HRTIM_Output2ResetCallback           0x08001dd5   Thumb Code     2  stm32g4xx_hal_hrtim.o(.text.HAL_HRTIM_Output2ResetCallback)
    HAL_HRTIM_Output2SetCallback             0x08001dd7   Thumb Code     2  stm32g4xx_hal_hrtim.o(.text.HAL_HRTIM_Output2SetCallback)
    HAL_HRTIM_PollForDLLCalibration          0x08001dd9   Thumb Code    70  stm32g4xx_hal_hrtim.o(.text.HAL_HRTIM_PollForDLLCalibration)
    HAL_HRTIM_RegistersUpdateCallback        0x08001e1f   Thumb Code     2  stm32g4xx_hal_hrtim.o(.text.HAL_HRTIM_RegistersUpdateCallback)
    HAL_HRTIM_RepetitionEventCallback        0x08001e21   Thumb Code     2  stm32g4xx_hal_hrtim.o(.text.HAL_HRTIM_RepetitionEventCallback)
    HAL_HRTIM_SynchronizationEventCallback   0x08001e23   Thumb Code     2  stm32g4xx_hal_hrtim.o(.text.HAL_HRTIM_SynchronizationEventCallback)
    HAL_HRTIM_SystemFaultCallback            0x08001e25   Thumb Code     2  stm32g4xx_hal_hrtim.o(.text.HAL_HRTIM_SystemFaultCallback)
    HAL_HRTIM_TimeBaseConfig                 0x08001e27   Thumb Code   118  stm32g4xx_hal_hrtim.o(.text.HAL_HRTIM_TimeBaseConfig)
    HAL_HRTIM_WaveformCompareConfig          0x08001e9d   Thumb Code   308  stm32g4xx_hal_hrtim.o(.text.HAL_HRTIM_WaveformCompareConfig)
    HAL_HRTIM_WaveformCountStart             0x08001fd1   Thumb Code    38  stm32g4xx_hal_hrtim.o(.text.HAL_HRTIM_WaveformCountStart)
    HAL_HRTIM_WaveformTimerConfig            0x08001ff9   Thumb Code   644  stm32g4xx_hal_hrtim.o(.text.HAL_HRTIM_WaveformTimerConfig)
    HAL_I2CEx_ConfigAnalogFilter             0x0800227d   Thumb Code    74  stm32g4xx_hal_i2c_ex.o(.text.HAL_I2CEx_ConfigAnalogFilter)
    HAL_I2CEx_ConfigDigitalFilter            0x080022c7   Thumb Code    72  stm32g4xx_hal_i2c_ex.o(.text.HAL_I2CEx_ConfigDigitalFilter)
    HAL_I2C_Init                             0x08002311   Thumb Code   180  stm32g4xx_hal_i2c.o(.text.HAL_I2C_Init)
    HAL_I2C_Master_Transmit                  0x080023c5   Thumb Code   364  stm32g4xx_hal_i2c.o(.text.HAL_I2C_Master_Transmit)
    HAL_I2C_MspInit                          0x08002531   Thumb Code   132  i2c.o(.text.HAL_I2C_MspInit)
    HAL_IncTick                              0x080025b5   Thumb Code    16  stm32g4xx_hal.o(.text.HAL_IncTick)
    HAL_Init                                 0x080025c1   Thumb Code    28  stm32g4xx_hal.o(.text.HAL_Init)
    HAL_InitTick                             0x080025dd   Thumb Code    72  stm32g4xx_hal.o(.text.HAL_InitTick)
    HAL_MspInit                              0x08002621   Thumb Code    52  stm32g4xx_hal_msp.o(.text.HAL_MspInit)
    HAL_NVIC_EnableIRQ                       0x08002655   Thumb Code    28  stm32g4xx_hal_cortex.o(.text.HAL_NVIC_EnableIRQ)
    HAL_NVIC_SetPriority                     0x08002671   Thumb Code    72  stm32g4xx_hal_cortex.o(.text.HAL_NVIC_SetPriority)
    HAL_NVIC_SetPriorityGrouping             0x080026b5   Thumb Code    32  stm32g4xx_hal_cortex.o(.text.HAL_NVIC_SetPriorityGrouping)
    HAL_PWREx_ControlVoltageScaling          0x080026d5   Thumb Code   180  stm32g4xx_hal_pwr_ex.o(.text.HAL_PWREx_ControlVoltageScaling)
    HAL_PWREx_DisableUCPDDeadBattery         0x08002785   Thumb Code    16  stm32g4xx_hal_pwr_ex.o(.text.HAL_PWREx_DisableUCPDDeadBattery)
    HAL_RCCEx_PeriphCLKConfig                0x08002795   Thumb Code   672  stm32g4xx_hal_rcc_ex.o(.text.HAL_RCCEx_PeriphCLKConfig)
    HAL_RCC_ClockConfig                      0x08002a35   Thumb Code   508  stm32g4xx_hal_rcc.o(.text.HAL_RCC_ClockConfig)
    HAL_RCC_GetPCLK1Freq                     0x08002c29   Thumb Code    36  stm32g4xx_hal_rcc.o(.text.HAL_RCC_GetPCLK1Freq)
    HAL_RCC_GetPCLK2Freq                     0x08002c41   Thumb Code    36  stm32g4xx_hal_rcc.o(.text.HAL_RCC_GetPCLK2Freq)
    HAL_RCC_GetSysClockFreq                  0x08002c61   Thumb Code   108  stm32g4xx_hal_rcc.o(.text.HAL_RCC_GetSysClockFreq)
    HAL_RCC_OscConfig                        0x08002ccd   Thumb Code  1180  stm32g4xx_hal_rcc.o(.text.HAL_RCC_OscConfig)
    HAL_SYSTICK_Config                       0x08003169   Thumb Code    40  stm32g4xx_hal_cortex.o(.text.HAL_SYSTICK_Config)
    HAL_TIMEx_Break2Callback                 0x08003191   Thumb Code     2  stm32g4xx_hal_tim_ex.o(.text.HAL_TIMEx_Break2Callback)
    HAL_TIMEx_BreakCallback                  0x08003193   Thumb Code     2  stm32g4xx_hal_tim_ex.o(.text.HAL_TIMEx_BreakCallback)
    HAL_TIMEx_CommutCallback                 0x08003195   Thumb Code     2  stm32g4xx_hal_tim_ex.o(.text.HAL_TIMEx_CommutCallback)
    HAL_TIMEx_DirectionChangeCallback        0x08003197   Thumb Code     2  stm32g4xx_hal_tim_ex.o(.text.HAL_TIMEx_DirectionChangeCallback)
    HAL_TIMEx_EncoderIndexCallback           0x08003199   Thumb Code     2  stm32g4xx_hal_tim_ex.o(.text.HAL_TIMEx_EncoderIndexCallback)
    HAL_TIMEx_IndexErrorCallback             0x0800319b   Thumb Code     2  stm32g4xx_hal_tim_ex.o(.text.HAL_TIMEx_IndexErrorCallback)
    HAL_TIMEx_MasterConfigSynchronization    0x0800319d   Thumb Code   176  stm32g4xx_hal_tim_ex.o(.text.HAL_TIMEx_MasterConfigSynchronization)
    HAL_TIMEx_TransitionErrorCallback        0x08003231   Thumb Code     2  stm32g4xx_hal_tim_ex.o(.text.HAL_TIMEx_TransitionErrorCallback)
    HAL_TIM_Base_Init                        0x08003233   Thumb Code    96  stm32g4xx_hal_tim.o(.text.HAL_TIM_Base_Init)
    HAL_TIM_Base_MspInit                     0x08003295   Thumb Code    56  tim.o(.text.HAL_TIM_Base_MspInit)
    HAL_TIM_Base_Start_IT                    0x080032cd   Thumb Code   140  stm32g4xx_hal_tim.o(.text.HAL_TIM_Base_Start_IT)
    HAL_TIM_ConfigClockSource                0x08003359   Thumb Code   328  stm32g4xx_hal_tim.o(.text.HAL_TIM_ConfigClockSource)
    HAL_TIM_IC_CaptureCallback               0x080034a1   Thumb Code     2  stm32g4xx_hal_tim.o(.text.HAL_TIM_IC_CaptureCallback)
    HAL_TIM_IRQHandler                       0x080034a5   Thumb Code   400  stm32g4xx_hal_tim.o(.text.HAL_TIM_IRQHandler)
    HAL_TIM_OC_DelayElapsedCallback          0x08003635   Thumb Code     2  stm32g4xx_hal_tim.o(.text.HAL_TIM_OC_DelayElapsedCallback)
    HAL_TIM_PWM_PulseFinishedCallback        0x08003637   Thumb Code     2  stm32g4xx_hal_tim.o(.text.HAL_TIM_PWM_PulseFinishedCallback)
    HAL_TIM_PeriodElapsedCallback            0x08003639   Thumb Code    40  main.o(.text.HAL_TIM_PeriodElapsedCallback)
    HAL_TIM_TriggerCallback                  0x08003661   Thumb Code     2  stm32g4xx_hal_tim.o(.text.HAL_TIM_TriggerCallback)
    HAL_UARTEx_DisableFifoMode               0x08003663   Thumb Code    54  stm32g4xx_hal_uart_ex.o(.text.HAL_UARTEx_DisableFifoMode)
    HAL_UARTEx_RxEventCallback               0x08003699   Thumb Code     2  stm32g4xx_hal_uart.o(.text.HAL_UARTEx_RxEventCallback)
    HAL_UARTEx_RxFifoFullCallback            0x0800369b   Thumb Code     2  stm32g4xx_hal_uart_ex.o(.text.HAL_UARTEx_RxFifoFullCallback)
    HAL_UARTEx_SetRxFifoThreshold            0x0800369d   Thumb Code    76  stm32g4xx_hal_uart_ex.o(.text.HAL_UARTEx_SetRxFifoThreshold)
    HAL_UARTEx_SetTxFifoThreshold            0x080036e9   Thumb Code    76  stm32g4xx_hal_uart_ex.o(.text.HAL_UARTEx_SetTxFifoThreshold)
    HAL_UARTEx_TxFifoEmptyCallback           0x08003735   Thumb Code     2  stm32g4xx_hal_uart_ex.o(.text.HAL_UARTEx_TxFifoEmptyCallback)
    HAL_UARTEx_WakeupCallback                0x08003737   Thumb Code     2  stm32g4xx_hal_uart_ex.o(.text.HAL_UARTEx_WakeupCallback)
    HAL_UART_ErrorCallback                   0x08003739   Thumb Code     2  stm32g4xx_hal_uart.o(.text.HAL_UART_ErrorCallback)
    HAL_UART_IRQHandler                      0x0800373d   Thumb Code   804  stm32g4xx_hal_uart.o(.text.HAL_UART_IRQHandler)
    HAL_UART_Init                            0x08003a61   Thumb Code   100  stm32g4xx_hal_uart.o(.text.HAL_UART_Init)
    HAL_UART_MspInit                         0x08003ac5   Thumb Code   144  usart.o(.text.HAL_UART_MspInit)
    HAL_UART_Transmit                        0x08003b55   Thumb Code   196  stm32g4xx_hal_uart.o(.text.HAL_UART_Transmit)
    HAL_UART_TxCpltCallback                  0x08003c19   Thumb Code     2  stm32g4xx_hal_uart.o(.text.HAL_UART_TxCpltCallback)
    HRTIM1_Master_IRQHandler                 0x08003c1d   Thumb Code    12  stm32g4xx_it.o(.text.HRTIM1_Master_IRQHandler)
    HardFault_Handler                        0x08003c61   Thumb Code     2  stm32g4xx_it.o(.text.HardFault_Handler)
    MX_ADC1_Init                             0x08003f05   Thumb Code   192  adc.o(.text.MX_ADC1_Init)
    MX_DMA_Init                              0x08003fc5   Thumb Code    64  dma.o(.text.MX_DMA_Init)
    MX_GPIO_Init                             0x08004005   Thumb Code   132  gpio.o(.text.MX_GPIO_Init)
    MX_HRTIM1_Init                           0x08004089   Thumb Code   248  hrtim.o(.text.MX_HRTIM1_Init)
    MX_I2C2_Init                             0x08004181   Thumb Code   100  i2c.o(.text.MX_I2C2_Init)
    MX_TIM2_Init                             0x080041e5   Thumb Code   104  tim.o(.text.MX_TIM2_Init)
    MX_USART1_UART_Init                      0x0800424d   Thumb Code   104  usart.o(.text.MX_USART1_UART_Init)
    MemManage_Handler                        0x080042b1   Thumb Code     2  stm32g4xx_it.o(.text.MemManage_Handler)
    NMI_Handler                              0x080042b3   Thumb Code     2  stm32g4xx_it.o(.text.NMI_Handler)
    OLED_Clear                               0x080042b5   Thumb Code    36  oled.o(.text.OLED_Clear)
    OLED_ClearArea                           0x080042d5   Thumb Code   108  oled.o(.text.OLED_ClearArea)
    OLED_Init                                0x0800433d   Thumb Code   112  oled.o(.text.OLED_Init)
    OLED_SetCursor                           0x080043a9   Thumb Code    36  oled.o(.text.OLED_SetCursor)
    OLED_ShowChar                            0x080043cd   Thumb Code    68  oled.o(.text.OLED_ShowChar)
    OLED_ShowImage                           0x08004411   Thumb Code   188  oled.o(.text.OLED_ShowImage)
    OLED_ShowNum                             0x080044c9   Thumb Code    92  oled.o(.text.OLED_ShowNum)
    OLED_ShowString                          0x08004525   Thumb Code    44  oled.o(.text.OLED_ShowString)
    OLED_Update                              0x08004551   Thumb Code    40  oled.o(.text.OLED_Update)
    OLED_WriteCommand                        0x08004579   Thumb Code    36  oled.o(.text.OLED_WriteCommand)
    OLED_WriteData                           0x0800459d   Thumb Code    80  oled.o(.text.OLED_WriteData)
    PendSV_Handler                           0x080045ed   Thumb Code     2  stm32g4xx_it.o(.text.PendSV_Handler)
    SVC_Handler                              0x080045ef   Thumb Code     2  stm32g4xx_it.o(.text.SVC_Handler)
    Serial_SendPacket                        0x080045f1   Thumb Code    64  usart.o(.text.Serial_SendPacket)
    SysTick_Handler                          0x08004631   Thumb Code     4  stm32g4xx_it.o(.text.SysTick_Handler)
    SystemClock_Config                       0x08004635   Thumb Code   114  main.o(.text.SystemClock_Config)
    SystemInit                               0x080046a9   Thumb Code    16  system_stm32g4xx.o(.text.SystemInit)
    TIM2_IRQHandler                          0x080046b9   Thumb Code    12  stm32g4xx_it.o(.text.TIM2_IRQHandler)
    TIM_Base_SetConfig                       0x080046c5   Thumb Code   232  stm32g4xx_hal_tim.o(.text.TIM_Base_SetConfig)
    UART_AdvFeatureConfig                    0x08004849   Thumb Code   212  stm32g4xx_hal_uart.o(.text.UART_AdvFeatureConfig)
    UART_CheckIdleState                      0x0800491d   Thumb Code   188  stm32g4xx_hal_uart.o(.text.UART_CheckIdleState)
    UART_SetConfig                           0x08004a45   Thumb Code   592  stm32g4xx_hal_uart.o(.text.UART_SetConfig)
    UART_WaitOnFlagUntilTimeout              0x08004c95   Thumb Code   158  stm32g4xx_hal_uart.o(.text.UART_WaitOnFlagUntilTimeout)
    USART1_IRQHandler                        0x08004d35   Thumb Code    12  stm32g4xx_it.o(.text.USART1_IRQHandler)
    UsageFault_Handler                       0x08004d41   Thumb Code     2  stm32g4xx_it.o(.text.UsageFault_Handler)
    main                                     0x08004d69   Thumb Code  1208  main.o(.text.main)
    __scatterload_copy                       0x08005221   Thumb Code    14  handlers.o(i.__scatterload_copy)
    __scatterload_null                       0x0800522f   Thumb Code     2  handlers.o(i.__scatterload_null)
    __scatterload_zeroinit                   0x08005231   Thumb Code    14  handlers.o(i.__scatterload_zeroinit)
    AHBPrescTable                            0x0800523e   Data          16  system_stm32g4xx.o(.rodata.AHBPrescTable)
    APBPrescTable                            0x0800524e   Data           8  system_stm32g4xx.o(.rodata.APBPrescTable)
    OLED_F6x8                                0x08005256   Data         570  oled_data.o(.rodata.OLED_F6x8)
    OLED_F8x16                               0x08005490   Data        1520  oled_data.o(.rodata.OLED_F8x16)
    UARTPrescTable                           0x08005a80   Data          24  stm32g4xx_hal_uart.o(.rodata.UARTPrescTable)
    Region$$Table$$Base                      0x08005ac0   Number         0  anon$$obj.o(Region$$Table)
    Region$$Table$$Limit                     0x08005ae0   Number         0  anon$$obj.o(Region$$Table)
    head                                     0x20000000   Data           1  usart.o(.data..L_MergedGlobals)
    tail                                     0x20000001   Data           1  usart.o(.data..L_MergedGlobals)
    Serial_TxPacket                          0x20000002   Data           8  usart.o(.data..L_MergedGlobals)
    uwTickPrio                               0x2000000c   Data           4  stm32g4xx_hal.o(.data..L_MergedGlobals)
    uwTickFreq                               0x20000010   Data           4  stm32g4xx_hal.o(.data..L_MergedGlobals)
    uwTick                                   0x20000014   Data           4  stm32g4xx_hal.o(.data..L_MergedGlobals)
    SystemCoreClock                          0x20000018   Data           4  system_stm32g4xx.o(.data.SystemCoreClock)
    ADv_sum                                  0x20000020   Data           2  main.o(.bss..L_MergedGlobals)
    ADc_sum                                  0x20000022   Data           2  main.o(.bss..L_MergedGlobals)
    ADv_avg                                  0x20000024   Data           2  main.o(.bss..L_MergedGlobals)
    ADc_avg                                  0x20000026   Data           2  main.o(.bss..L_MergedGlobals)
    AD0                                      0x20000028   Data           2  main.o(.bss..L_MergedGlobals)
    AD1                                      0x2000002a   Data           2  main.o(.bss..L_MergedGlobals)
    temp_v                                   0x2000002c   Data           2  main.o(.bss..L_MergedGlobals)
    temp_c                                   0x2000002e   Data           2  main.o(.bss..L_MergedGlobals)
    samp_flag                                0x20000030   Data           4  main.o(.bss..L_MergedGlobals)
    i                                        0x20000034   Data           4  main.o(.bss..L_MergedGlobals)
    j                                        0x20000038   Data           4  main.o(.bss..L_MergedGlobals)
    k                                        0x2000003c   Data           4  main.o(.bss..L_MergedGlobals)
    ADC_DMAresulet                           0x20000040   Data           4  main.o(.bss..L_MergedGlobals)
    vol_s                                    0x20000044   Data           4  main.o(.bss..L_MergedGlobals)
    cur_s                                    0x20000048   Data           4  main.o(.bss..L_MergedGlobals)
    voltage                                  0x2000004c   Data           4  main.o(.bss..L_MergedGlobals)
    current                                  0x20000050   Data           4  main.o(.bss..L_MergedGlobals)
    AD_v                                     0x20000054   Data          62  main.o(.bss..L_MergedGlobals)
    AD_c                                     0x200000a0   Data          62  main.o(.bss..L_MergedGlobals.12)
    OLED_DisplayBuf                          0x200000de   Data        1024  oled.o(.bss.OLED_DisplayBuf)
    hadc1                                    0x200004e0   Data         108  adc.o(.bss.hadc1)
    hdma_adc1                                0x2000054c   Data          96  adc.o(.bss.hdma_adc1)
    hhrtim1                                  0x200005ac   Data         252  hrtim.o(.bss.hhrtim1)
    hi2c2                                    0x200006a8   Data          84  i2c.o(.bss.hi2c2)
    htim2                                    0x200006fc   Data          76  tim.o(.bss.htim2)
    huart1                                   0x20000748   Data         148  usart.o(.bss.huart1)
    __initial_sp                             0x20000be0   Data           0  startup_stm32g474xx.o(STACK)



==============================================================================

Memory Map of the image

  Image Entry point : 0x080001d9

  Load Region LR_IROM1 (Base: 0x08000000, Size: 0x00005b00, Max: 0x00080000, ABSOLUTE)

    Execution Region ER_IROM1 (Exec base: 0x08000000, Load base: 0x08000000, Size: 0x00005ae0, Max: 0x00080000, ABSOLUTE)

    Exec Addr    Load Addr    Size         Type   Attr      Idx    E Section Name        Object

    0x08000000   0x08000000   0x000001d8   Data   RO            3    RESET               startup_stm32g474xx.o
    0x080001d8   0x080001d8   0x00000000   Code   RO         2111  * .ARM.Collect$$$$00000000  mc_w.l(entry.o)
    0x080001d8   0x080001d8   0x00000004   Code   RO         2205    .ARM.Collect$$$$00000001  mc_w.l(entry2.o)
    0x080001dc   0x080001dc   0x00000004   Code   RO         2208    .ARM.Collect$$$$00000004  mc_w.l(entry5.o)
    0x080001e0   0x080001e0   0x00000000   Code   RO         2210    .ARM.Collect$$$$00000008  mc_w.l(entry7b.o)
    0x080001e0   0x080001e0   0x00000000   Code   RO         2212    .ARM.Collect$$$$0000000A  mc_w.l(entry8b.o)
    0x080001e0   0x080001e0   0x00000008   Code   RO         2213    .ARM.Collect$$$$0000000B  mc_w.l(entry9a.o)
    0x080001e8   0x080001e8   0x00000000   Code   RO         2215    .ARM.Collect$$$$0000000D  mc_w.l(entry10a.o)
    0x080001e8   0x080001e8   0x00000000   Code   RO         2217    .ARM.Collect$$$$0000000F  mc_w.l(entry11a.o)
    0x080001e8   0x080001e8   0x00000004   Code   RO         2206    .ARM.Collect$$$$00002712  mc_w.l(entry2.o)
    0x080001ec   0x080001ec   0x00000024   Code   RO            4    .text               startup_stm32g474xx.o
    0x08000210   0x08000210   0x00000062   Code   RO         2114    .text               mc_w.l(uldiv.o)
    0x08000272   0x08000272   0x00000024   Code   RO         2116    .text               mc_w.l(memseta.o)
    0x08000296   0x08000296   0x0000014e   Code   RO         2148    .text               mf_w.l(dadd.o)
    0x080003e4   0x080003e4   0x000000e4   Code   RO         2150    .text               mf_w.l(dmul.o)
    0x080004c8   0x080004c8   0x00000026   Code   RO         2166    .text               mf_w.l(f2d.o)
    0x080004ee   0x080004ee   0x00000038   Code   RO         2168    .text               mf_w.l(d2f.o)
    0x08000526   0x08000526   0x0000001e   Code   RO         2226    .text               mc_w.l(llshl.o)
    0x08000544   0x08000544   0x00000020   Code   RO         2228    .text               mc_w.l(llushr.o)
    0x08000564   0x08000564   0x00000024   Code   RO         2230    .text               mc_w.l(llsshr.o)
    0x08000588   0x08000588   0x00000000   Code   RO         2239    .text               mc_w.l(iusefp.o)
    0x08000588   0x08000588   0x0000006e   Code   RO         2240    .text               mf_w.l(fepilogue.o)
    0x080005f6   0x080005f6   0x000000ba   Code   RO         2242    .text               mf_w.l(depilogue.o)
    0x080006b0   0x080006b0   0x00000024   Code   RO         2258    .text               mc_w.l(init.o)
    0x080006d4   0x080006d4   0x00000064   Code   RO          241    .text.ADC_DMAConvCplt  stm32g4xx_hal_adc.o
    0x08000738   0x08000738   0x00000016   Code   RO          245    .text.ADC_DMAError  stm32g4xx_hal_adc.o
    0x0800074e   0x0800074e   0x00000006   Code   RO          243    .text.ADC_DMAHalfConvCplt  stm32g4xx_hal_adc.o
    0x08000754   0x08000754   0x00000070   Code   RO          221    .text.ADC_Disable   stm32g4xx_hal_adc.o
    0x080007c4   0x080007c4   0x000000c8   Code   RO          227    .text.ADC_Enable    stm32g4xx_hal_adc.o
    0x0800088c   0x0800088c   0x00000002   Code   RO          170    .text.BusFault_Handler  stm32g4xx_it.o
    0x0800088e   0x0800088e   0x00000002   PAD
    0x08000890   0x08000890   0x0000000c   Code   RO          182    .text.DMA1_Channel1_IRQHandler  stm32g4xx_it.o
    0x0800089c   0x0800089c   0x00000048   Code   RO          678    .text.DMA_CalcDMAMUXChannelBaseAndMask  stm32g4xx_hal_dma.o
    0x080008e4   0x080008e4   0x00000024   Code   RO          680    .text.DMA_CalcDMAMUXRequestGenBaseAndMask  stm32g4xx_hal_dma.o
    0x08000908   0x08000908   0x00000046   Code   RO          686    .text.DMA_SetConfig  stm32g4xx_hal_dma.o
    0x0800094e   0x0800094e   0x00000002   Code   RO          176    .text.DebugMon_Handler  stm32g4xx_it.o
    0x08000950   0x08000950   0x00000008   Code   RO           15    .text.Error_Handler  main.o
    0x08000958   0x08000958   0x0000008c   Code   RO          288    .text.HAL_ADCEx_Calibration_Start  stm32g4xx_hal_adc_ex.o
    0x080009e4   0x080009e4   0x0000010c   Code   RO          334    .text.HAL_ADCEx_MultiModeConfigChannel  stm32g4xx_hal_adc_ex.o
    0x08000af0   0x08000af0   0x00000358   Code   RO          265    .text.HAL_ADC_ConfigChannel  stm32g4xx_hal_adc.o
    0x08000e48   0x08000e48   0x00000002   Code   RO          257    .text.HAL_ADC_ConvCpltCallback  stm32g4xx_hal_adc.o
    0x08000e4a   0x08000e4a   0x00000002   Code   RO          263    .text.HAL_ADC_ConvHalfCpltCallback  stm32g4xx_hal_adc.o
    0x08000e4c   0x08000e4c   0x00000002   Code   RO          261    .text.HAL_ADC_ErrorCallback  stm32g4xx_hal_adc.o
    0x08000e4e   0x08000e4e   0x00000002   PAD
    0x08000e50   0x08000e50   0x0000020c   Code   RO          213    .text.HAL_ADC_Init  stm32g4xx_hal_adc.o
    0x0800105c   0x0800105c   0x000000bc   Code   RO           59    .text.HAL_ADC_MspInit  adc.o
    0x08001118   0x08001118   0x00000120   Code   RO          239    .text.HAL_ADC_Start_DMA  stm32g4xx_hal_adc.o
    0x08001238   0x08001238   0x00000066   Code   RO          690    .text.HAL_DMA_Abort  stm32g4xx_hal_dma.o
    0x0800129e   0x0800129e   0x0000007a   Code   RO          692    .text.HAL_DMA_Abort_IT  stm32g4xx_hal_dma.o
    0x08001318   0x08001318   0x000000aa   Code   RO          696    .text.HAL_DMA_IRQHandler  stm32g4xx_hal_dma.o
    0x080013c2   0x080013c2   0x00000002   PAD
    0x080013c4   0x080013c4   0x000000c0   Code   RO          676    .text.HAL_DMA_Init  stm32g4xx_hal_dma.o
    0x08001484   0x08001484   0x0000008c   Code   RO          688    .text.HAL_DMA_Start_IT  stm32g4xx_hal_dma.o
    0x08001510   0x08001510   0x00000020   Code   RO          376    .text.HAL_Delay     stm32g4xx_hal.o
    0x08001530   0x08001530   0x0000019c   Code   RO          620    .text.HAL_GPIO_Init  stm32g4xx_hal_gpio.o
    0x080016cc   0x080016cc   0x00000010   Code   RO          628    .text.HAL_GPIO_TogglePin  stm32g4xx_hal_gpio.o
    0x080016dc   0x080016dc   0x0000000c   Code   RO          626    .text.HAL_GPIO_WritePin  stm32g4xx_hal_gpio.o
    0x080016e8   0x080016e8   0x0000000c   Code   RO          368    .text.HAL_GetTick   stm32g4xx_hal.o
    0x080016f4   0x080016f4   0x000000f6   Code   RO         1033    .text.HAL_HRTIM_ADCPostScalerConfig  stm32g4xx_hal_hrtim.o
    0x080017ea   0x080017ea   0x00000002   PAD
    0x080017ec   0x080017ec   0x000001bc   Code   RO         1031    .text.HAL_HRTIM_ADCTriggerConfig  stm32g4xx_hal_hrtim.o
    0x080019a8   0x080019a8   0x00000002   Code   RO         1147    .text.HAL_HRTIM_BurstModePeriodCallback  stm32g4xx_hal_hrtim.o
    0x080019aa   0x080019aa   0x00000002   Code   RO         1163    .text.HAL_HRTIM_Capture1EventCallback  stm32g4xx_hal_hrtim.o
    0x080019ac   0x080019ac   0x00000002   Code   RO         1165    .text.HAL_HRTIM_Capture2EventCallback  stm32g4xx_hal_hrtim.o
    0x080019ae   0x080019ae   0x00000002   Code   RO         1155    .text.HAL_HRTIM_Compare1EventCallback  stm32g4xx_hal_hrtim.o
    0x080019b0   0x080019b0   0x00000002   Code   RO         1157    .text.HAL_HRTIM_Compare2EventCallback  stm32g4xx_hal_hrtim.o
    0x080019b2   0x080019b2   0x00000002   Code   RO         1159    .text.HAL_HRTIM_Compare3EventCallback  stm32g4xx_hal_hrtim.o
    0x080019b4   0x080019b4   0x00000002   Code   RO         1161    .text.HAL_HRTIM_Compare4EventCallback  stm32g4xx_hal_hrtim.o
    0x080019b6   0x080019b6   0x00000002   Code   RO         1169    .text.HAL_HRTIM_CounterResetCallback  stm32g4xx_hal_hrtim.o
    0x080019b8   0x080019b8   0x00000002   Code   RO         1145    .text.HAL_HRTIM_DLLCalibrationReadyCallback  stm32g4xx_hal_hrtim.o
    0x080019ba   0x080019ba   0x00000052   Code   RO          925    .text.HAL_HRTIM_DLLCalibrationStart  stm32g4xx_hal_hrtim.o
    0x08001a0c   0x08001a0c   0x00000002   Code   RO         1167    .text.HAL_HRTIM_DelayedProtectionCallback  stm32g4xx_hal_hrtim.o
    0x08001a0e   0x08001a0e   0x00000002   Code   RO         1131    .text.HAL_HRTIM_Fault1Callback  stm32g4xx_hal_hrtim.o
    0x08001a10   0x08001a10   0x00000002   Code   RO         1133    .text.HAL_HRTIM_Fault2Callback  stm32g4xx_hal_hrtim.o
    0x08001a12   0x08001a12   0x00000002   Code   RO         1135    .text.HAL_HRTIM_Fault3Callback  stm32g4xx_hal_hrtim.o
    0x08001a14   0x08001a14   0x00000002   Code   RO         1137    .text.HAL_HRTIM_Fault4Callback  stm32g4xx_hal_hrtim.o
    0x08001a16   0x08001a16   0x00000002   Code   RO         1139    .text.HAL_HRTIM_Fault5Callback  stm32g4xx_hal_hrtim.o
    0x08001a18   0x08001a18   0x00000002   Code   RO         1141    .text.HAL_HRTIM_Fault6Callback  stm32g4xx_hal_hrtim.o
    0x08001a1a   0x08001a1a   0x000002e0   Code   RO         1129    .text.HAL_HRTIM_IRQHandler  stm32g4xx_hal_hrtim.o
    0x08001cfa   0x08001cfa   0x00000002   PAD
    0x08001cfc   0x08001cfc   0x00000098   Code   RO          917    .text.HAL_HRTIM_Init  stm32g4xx_hal_hrtim.o
    0x08001d94   0x08001d94   0x0000003c   Code   RO           91    .text.HAL_HRTIM_MspInit  hrtim.o
    0x08001dd0   0x08001dd0   0x00000002   Code   RO         1173    .text.HAL_HRTIM_Output1ResetCallback  stm32g4xx_hal_hrtim.o
    0x08001dd2   0x08001dd2   0x00000002   Code   RO         1171    .text.HAL_HRTIM_Output1SetCallback  stm32g4xx_hal_hrtim.o
    0x08001dd4   0x08001dd4   0x00000002   Code   RO         1177    .text.HAL_HRTIM_Output2ResetCallback  stm32g4xx_hal_hrtim.o
    0x08001dd6   0x08001dd6   0x00000002   Code   RO         1175    .text.HAL_HRTIM_Output2SetCallback  stm32g4xx_hal_hrtim.o
    0x08001dd8   0x08001dd8   0x00000046   Code   RO          929    .text.HAL_HRTIM_PollForDLLCalibration  stm32g4xx_hal_hrtim.o
    0x08001e1e   0x08001e1e   0x00000002   Code   RO         1151    .text.HAL_HRTIM_RegistersUpdateCallback  stm32g4xx_hal_hrtim.o
    0x08001e20   0x08001e20   0x00000002   Code   RO         1153    .text.HAL_HRTIM_RepetitionEventCallback  stm32g4xx_hal_hrtim.o
    0x08001e22   0x08001e22   0x00000002   Code   RO         1149    .text.HAL_HRTIM_SynchronizationEventCallback  stm32g4xx_hal_hrtim.o
    0x08001e24   0x08001e24   0x00000002   Code   RO         1143    .text.HAL_HRTIM_SystemFaultCallback  stm32g4xx_hal_hrtim.o
    0x08001e26   0x08001e26   0x00000076   Code   RO          931    .text.HAL_HRTIM_TimeBaseConfig  stm32g4xx_hal_hrtim.o
    0x08001e9c   0x08001e9c   0x00000134   Code   RO         1061    .text.HAL_HRTIM_WaveformCompareConfig  stm32g4xx_hal_hrtim.o
    0x08001fd0   0x08001fd0   0x00000026   Code   RO         1073    .text.HAL_HRTIM_WaveformCountStart  stm32g4xx_hal_hrtim.o
    0x08001ff6   0x08001ff6   0x00000002   PAD
    0x08001ff8   0x08001ff8   0x00000284   Code   RO         1037    .text.HAL_HRTIM_WaveformTimerConfig  stm32g4xx_hal_hrtim.o
    0x0800227c   0x0800227c   0x0000004a   Code   RO         1366    .text.HAL_I2CEx_ConfigAnalogFilter  stm32g4xx_hal_i2c_ex.o
    0x080022c6   0x080022c6   0x00000048   Code   RO         1368    .text.HAL_I2CEx_ConfigDigitalFilter  stm32g4xx_hal_i2c_ex.o
    0x0800230e   0x0800230e   0x00000002   PAD
    0x08002310   0x08002310   0x000000b4   Code   RO         1197    .text.HAL_I2C_Init  stm32g4xx_hal_i2c.o
    0x080023c4   0x080023c4   0x0000016c   Code   RO         1205    .text.HAL_I2C_Master_Transmit  stm32g4xx_hal_i2c.o
    0x08002530   0x08002530   0x00000084   Code   RO          109    .text.HAL_I2C_MspInit  i2c.o
    0x080025b4   0x080025b4   0x0000000c   Code   RO          366    .text.HAL_IncTick   stm32g4xx_hal.o
    0x080025c0   0x080025c0   0x0000001c   Code   RO          356    .text.HAL_Init      stm32g4xx_hal.o
    0x080025dc   0x080025dc   0x00000044   Code   RO          358    .text.HAL_InitTick  stm32g4xx_hal.o
    0x08002620   0x08002620   0x00000034   Code   RO          200    .text.HAL_MspInit   stm32g4xx_hal_msp.o
    0x08002654   0x08002654   0x0000001c   Code   RO          872    .text.HAL_NVIC_EnableIRQ  stm32g4xx_hal_cortex.o
    0x08002670   0x08002670   0x00000044   Code   RO          868    .text.HAL_NVIC_SetPriority  stm32g4xx_hal_cortex.o
    0x080026b4   0x080026b4   0x00000020   Code   RO          866    .text.HAL_NVIC_SetPriorityGrouping  stm32g4xx_hal_cortex.o
    0x080026d4   0x080026d4   0x000000b0   Code   RO          783    .text.HAL_PWREx_ControlVoltageScaling  stm32g4xx_hal_pwr_ex.o
    0x08002784   0x08002784   0x00000010   Code   RO          853    .text.HAL_PWREx_DisableUCPDDeadBattery  stm32g4xx_hal_pwr_ex.o
    0x08002794   0x08002794   0x000002a0   Code   RO          485    .text.HAL_RCCEx_PeriphCLKConfig  stm32g4xx_hal_rcc_ex.o
    0x08002a34   0x08002a34   0x000001f4   Code   RO          448    .text.HAL_RCC_ClockConfig  stm32g4xx_hal_rcc.o
    0x08002c28   0x08002c28   0x00000018   Code   RO          456    .text.HAL_RCC_GetPCLK1Freq  stm32g4xx_hal_rcc.o
    0x08002c40   0x08002c40   0x00000020   Code   RO          458    .text.HAL_RCC_GetPCLK2Freq  stm32g4xx_hal_rcc.o
    0x08002c60   0x08002c60   0x0000006c   Code   RO          450    .text.HAL_RCC_GetSysClockFreq  stm32g4xx_hal_rcc.o
    0x08002ccc   0x08002ccc   0x0000049c   Code   RO          446    .text.HAL_RCC_OscConfig  stm32g4xx_hal_rcc.o
    0x08003168   0x08003168   0x00000028   Code   RO          880    .text.HAL_SYSTICK_Config  stm32g4xx_hal_cortex.o
    0x08003190   0x08003190   0x00000002   Code   RO         1761    .text.HAL_TIMEx_Break2Callback  stm32g4xx_hal_tim_ex.o
    0x08003192   0x08003192   0x00000002   Code   RO         1759    .text.HAL_TIMEx_BreakCallback  stm32g4xx_hal_tim_ex.o
    0x08003194   0x08003194   0x00000002   Code   RO         1755    .text.HAL_TIMEx_CommutCallback  stm32g4xx_hal_tim_ex.o
    0x08003196   0x08003196   0x00000002   Code   RO         1765    .text.HAL_TIMEx_DirectionChangeCallback  stm32g4xx_hal_tim_ex.o
    0x08003198   0x08003198   0x00000002   Code   RO         1763    .text.HAL_TIMEx_EncoderIndexCallback  stm32g4xx_hal_tim_ex.o
    0x0800319a   0x0800319a   0x00000002   Code   RO         1767    .text.HAL_TIMEx_IndexErrorCallback  stm32g4xx_hal_tim_ex.o
    0x0800319c   0x0800319c   0x00000094   Code   RO         1705    .text.HAL_TIMEx_MasterConfigSynchronization  stm32g4xx_hal_tim_ex.o
    0x08003230   0x08003230   0x00000002   Code   RO         1769    .text.HAL_TIMEx_TransitionErrorCallback  stm32g4xx_hal_tim_ex.o
    0x08003232   0x08003232   0x00000060   Code   RO         1389    .text.HAL_TIM_Base_Init  stm32g4xx_hal_tim.o
    0x08003292   0x08003292   0x00000002   PAD
    0x08003294   0x08003294   0x00000038   Code   RO          127    .text.HAL_TIM_Base_MspInit  tim.o
    0x080032cc   0x080032cc   0x0000008c   Code   RO         1403    .text.HAL_TIM_Base_Start_IT  stm32g4xx_hal_tim.o
    0x08003358   0x08003358   0x00000148   Code   RO         1581    .text.HAL_TIM_ConfigClockSource  stm32g4xx_hal_tim.o
    0x080034a0   0x080034a0   0x00000002   Code   RO         1525    .text.HAL_TIM_IC_CaptureCallback  stm32g4xx_hal_tim.o
    0x080034a2   0x080034a2   0x00000002   PAD
    0x080034a4   0x080034a4   0x00000190   Code   RO         1523    .text.HAL_TIM_IRQHandler  stm32g4xx_hal_tim.o
    0x08003634   0x08003634   0x00000002   Code   RO         1527    .text.HAL_TIM_OC_DelayElapsedCallback  stm32g4xx_hal_tim.o
    0x08003636   0x08003636   0x00000002   Code   RO         1529    .text.HAL_TIM_PWM_PulseFinishedCallback  stm32g4xx_hal_tim.o
    0x08003638   0x08003638   0x00000028   Code   RO           17    .text.HAL_TIM_PeriodElapsedCallback  main.o
    0x08003660   0x08003660   0x00000002   Code   RO         1533    .text.HAL_TIM_TriggerCallback  stm32g4xx_hal_tim.o
    0x08003662   0x08003662   0x00000036   Code   RO         1957    .text.HAL_UARTEx_DisableFifoMode  stm32g4xx_hal_uart_ex.o
    0x08003698   0x08003698   0x00000002   Code   RO         1881    .text.HAL_UARTEx_RxEventCallback  stm32g4xx_hal_uart.o
    0x0800369a   0x0800369a   0x00000002   Code   RO         1941    .text.HAL_UARTEx_RxFifoFullCallback  stm32g4xx_hal_uart_ex.o
    0x0800369c   0x0800369c   0x0000004c   Code   RO         1961    .text.HAL_UARTEx_SetRxFifoThreshold  stm32g4xx_hal_uart_ex.o
    0x080036e8   0x080036e8   0x0000004c   Code   RO         1959    .text.HAL_UARTEx_SetTxFifoThreshold  stm32g4xx_hal_uart_ex.o
    0x08003734   0x08003734   0x00000002   Code   RO         1943    .text.HAL_UARTEx_TxFifoEmptyCallback  stm32g4xx_hal_uart_ex.o
    0x08003736   0x08003736   0x00000002   Code   RO         1939    .text.HAL_UARTEx_WakeupCallback  stm32g4xx_hal_uart_ex.o
    0x08003738   0x08003738   0x00000002   Code   RO         1879    .text.HAL_UART_ErrorCallback  stm32g4xx_hal_uart.o
    0x0800373a   0x0800373a   0x00000002   PAD
    0x0800373c   0x0800373c   0x00000324   Code   RO         1875    .text.HAL_UART_IRQHandler  stm32g4xx_hal_uart.o
    0x08003a60   0x08003a60   0x00000064   Code   RO         1787    .text.HAL_UART_Init  stm32g4xx_hal_uart.o
    0x08003ac4   0x08003ac4   0x00000090   Code   RO          145    .text.HAL_UART_MspInit  usart.o
    0x08003b54   0x08003b54   0x000000c4   Code   RO         1807    .text.HAL_UART_Transmit  stm32g4xx_hal_uart.o
    0x08003c18   0x08003c18   0x00000002   Code   RO         1883    .text.HAL_UART_TxCpltCallback  stm32g4xx_hal_uart.o
    0x08003c1a   0x08003c1a   0x00000002   PAD
    0x08003c1c   0x08003c1c   0x0000000c   Code   RO          188    .text.HRTIM1_Master_IRQHandler  stm32g4xx_it.o
    0x08003c28   0x08003c28   0x00000038   Code   RO         1039    .text.HRTIM_ForceRegistersUpdate  stm32g4xx_hal_hrtim.o
    0x08003c60   0x08003c60   0x00000002   Code   RO          166    .text.HardFault_Handler  stm32g4xx_it.o
    0x08003c62   0x08003c62   0x00000020   Code   RO         1221    .text.I2C_Flush_TXDR  stm32g4xx_hal_i2c.o
    0x08003c82   0x08003c82   0x00000002   PAD
    0x08003c84   0x08003c84   0x00000100   Code   RO         1353    .text.I2C_IsErrorOccurred  stm32g4xx_hal_i2c.o
    0x08003d84   0x08003d84   0x00000034   Code   RO         1209    .text.I2C_TransferConfig  stm32g4xx_hal_i2c.o
    0x08003db8   0x08003db8   0x0000007c   Code   RO         1207    .text.I2C_WaitOnFlagUntilTimeout  stm32g4xx_hal_i2c.o
    0x08003e34   0x08003e34   0x00000054   Code   RO         1213    .text.I2C_WaitOnSTOPFlagUntilTimeout  stm32g4xx_hal_i2c.o
    0x08003e88   0x08003e88   0x0000005c   Code   RO         1211    .text.I2C_WaitOnTXISFlagUntilTimeout  stm32g4xx_hal_i2c.o
    0x08003ee4   0x08003ee4   0x00000020   Code   RO          267    .text.LL_ADC_SetChannelSamplingTime  stm32g4xx_hal_adc.o
    0x08003f04   0x08003f04   0x000000c0   Code   RO           57    .text.MX_ADC1_Init  adc.o
    0x08003fc4   0x08003fc4   0x00000040   Code   RO           76    .text.MX_DMA_Init   dma.o
    0x08004004   0x08004004   0x00000084   Code   RO           44    .text.MX_GPIO_Init  gpio.o
    0x08004088   0x08004088   0x000000f8   Code   RO           89    .text.MX_HRTIM1_Init  hrtim.o
    0x08004180   0x08004180   0x00000064   Code   RO          107    .text.MX_I2C2_Init  i2c.o
    0x080041e4   0x080041e4   0x00000068   Code   RO          125    .text.MX_TIM2_Init  tim.o
    0x0800424c   0x0800424c   0x00000064   Code   RO          143    .text.MX_USART1_UART_Init  usart.o
    0x080042b0   0x080042b0   0x00000002   Code   RO          168    .text.MemManage_Handler  stm32g4xx_it.o
    0x080042b2   0x080042b2   0x00000002   Code   RO          164    .text.NMI_Handler   stm32g4xx_it.o
    0x080042b4   0x080042b4   0x00000020   Code   RO         2015    .text.OLED_Clear    oled.o
    0x080042d4   0x080042d4   0x00000068   Code   RO         2029    .text.OLED_ClearArea  oled.o
    0x0800433c   0x0800433c   0x0000006c   Code   RO         2013    .text.OLED_Init     oled.o
    0x080043a8   0x080043a8   0x00000024   Code   RO         2019    .text.OLED_SetCursor  oled.o
    0x080043cc   0x080043cc   0x00000044   Code   RO         2035    .text.OLED_ShowChar  oled.o
    0x08004410   0x08004410   0x000000b8   Code   RO         2037    .text.OLED_ShowImage  oled.o
    0x080044c8   0x080044c8   0x0000005c   Code   RO         2041    .text.OLED_ShowNum  oled.o
    0x08004524   0x08004524   0x0000002c   Code   RO         2039    .text.OLED_ShowString  oled.o
    0x08004550   0x08004550   0x00000028   Code   RO         2017    .text.OLED_Update   oled.o
    0x08004578   0x08004578   0x00000024   Code   RO         2009    .text.OLED_WriteCommand  oled.o
    0x0800459c   0x0800459c   0x00000050   Code   RO         2011    .text.OLED_WriteData  oled.o
    0x080045ec   0x080045ec   0x00000002   Code   RO          178    .text.PendSV_Handler  stm32g4xx_it.o
    0x080045ee   0x080045ee   0x00000002   Code   RO          174    .text.SVC_Handler   stm32g4xx_it.o
    0x080045f0   0x080045f0   0x00000040   Code   RO          149    .text.Serial_SendPacket  usart.o
    0x08004630   0x08004630   0x00000004   Code   RO          180    .text.SysTick_Handler  stm32g4xx_it.o
    0x08004634   0x08004634   0x00000072   Code   RO           13    .text.SystemClock_Config  main.o
    0x080046a6   0x080046a6   0x00000002   PAD
    0x080046a8   0x080046a8   0x00000010   Code   RO         1983    .text.SystemInit    system_stm32g4xx.o
    0x080046b8   0x080046b8   0x0000000c   Code   RO          184    .text.TIM2_IRQHandler  stm32g4xx_it.o
    0x080046c4   0x080046c4   0x000000e8   Code   RO         1393    .text.TIM_Base_SetConfig  stm32g4xx_hal_tim.o
    0x080047ac   0x080047ac   0x00000022   Code   RO         1583    .text.TIM_TI1_ConfigInputStage  stm32g4xx_hal_tim.o
    0x080047ce   0x080047ce   0x00000024   Code   RO         1585    .text.TIM_TI2_ConfigInputStage  stm32g4xx_hal_tim.o
    0x080047f2   0x080047f2   0x00000002   PAD
    0x080047f4   0x080047f4   0x00000054   Code   RO         1955    .text.UARTEx_SetNbDataToProcess  stm32g4xx_hal_uart_ex.o
    0x08004848   0x08004848   0x000000d4   Code   RO         1791    .text.UART_AdvFeatureConfig  stm32g4xx_hal_uart.o
    0x0800491c   0x0800491c   0x000000bc   Code   RO         1795    .text.UART_CheckIdleState  stm32g4xx_hal_uart.o
    0x080049d8   0x080049d8   0x00000010   Code   RO         1877    .text.UART_DMAAbortOnError  stm32g4xx_hal_uart.o
    0x080049e8   0x080049e8   0x0000005c   Code   RO         1847    .text.UART_EndRxTransfer  stm32g4xx_hal_uart.o
    0x08004a44   0x08004a44   0x00000250   Code   RO         1793    .text.UART_SetConfig  stm32g4xx_hal_uart.o
    0x08004c94   0x08004c94   0x0000009e   Code   RO         1809    .text.UART_WaitOnFlagUntilTimeout  stm32g4xx_hal_uart.o
    0x08004d32   0x08004d32   0x00000002   PAD
    0x08004d34   0x08004d34   0x0000000c   Code   RO          186    .text.USART1_IRQHandler  stm32g4xx_it.o
    0x08004d40   0x08004d40   0x00000002   Code   RO          172    .text.UsageFault_Handler  stm32g4xx_it.o
    0x08004d42   0x08004d42   0x00000002   PAD
    0x08004d44   0x08004d44   0x00000024   Code   RO          870    .text.__NVIC_SetPriority  stm32g4xx_hal_cortex.o
    0x08004d68   0x08004d68   0x000004b8   Code   RO           11    .text.main          main.o
    0x08005220   0x08005220   0x0000000e   Code   RO         2264    i.__scatterload_copy  mc_w.l(handlers.o)
    0x0800522e   0x0800522e   0x00000002   Code   RO         2265    i.__scatterload_null  mc_w.l(handlers.o)
    0x08005230   0x08005230   0x0000000e   Code   RO         2266    i.__scatterload_zeroinit  mc_w.l(handlers.o)
    0x0800523e   0x0800523e   0x00000010   Data   RO         1988    .rodata.AHBPrescTable  system_stm32g4xx.o
    0x0800524e   0x0800524e   0x00000008   Data   RO         1989    .rodata.APBPrescTable  system_stm32g4xx.o
    0x08005256   0x08005256   0x0000023a   Data   RO         2084    .rodata.OLED_F6x8   oled_data.o
    0x08005490   0x08005490   0x000005f0   Data   RO         2083    .rodata.OLED_F8x16  oled_data.o
    0x08005a80   0x08005a80   0x00000018   Data   RO         1925    .rodata.UARTPrescTable  stm32g4xx_hal_uart.o
    0x08005a98   0x08005a98   0x00000010   Data   RO         1971    .rodata.cst8        stm32g4xx_hal_uart_ex.o
    0x08005aa8   0x08005aa8   0x00000017   Data   RO           20    .rodata.str1.1      main.o
    0x08005abf   0x08005abf   0x00000001   PAD
    0x08005ac0   0x08005ac0   0x00000020   Data   RO         2262    Region$$Table       anon$$obj.o


    Execution Region RW_IRAM1 (Exec base: 0x20000000, Load base: 0x08005ae0, Size: 0x00000be0, Max: 0x00020000, ABSOLUTE)

    Exec Addr    Load Addr    Size         Type   Attr      Idx    E Section Name        Object

    0x20000000   0x08005ae0   0x0000000a   Data   RW          152    .data..L_MergedGlobals  usart.o
    0x2000000a   0x08005aea   0x00000002   PAD
    0x2000000c   0x08005aec   0x0000000c   Data   RW          432    .data..L_MergedGlobals  stm32g4xx_hal.o
    0x20000018   0x08005af8   0x00000004   Data   RW         1987    .data.SystemCoreClock  system_stm32g4xx.o
    0x2000001c   0x08005afc   0x00000004   PAD
    0x20000020        -       0x00000074   Zero   RW           31    .bss..L_MergedGlobals  main.o
    0x20000094   0x08005afc   0x0000000c   PAD
    0x200000a0        -       0x0000003e   Zero   RW           32    .bss..L_MergedGlobals.12  main.o
    0x200000de        -       0x00000400   Zero   RW         2071    .bss.OLED_DisplayBuf  oled.o
    0x200004de   0x08005afc   0x00000002   PAD
    0x200004e0        -       0x0000006c   Zero   RW           63    .bss.hadc1          adc.o
    0x2000054c        -       0x00000060   Zero   RW           64    .bss.hdma_adc1      adc.o
    0x200005ac        -       0x000000fc   Zero   RW           95    .bss.hhrtim1        hrtim.o
    0x200006a8        -       0x00000054   Zero   RW          113    .bss.hi2c2          i2c.o
    0x200006fc        -       0x0000004c   Zero   RW          131    .bss.htim2          tim.o
    0x20000748        -       0x00000094   Zero   RW          151    .bss.huart1         usart.o
    0x200007dc   0x08005afc   0x00000004   PAD
    0x200007e0        -       0x00000400   Zero   RW            1    STACK               startup_stm32g474xx.o


==============================================================================

Image component sizes


      Code (inc. data)   RO Data    RW Data    ZI Data      Debug   Object Name

       380         24          0          0        204       8234   adc.o
        64          4          0          0          0       4054   dma.o
       132          8          0          0          0       2619   gpio.o
       308         16          0          0        252      10894   hrtim.o
       232         24          0          0         84       7472   i2c.o
      1370        280         23          0        178       8280   main.o
       824         24          0          0       1024      16865   oled.o
         0          0       2090          0          0        897   oled_data.o
        36          8        472          0       1024        808   startup_stm32g474xx.o
       152          8          0         12          0      10670   stm32g4xx_hal.o
      2146        108          0          0          0      26226   stm32g4xx_hal_adc.o
       408         20          0          0          0      23474   stm32g4xx_hal_adc_ex.o
       204         28          0          0          0      11329   stm32g4xx_hal_cortex.o
       904         16          0          0          0       8237   stm32g4xx_hal_dma.o
       440         24          0          0          0       5652   stm32g4xx_hal_gpio.o
      2942        104          0          0          0      61670   stm32g4xx_hal_hrtim.o
      1184         20          0          0          0      38231   stm32g4xx_hal_i2c.o
       146          0          0          0          0       7001   stm32g4xx_hal_i2c_ex.o
        52          4          0          0          0       1710   stm32g4xx_hal_msp.o
       192         12          0          0          0       9380   stm32g4xx_hal_pwr_ex.o
      1844         64          0          0          0       9700   stm32g4xx_hal_rcc.o
       672          8          0          0          0      10967   stm32g4xx_hal_rcc_ex.o
      1274        128          0          0          0      46637   stm32g4xx_hal_tim.o
       162          4          0          0          0      26724   stm32g4xx_hal_tim_ex.o
      2364        106         24          0          0      31344   stm32g4xx_hal_uart.o
       296          8         16          0          0      10552   stm32g4xx_hal_uart_ex.o
        68         16          0          0          0       1669   stm32g4xx_it.o
        16          4         24          4          0       2936   system_stm32g4xx.o
       160          8          0          0         76       9039   tim.o
       308         28          0         10        148      10066   usart.o

    ----------------------------------------------------------------------
     19312       1106       2682         28       3012     423337   Object Totals
         0          0         32          0          0          0   (incl. Generated)
        32          0          1          2         22          0   (incl. Padding)

    ----------------------------------------------------------------------

      Code (inc. data)   RO Data    RW Data    ZI Data      Debug   Library Member Name

         0          0          0          0          0          0   entry.o
         0          0          0          0          0          0   entry10a.o
         0          0          0          0          0          0   entry11a.o
         8          4          0          0          0          0   entry2.o
         4          0          0          0          0          0   entry5.o
         0          0          0          0          0          0   entry7b.o
         0          0          0          0          0          0   entry8b.o
         8          4          0          0          0          0   entry9a.o
        30          0          0          0          0          0   handlers.o
        36          8          0          0          0         68   init.o
         0          0          0          0          0          0   iusefp.o
        30          0          0          0          0         68   llshl.o
        36          0          0          0          0         68   llsshr.o
        32          0          0          0          0         68   llushr.o
        36          0          0          0          0        108   memseta.o
        98          0          0          0          0         92   uldiv.o
        56          0          0          0          0         88   d2f.o
       334          0          0          0          0        148   dadd.o
       186          0          0          0          0        176   depilogue.o
       228          0          0          0          0         96   dmul.o
        38          0          0          0          0         68   f2d.o
       110          0          0          0          0        168   fepilogue.o

    ----------------------------------------------------------------------
      1270         16          0          0          0       1216   Library Totals
         0          0          0          0          0          0   (incl. Padding)

    ----------------------------------------------------------------------

      Code (inc. data)   RO Data    RW Data    ZI Data      Debug   Library Name

       318         16          0          0          0        472   mc_w.l
       952          0          0          0          0        744   mf_w.l

    ----------------------------------------------------------------------
      1270         16          0          0          0       1216   Library Totals

    ----------------------------------------------------------------------

==============================================================================


      Code (inc. data)   RO Data    RW Data    ZI Data      Debug   

     20582       1122       2682         28       3012     423857   Grand Totals
     20582       1122       2682         28       3012     423857   ELF Image Totals
     20582       1122       2682         28          0          0   ROM Totals

==============================================================================

    Total RO  Size (Code + RO Data)                23264 (  22.72kB)
    Total RW  Size (RW Data + ZI Data)              3040 (   2.97kB)
    Total ROM Size (Code + RO Data + RW Data)      23292 (  22.75kB)

==============================================================================

