<html>
<body>
<pre>
<h1>µVision Build Log</h1>
<h2>Tool Versions:</h2>
IDE-Version: ¦ÌVision V5.26.2.0
Copyright (C) 2018 ARM Ltd and ARM Germany GmbH. All rights reserved.
License Information: li yt, t, LIC=VGXG8-3TIV1-X7XRZ-JNLAL-L12VI-PZP5V
 
Tool Versions:
Toolchain:       MDK-ARM Plus  Version: 5.26.2.0
Toolchain Path:  D:\Keil526\ARM\ARMCLANG\Bin
C Compiler:      ArmClang.exe V6.10.1
Assembler:       Armasm.exe V6.10.1
Linker/Locator:  ArmLink.exe V6.10.1
Library Manager: ArmAr.exe V6.10.1
Hex Converter:   FromElf.exe V6.10.1
CPU DLL:         SARMCM3.DLL V5.26.2.0
Dialog DLL:      DCM.DLL V1.17.2.0
Target DLL:      STLink\ST-LINKIII-KEIL_SWO.dll V3.0.5.0
Dialog DLL:      TCM.DLL V1.36.1.0
 
<h2>Project:</h2>
D:\cubeMX6.7\code\qianrishi\main_control\MDK-ARM\main_control.uvprojx
Project File Date:  07/19/2024

<h2>Output:</h2>
*** Using Compiler 'V6.10.1', folder: 'D:\Keil526\ARM\ARMCLANG\Bin'
Build target 'main_control'
../Core/Src/main.c(173): warning: passing 'char [9]' to parameter of type 'const uint8_t *' (aka 'const unsigned char *') converts between pointers to integer types with different sign [-Wpointer-sign]
        HAL_UART_Transmit(&huart1,"AT+RST\r\n",sizeof("AT+RST\r\n"),0xFFFF);
                                  ^~~~~~~~~~~~
../Drivers/STM32G4xx_HAL_Driver/Inc\stm32g4xx_hal_uart.h(1634): note: passing argument to parameter 'pData' here
HAL_StatusTypeDef HAL_UART_Transmit(UART_HandleTypeDef *huart, const uint8_t *pData, uint16_t Size, uint32_t Timeout);
                                                                              ^
../Core/Src/main.c(176): warning: passing 'char [14]' to parameter of type 'const uint8_t *' (aka 'const unsigned char *') converts between pointers to integer types with different sign [-Wpointer-sign]
        HAL_UART_Transmit(&huart1,"AT+CWMODE=2\r\n",sizeof("AT+CWMODE=2\r\n"),0xFFFF);
                                  ^~~~~~~~~~~~~~~~~
../Drivers/STM32G4xx_HAL_Driver/Inc\stm32g4xx_hal_uart.h(1634): note: passing argument to parameter 'pData' here
HAL_StatusTypeDef HAL_UART_Transmit(UART_HandleTypeDef *huart, const uint8_t *pData, uint16_t Size, uint32_t Timeout);
                                                                              ^
../Core/Src/main.c(179): warning: passing 'char [9]' to parameter of type 'const uint8_t *' (aka 'const unsigned char *') converts between pointers to integer types with different sign [-Wpointer-sign]
        HAL_UART_Transmit(&huart1,"AT+RST\r\n",sizeof("AT+RST\r\n"),0xFFFF);
                                  ^~~~~~~~~~~~
../Drivers/STM32G4xx_HAL_Driver/Inc\stm32g4xx_hal_uart.h(1634): note: passing argument to parameter 'pData' here
HAL_StatusTypeDef HAL_UART_Transmit(UART_HandleTypeDef *huart, const uint8_t *pData, uint16_t Size, uint32_t Timeout);
                                                                              ^
../Core/Src/main.c(182): warning: passing 'char [36]' to parameter of type 'const uint8_t *' (aka 'const unsigned char *') converts between pointers to integer types with different sign [-Wpointer-sign]
        HAL_UART_Transmit(&huart1,"AT+CWSAP=\"ESP-01S\",\"12345678\",6,4\r\n",sizeof("AT+CWSAP=\"ESP-01S\",\"12345678\",6,4\r\n"),0xFFFF);
                                  ^~~~~~~~~~~~~~~~~~~~~~~~~~~~~~~~~~~~~~~~~~~
../Drivers/STM32G4xx_HAL_Driver/Inc\stm32g4xx_hal_uart.h(1634): note: passing argument to parameter 'pData' here
HAL_StatusTypeDef HAL_UART_Transmit(UART_HandleTypeDef *huart, const uint8_t *pData, uint16_t Size, uint32_t Timeout);
                                                                              ^
../Core/Src/main.c(185): warning: passing 'char [14]' to parameter of type 'const uint8_t *' (aka 'const unsigned char *') converts between pointers to integer types with different sign [-Wpointer-sign]
        HAL_UART_Transmit(&huart1,"AT+CIPMUX=1\r\n",sizeof("AT+CIPMUX=1\r\n"),0xFFFF);
                                  ^~~~~~~~~~~~~~~~~
../Drivers/STM32G4xx_HAL_Driver/Inc\stm32g4xx_hal_uart.h(1634): note: passing argument to parameter 'pData' here
HAL_StatusTypeDef HAL_UART_Transmit(UART_HandleTypeDef *huart, const uint8_t *pData, uint16_t Size, uint32_t Timeout);
                                                                              ^
../Core/Src/main.c(188): warning: passing 'char [11]' to parameter of type 'const uint8_t *' (aka 'const unsigned char *') converts between pointers to integer types with different sign [-Wpointer-sign]
        HAL_UART_Transmit(&huart1,"AT+CIFSR\r\n",sizeof("AT+CIFSR\r\n"),0xFFFF);
                                  ^~~~~~~~~~~~~~
../Drivers/STM32G4xx_HAL_Driver/Inc\stm32g4xx_hal_uart.h(1634): note: passing argument to parameter 'pData' here
HAL_StatusTypeDef HAL_UART_Transmit(UART_HandleTypeDef *huart, const uint8_t *pData, uint16_t Size, uint32_t Timeout);
                                                                              ^
../Core/Src/main.c(191): warning: passing 'char [22]' to parameter of type 'const uint8_t *' (aka 'const unsigned char *') converts between pointers to integer types with different sign [-Wpointer-sign]
        HAL_UART_Transmit(&huart1,"AT+CIPSERVER=1,8080\r\n",sizeof("AT+CIPSERVER=1,8080\r\n"),0xFFFF);
                                  ^~~~~~~~~~~~~~~~~~~~~~~~~
../Drivers/STM32G4xx_HAL_Driver/Inc\stm32g4xx_hal_uart.h(1634): note: passing argument to parameter 'pData' here
HAL_StatusTypeDef HAL_UART_Transmit(UART_HandleTypeDef *huart, const uint8_t *pData, uint16_t Size, uint32_t Timeout);
                                                                              ^
7 warnings generated.
compiling main.c...
linking...
Program Size: Code=20078 RO-data=2670 RW-data=128 ZI-data=2632  
FromELF: creating hex file...
"main_control\main_control.axf" - 0 Error(s), 7 Warning(s).

<h2>Software Packages used:</h2>

Package Vendor: ARM
                http://www.keil.com/pack/ARM.CMSIS.5.4.0.pack
                ARM.CMSIS.5.4.0
                CMSIS (Cortex Microcontroller Software Interface Standard)
   * Component: CORE Version: 5.1.2

Package Vendor: Keil
                https://www.keil.com/pack/Keil.STM32G4xx_DFP.1.5.0.pack
                Keil.STM32G4xx_DFP.1.5.0
                STMicroelectronics STM32G4 Series Device Support, Drivers and Examples

<h2>Collection of Component include folders:</h2>
  .\RTE\_main_control
  D:\Keil526\ARM\PACK\ARM\CMSIS\5.4.0\CMSIS\Core\Include
  D:\Keil526\ARM\PACK\Keil\STM32G4xx_DFP\1.5.0\Drivers\CMSIS\Device\ST\STM32G4xx\Include

<h2>Collection of Component Files used:</h2>

   * Component: ARM::CMSIS:CORE:5.1.2
Build Time Elapsed:  00:00:02
</pre>
</body>
</html>
