Component: ARM Compiler 6.10.1 Tool: armlink [5d142800]

==============================================================================

Section Cross References

    startup_stm32g474xx.o(RESET) refers to startup_stm32g474xx.o(STACK) for __initial_sp
    startup_stm32g474xx.o(RESET) refers to startup_stm32g474xx.o(.text) for Reset_Handler
    startup_stm32g474xx.o(RESET) refers to stm32g4xx_it.o(.text.NMI_Handler) for NMI_Handler
    startup_stm32g474xx.o(RESET) refers to stm32g4xx_it.o(.text.HardFault_Handler) for HardFault_Handler
    startup_stm32g474xx.o(RESET) refers to stm32g4xx_it.o(.text.MemManage_Handler) for MemManage_Handler
    startup_stm32g474xx.o(RESET) refers to stm32g4xx_it.o(.text.BusFault_Handler) for BusFault_Handler
    startup_stm32g474xx.o(RESET) refers to stm32g4xx_it.o(.text.UsageFault_Handler) for UsageFault_Handler
    startup_stm32g474xx.o(RESET) refers to stm32g4xx_it.o(.text.SVC_Handler) for SVC_Handler
    startup_stm32g474xx.o(RESET) refers to stm32g4xx_it.o(.text.DebugMon_Handler) for DebugMon_Handler
    startup_stm32g474xx.o(RESET) refers to stm32g4xx_it.o(.text.PendSV_Handler) for PendSV_Handler
    startup_stm32g474xx.o(RESET) refers to stm32g4xx_it.o(.text.SysTick_Handler) for SysTick_Handler
    startup_stm32g474xx.o(RESET) refers to stm32g4xx_it.o(.text.TIM2_IRQHandler) for TIM2_IRQHandler
    startup_stm32g474xx.o(RESET) refers to stm32g4xx_it.o(.text.USART1_IRQHandler) for USART1_IRQHandler
    startup_stm32g474xx.o(RESET) refers to stm32g4xx_it.o(.text.EXTI15_10_IRQHandler) for EXTI15_10_IRQHandler
    startup_stm32g474xx.o(RESET) refers to stm32g4xx_it.o(.text.HRTIM1_Master_IRQHandler) for HRTIM1_Master_IRQHandler
    startup_stm32g474xx.o(.text) refers to system_stm32g4xx.o(.text.SystemInit) for SystemInit
    startup_stm32g474xx.o(.text) refers to entry.o(.ARM.Collect$$$$00000000) for __main
    main.o(.text.main) refers to stm32g4xx_hal.o(.text.HAL_Init) for HAL_Init
    main.o(.text.main) refers to main.o(.text.SystemClock_Config) for SystemClock_Config
    main.o(.text.main) refers to gpio.o(.text.MX_GPIO_Init) for MX_GPIO_Init
    main.o(.text.main) refers to hrtim.o(.text.MX_HRTIM1_Init) for MX_HRTIM1_Init
    main.o(.text.main) refers to usart.o(.text.MX_USART1_UART_Init) for MX_USART1_UART_Init
    main.o(.text.main) refers to tim.o(.text.MX_TIM2_Init) for MX_TIM2_Init
    main.o(.text.main) refers to i2c.o(.text.MX_I2C2_Init) for MX_I2C2_Init
    main.o(.text.main) refers to stm32g4xx_hal_tim.o(.text.HAL_TIM_Base_Start_IT) for HAL_TIM_Base_Start_IT
    main.o(.text.main) refers to pid.o(.text.PID_Init) for PID_Init
    main.o(.text.main) refers to pwm.o(.text.PWM_Init) for PWM_Init
    main.o(.text.main) refers to oled.o(.text.OLED_Init) for OLED_Init
    main.o(.text.main) refers to oled.o(.text.OLED_Clear) for OLED_Clear
    main.o(.text.main) refers to oled.o(.text.OLED_Update) for OLED_Update
    main.o(.text.main) refers to stm32g4xx_hal_uart.o(.text.HAL_UART_Receive_IT) for HAL_UART_Receive_IT
    main.o(.text.main) refers to usart.o(.text.Serial_GetRxFlag) for Serial_GetRxFlag
    main.o(.text.main) refers to f2d.o(.text) for __aeabi_f2d
    main.o(.text.main) refers to ddiv.o(.text) for __aeabi_ddiv
    main.o(.text.main) refers to dmul.o(.text) for __aeabi_dmul
    main.o(.text.main) refers to dadd.o(.text) for __aeabi_dadd
    main.o(.text.main) refers to d2f.o(.text) for __aeabi_d2f
    main.o(.text.main) refers to stm32g4xx_hal_gpio.o(.text.HAL_GPIO_ReadPin) for HAL_GPIO_ReadPin
    main.o(.text.main) refers to stm32g4xx_hal.o(.text.HAL_Delay) for HAL_Delay
    main.o(.text.main) refers to tim.o(.bss.htim2) for htim2
    main.o(.text.main) refers to main.o(.data..L_MergedGlobals) for [Anonymous Symbol]
    main.o(.text.main) refers to oled.o(.text.OLED_ShowString) for OLED_ShowString
    main.o(.text.main) refers to oled.o(.text.OLED_ShowChar) for OLED_ShowChar
    main.o(.text.main) refers to usart.o(.bss.huart1) for huart1
    main.o(.text.main) refers to usart.o(.bss..L_MergedGlobals) for RxData
    main.o(.text.main) refers to main.o(.rodata.str1.1) for .L.str.4
    main.o(.text.main) refers to stm32g4xx_hal_uart.o(.text.HAL_UART_Transmit) for HAL_UART_Transmit
    main.o(.text.main) refers to pwm.o(.data.phaseshift1) for phaseshift1
    main.o(.text.main) refers to oled.o(.text.OLED_ShowNum) for OLED_ShowNum
    main.o(.ARM.exidx.text.main) refers to main.o(.text.main) for [Anonymous Symbol]
    main.o(.text.SystemClock_Config) refers to memseta.o(.text) for __aeabi_memclr4
    main.o(.text.SystemClock_Config) refers to stm32g4xx_hal_pwr_ex.o(.text.HAL_PWREx_ControlVoltageScaling) for HAL_PWREx_ControlVoltageScaling
    main.o(.text.SystemClock_Config) refers to stm32g4xx_hal_rcc.o(.text.HAL_RCC_OscConfig) for HAL_RCC_OscConfig
    main.o(.text.SystemClock_Config) refers to stm32g4xx_hal_rcc.o(.text.HAL_RCC_ClockConfig) for HAL_RCC_ClockConfig
[...]
    __arm_cp.96_0                            0x08002848   Number         4  stm32g4xx_hal_tim.o(.text.HAL_TIM_ConfigClockSource)
    __arm_cp.96_1                            0x0800284c   Number         4  stm32g4xx_hal_tim.o(.text.HAL_TIM_ConfigClockSource)
    __arm_cp.96_2                            0x08002850   Number         4  stm32g4xx_hal_tim.o(.text.HAL_TIM_ConfigClockSource)
    __arm_cp.96_3                            0x08002854   Number         4  stm32g4xx_hal_tim.o(.text.HAL_TIM_ConfigClockSource)
    __arm_cp.96_4                            0x08002858   Number         4  stm32g4xx_hal_tim.o(.text.HAL_TIM_ConfigClockSource)
    __arm_cp.96_5                            0x0800285c   Number         4  stm32g4xx_hal_tim.o(.text.HAL_TIM_ConfigClockSource)
    __arm_cp.96_6                            0x08002860   Number         4  stm32g4xx_hal_tim.o(.text.HAL_TIM_ConfigClockSource)
    __arm_cp.96_7                            0x08002864   Number         4  stm32g4xx_hal_tim.o(.text.HAL_TIM_ConfigClockSource)
    [Anonymous Symbol]                       0x08002868   Section        0  stm32g4xx_hal_tim.o(.text.HAL_TIM_IC_CaptureCallback)
    [Anonymous Symbol]                       0x0800286c   Section        0  stm32g4xx_hal_tim.o(.text.HAL_TIM_IRQHandler)
    __arm_cp.67_0                            0x080029e4   Number         4  stm32g4xx_hal_tim.o(.text.HAL_TIM_IRQHandler)
    __arm_cp.67_1                            0x080029e8   Number         4  stm32g4xx_hal_tim.o(.text.HAL_TIM_IRQHandler)
    __arm_cp.67_2                            0x080029ec   Number         4  stm32g4xx_hal_tim.o(.text.HAL_TIM_IRQHandler)
    __arm_cp.67_3                            0x080029f0   Number         4  stm32g4xx_hal_tim.o(.text.HAL_TIM_IRQHandler)
    __arm_cp.67_4                            0x080029f4   Number         4  stm32g4xx_hal_tim.o(.text.HAL_TIM_IRQHandler)
    __arm_cp.67_5                            0x080029f8   Number         4  stm32g4xx_hal_tim.o(.text.HAL_TIM_IRQHandler)
    [Anonymous Symbol]                       0x080029fc   Section        0  stm32g4xx_hal_tim.o(.text.HAL_TIM_OC_DelayElapsedCallback)
    [Anonymous Symbol]                       0x080029fe   Section        0  stm32g4xx_hal_tim.o(.text.HAL_TIM_PWM_PulseFinishedCallback)
    [Anonymous Symbol]                       0x08002a00   Section        0  main.o(.text.HAL_TIM_PeriodElapsedCallback)
    __arm_cp.3_0                             0x08002b54   Number         4  main.o(.text.HAL_TIM_PeriodElapsedCallback)
    __arm_cp.3_1                             0x08002b58   Number         4  main.o(.text.HAL_TIM_PeriodElapsedCallback)
    __arm_cp.3_2                             0x08002b5c   Number         4  main.o(.text.HAL_TIM_PeriodElapsedCallback)
    __arm_cp.3_4                             0x08002b64   Number         4  main.o(.text.HAL_TIM_PeriodElapsedCallback)
    __arm_cp.3_5                             0x08002b68   Number         4  main.o(.text.HAL_TIM_PeriodElapsedCallback)
    [Anonymous Symbol]                       0x08002b6c   Section        0  stm32g4xx_hal_tim.o(.text.HAL_TIM_TriggerCallback)
    [Anonymous Symbol]                       0x08002b6e   Section        0  stm32g4xx_hal_uart_ex.o(.text.HAL_UARTEx_DisableFifoMode)
    [Anonymous Symbol]                       0x08002ba4   Section        0  stm32g4xx_hal_uart.o(.text.HAL_UARTEx_RxEventCallback)
    [Anonymous Symbol]                       0x08002ba6   Section        0  stm32g4xx_hal_uart_ex.o(.text.HAL_UARTEx_RxFifoFullCallback)
    [Anonymous Symbol]                       0x08002ba8   Section        0  stm32g4xx_hal_uart_ex.o(.text.HAL_UARTEx_SetRxFifoThreshold)
    [Anonymous Symbol]                       0x08002bf4   Section        0  stm32g4xx_hal_uart_ex.o(.text.HAL_UARTEx_SetTxFifoThreshold)
    [Anonymous Symbol]                       0x08002c40   Section        0  stm32g4xx_hal_uart_ex.o(.text.HAL_UARTEx_TxFifoEmptyCallback)
    [Anonymous Symbol]                       0x08002c42   Section        0  stm32g4xx_hal_uart_ex.o(.text.HAL_UARTEx_WakeupCallback)
    [Anonymous Symbol]                       0x08002c44   Section        0  stm32g4xx_hal_uart.o(.text.HAL_UART_ErrorCallback)
    [Anonymous Symbol]                       0x08002c48   Section        0  stm32g4xx_hal_uart.o(.text.HAL_UART_IRQHandler)
    __arm_cp.44_0                            0x08002f5c   Number         4  stm32g4xx_hal_uart.o(.text.HAL_UART_IRQHandler)
    __arm_cp.44_1                            0x08002f60   Number         4  stm32g4xx_hal_uart.o(.text.HAL_UART_IRQHandler)
    __arm_cp.44_2                            0x08002f64   Number         4  stm32g4xx_hal_uart.o(.text.HAL_UART_IRQHandler)
    __arm_cp.44_3                            0x08002f68   Number         4  stm32g4xx_hal_uart.o(.text.HAL_UART_IRQHandler)
    [Anonymous Symbol]                       0x08002f6c   Section        0  stm32g4xx_hal_uart.o(.text.HAL_UART_Init)
    [Anonymous Symbol]                       0x08002fd0   Section        0  usart.o(.text.HAL_UART_MspInit)
    __arm_cp.1_0                             0x08003054   Number         4  usart.o(.text.HAL_UART_MspInit)
    __arm_cp.1_1                             0x08003058   Number         4  usart.o(.text.HAL_UART_MspInit)
    __arm_cp.1_2                             0x0800305c   Number         4  usart.o(.text.HAL_UART_MspInit)
    [Anonymous Symbol]                       0x08003060   Section        0  stm32g4xx_hal_uart.o(.text.HAL_UART_Receive_IT)
    __arm_cp.18_0                            0x080030b0   Number         4  stm32g4xx_hal_uart.o(.text.HAL_UART_Receive_IT)
    [Anonymous Symbol]                       0x080030b4   Section        0  usart.o(.text.HAL_UART_RxCpltCallback)
    __arm_cp.4_0                             0x08003110   Number         4  usart.o(.text.HAL_UART_RxCpltCallback)
    __arm_cp.4_1                             0x08003114   Number         4  usart.o(.text.HAL_UART_RxCpltCallback)
    [Anonymous Symbol]                       0x08003118   Section        0  stm32g4xx_hal_uart.o(.text.HAL_UART_Transmit)
    [Anonymous Symbol]                       0x080031dc   Section        0  stm32g4xx_hal_uart.o(.text.HAL_UART_TxCpltCallback)
    [Anonymous Symbol]                       0x080031e0   Section        0  stm32g4xx_it.o(.text.HRTIM1_Master_IRQHandler)
    __arm_cp.12_0                            0x080031e8   Number         4  stm32g4xx_it.o(.text.HRTIM1_Master_IRQHandler)
    [Anonymous Symbol]                       0x080031ec   Section        0  stm32g4xx_hal_hrtim.o(.text.HRTIM_ForceRegistersUpdate)
    HRTIM_ForceRegistersUpdate               0x080031ed   Thumb Code    56  stm32g4xx_hal_hrtim.o(.text.HRTIM_ForceRegistersUpdate)
    [Anonymous Symbol]                       0x08003224   Section        0  stm32g4xx_hal_hrtim.o(.text.HRTIM_OutputConfig)
    HRTIM_OutputConfig                       0x08003225   Thumb Code   194  stm32g4xx_hal_hrtim.o(.text.HRTIM_OutputConfig)
    [Anonymous Symbol]                       0x080032e6   Section        0  stm32g4xx_it.o(.text.HardFault_Handler)
    [Anonymous Symbol]                       0x080032e8   Section        0  stm32g4xx_hal_i2c.o(.text.I2C_Flush_TXDR)
    I2C_Flush_TXDR                           0x080032e9   Thumb Code    32  stm32g4xx_hal_i2c.o(.text.I2C_Flush_TXDR)
    [Anonymous Symbol]                       0x08003308   Section        0  stm32g4xx_hal_i2c.o(.text.I2C_IsErrorOccurred)
    I2C_IsErrorOccurred                      0x08003309   Thumb Code   256  stm32g4xx_hal_i2c.o(.text.I2C_IsErrorOccurred)
    __arm_cp.78_0                            0x08003404   Number         4  stm32g4xx_hal_i2c.o(.text.I2C_IsErrorOccurred)
    [Anonymous Symbol]                       0x08003408   Section        0  stm32g4xx_hal_i2c.o(.text.I2C_TransferConfig)
    I2C_TransferConfig                       0x08003409   Thumb Code    52  stm32g4xx_hal_i2c.o(.text.I2C_TransferConfig)
    __arm_cp.6_0                             0x08003438   Number         4  stm32g4xx_hal_i2c.o(.text.I2C_TransferConfig)
    [Anonymous Symbol]                       0x0800343c   Section        0  stm32g4xx_hal_i2c.o(.text.I2C_WaitOnFlagUntilTimeout)
    I2C_WaitOnFlagUntilTimeout               0x0800343d   Thumb Code   124  stm32g4xx_hal_i2c.o(.text.I2C_WaitOnFlagUntilTimeout)
    [Anonymous Symbol]                       0x080034b8   Section        0  stm32g4xx_hal_i2c.o(.text.I2C_WaitOnSTOPFlagUntilTimeout)
    I2C_WaitOnSTOPFlagUntilTimeout           0x080034b9   Thumb Code    84  stm32g4xx_hal_i2c.o(.text.I2C_WaitOnSTOPFlagUntilTimeout)
    [Anonymous Symbol]                       0x0800350c   Section        0  stm32g4xx_hal_i2c.o(.text.I2C_WaitOnTXISFlagUntilTimeout)
    I2C_WaitOnTXISFlagUntilTimeout           0x0800350d   Thumb Code    92  stm32g4xx_hal_i2c.o(.text.I2C_WaitOnTXISFlagUntilTimeout)
    [Anonymous Symbol]                       0x08003568   Section        0  gpio.o(.text.MX_GPIO_Init)
    __arm_cp.0_0                             0x08003650   Number         4  gpio.o(.text.MX_GPIO_Init)
    __arm_cp.0_1                             0x08003654   Number         4  gpio.o(.text.MX_GPIO_Init)
    __arm_cp.0_2                             0x08003658   Number         4  gpio.o(.text.MX_GPIO_Init)
    [Anonymous Symbol]                       0x0800365c   Section        0  hrtim.o(.text.MX_HRTIM1_Init)
    __arm_cp.0_0                             0x080038ac   Number         4  hrtim.o(.text.MX_HRTIM1_Init)
    __arm_cp.0_1                             0x080038b0   Number         4  hrtim.o(.text.MX_HRTIM1_Init)
    [Anonymous Symbol]                       0x080038b4   Section        0  i2c.o(.text.MX_I2C2_Init)
    __arm_cp.0_0                             0x08003908   Number         4  i2c.o(.text.MX_I2C2_Init)
    __arm_cp.0_1                             0x0800390c   Number         4  i2c.o(.text.MX_I2C2_Init)
    __arm_cp.0_2                             0x08003910   Number         4  i2c.o(.text.MX_I2C2_Init)
    __arm_cp.0_3                             0x08003914   Number         4  i2c.o(.text.MX_I2C2_Init)
    [Anonymous Symbol]                       0x08003918   Section        0  tim.o(.text.MX_TIM2_Init)
    __arm_cp.0_0                             0x0800397c   Number         4  tim.o(.text.MX_TIM2_Init)
    [Anonymous Symbol]                       0x08003980   Section        0  usart.o(.text.MX_USART1_UART_Init)
    __arm_cp.0_0                             0x080039e0   Number         4  usart.o(.text.MX_USART1_UART_Init)
    __arm_cp.0_1                             0x080039e4   Number         4  usart.o(.text.MX_USART1_UART_Init)
    [Anonymous Symbol]                       0x080039e8   Section        0  stm32g4xx_it.o(.text.MemManage_Handler)
    [Anonymous Symbol]                       0x080039ea   Section        0  stm32g4xx_it.o(.text.NMI_Handler)
    [Anonymous Symbol]                       0x080039ec   Section        0  oled.o(.text.OLED_Clear)
    [Anonymous Symbol]                       0x08003a0c   Section        0  oled.o(.text.OLED_ClearArea)
    [Anonymous Symbol]                       0x08003a74   Section        0  oled.o(.text.OLED_Init)
    [Anonymous Symbol]                       0x08003ae0   Section        0  oled.o(.text.OLED_SetCursor)
    __arm_cp.9_0                             0x08003b00   Number         4  oled.o(.text.OLED_SetCursor)
    [Anonymous Symbol]                       0x08003b04   Section        0  oled.o(.text.OLED_ShowChar)
    __arm_cp.17_0                            0x08003b40   Number         4  oled.o(.text.OLED_ShowChar)
    __arm_cp.17_1                            0x08003b44   Number         4  oled.o(.text.OLED_ShowChar)
    [Anonymous Symbol]                       0x08003b48   Section        0  oled.o(.text.OLED_ShowImage)
    [Anonymous Symbol]                       0x08003c00   Section        0  oled.o(.text.OLED_ShowNum)
    [Anonymous Symbol]                       0x08003c5c   Section        0  oled.o(.text.OLED_ShowString)
    [Anonymous Symbol]                       0x08003c88   Section        0  oled.o(.text.OLED_Update)
    __arm_cp.8_0                             0x08003cac   Number         4  oled.o(.text.OLED_Update)
    [Anonymous Symbol]                       0x08003cb0   Section        0  oled.o(.text.OLED_WriteCommand)
    __arm_cp.4_0                             0x08003cd0   Number         4  oled.o(.text.OLED_WriteCommand)
    [Anonymous Symbol]                       0x08003cd4   Section        0  oled.o(.text.OLED_WriteData)
    __arm_cp.5_0                             0x08003d20   Number         4  oled.o(.text.OLED_WriteData)
    [Anonymous Symbol]                       0x08003d24   Section        0  pid.o(.text.PID_Init)
    __arm_cp.0_0                             0x08003d44   Number         4  pid.o(.text.PID_Init)
    __arm_cp.0_1                             0x08003d48   Number         4  pid.o(.text.PID_Init)
    __arm_cp.0_2                             0x08003d4c   Number         4  pid.o(.text.PID_Init)
    [Anonymous Symbol]                       0x08003d50   Section        0  pid.o(.text.PID_realize)
    __arm_cp.1_0                             0x08003db8   Number         4  pid.o(.text.PID_realize)
    [Anonymous Symbol]                       0x08003dc0   Section        0  pwm.o(.text.PWM_Init)
    __arm_cp.0_0                             0x08003e1c   Number         4  pwm.o(.text.PWM_Init)
    __arm_cp.0_1                             0x08003e20   Number         4  pwm.o(.text.PWM_Init)
    __arm_cp.0_2                             0x08003e24   Number         4  pwm.o(.text.PWM_Init)
    [Anonymous Symbol]                       0x08003e28   Section        0  stm32g4xx_it.o(.text.PendSV_Handler)
    [Anonymous Symbol]                       0x08003e2a   Section        0  stm32g4xx_it.o(.text.SVC_Handler)
    [Anonymous Symbol]                       0x08003e2c   Section        0  usart.o(.text.Serial_GetRxFlag)
    __arm_cp.5_0                             0x08003e3c   Number         4  usart.o(.text.Serial_GetRxFlag)
    [Anonymous Symbol]                       0x08003e40   Section        0  stm32g4xx_it.o(.text.SysTick_Handler)
    [Anonymous Symbol]                       0x08003e44   Section        0  main.o(.text.SystemClock_Config)
    [Anonymous Symbol]                       0x08003ebc   Section        0  system_stm32g4xx.o(.text.SystemInit)
    __arm_cp.0_0                             0x08003ec8   Number         4  system_stm32g4xx.o(.text.SystemInit)
    [Anonymous Symbol]                       0x08003ecc   Section        0  stm32g4xx_it.o(.text.TIM2_IRQHandler)
    __arm_cp.9_0                             0x08003ed4   Number         4  stm32g4xx_it.o(.text.TIM2_IRQHandler)
    [Anonymous Symbol]                       0x08003ed8   Section        0  stm32g4xx_hal_tim.o(.text.TIM_Base_SetConfig)
    __arm_cp.2_0                             0x08003f98   Number         4  stm32g4xx_hal_tim.o(.text.TIM_Base_SetConfig)
    __arm_cp.2_1                             0x08003f9c   Number         4  stm32g4xx_hal_tim.o(.text.TIM_Base_SetConfig)
    __arm_cp.2_2                             0x08003fa0   Number         4  stm32g4xx_hal_tim.o(.text.TIM_Base_SetConfig)
    __arm_cp.2_3                             0x08003fa4   Number         4  stm32g4xx_hal_tim.o(.text.TIM_Base_SetConfig)
    __arm_cp.2_4                             0x08003fa8   Number         4  stm32g4xx_hal_tim.o(.text.TIM_Base_SetConfig)
    __arm_cp.2_5                             0x08003fac   Number         4  stm32g4xx_hal_tim.o(.text.TIM_Base_SetConfig)
    __arm_cp.2_6                             0x08003fb0   Number         4  stm32g4xx_hal_tim.o(.text.TIM_Base_SetConfig)
    __arm_cp.2_7                             0x08003fb4   Number         4  stm32g4xx_hal_tim.o(.text.TIM_Base_SetConfig)
    __arm_cp.2_8                             0x08003fb8   Number         4  stm32g4xx_hal_tim.o(.text.TIM_Base_SetConfig)
    __arm_cp.2_9                             0x08003fbc   Number         4  stm32g4xx_hal_tim.o(.text.TIM_Base_SetConfig)
    [Anonymous Symbol]                       0x08003fc0   Section        0  stm32g4xx_hal_tim.o(.text.TIM_TI1_ConfigInputStage)
    TIM_TI1_ConfigInputStage                 0x08003fc1   Thumb Code    34  stm32g4xx_hal_tim.o(.text.TIM_TI1_ConfigInputStage)
    [Anonymous Symbol]                       0x08003fe2   Section        0  stm32g4xx_hal_tim.o(.text.TIM_TI2_ConfigInputStage)
    TIM_TI2_ConfigInputStage                 0x08003fe3   Thumb Code    36  stm32g4xx_hal_tim.o(.text.TIM_TI2_ConfigInputStage)
    [Anonymous Symbol]                       0x08004008   Section        0  stm32g4xx_hal_uart_ex.o(.text.UARTEx_SetNbDataToProcess)
    UARTEx_SetNbDataToProcess                0x08004009   Thumb Code    84  stm32g4xx_hal_uart_ex.o(.text.UARTEx_SetNbDataToProcess)
    __arm_cp.9_0                             0x08004054   Number         4  stm32g4xx_hal_uart_ex.o(.text.UARTEx_SetNbDataToProcess)
    __arm_cp.9_1                             0x08004058   Number         4  stm32g4xx_hal_uart_ex.o(.text.UARTEx_SetNbDataToProcess)
    [Anonymous Symbol]                       0x0800405c   Section        0  stm32g4xx_hal_uart.o(.text.UART_AdvFeatureConfig)
    [Anonymous Symbol]                       0x08004130   Section        0  stm32g4xx_hal_uart.o(.text.UART_CheckIdleState)
    __arm_cp.4_0                             0x080041e8   Number         4  stm32g4xx_hal_uart.o(.text.UART_CheckIdleState)
    [Anonymous Symbol]                       0x080041ec   Section        0  stm32g4xx_hal_uart.o(.text.UART_DMAAbortOnError)
    UART_DMAAbortOnError                     0x080041ed   Thumb Code    16  stm32g4xx_hal_uart.o(.text.UART_DMAAbortOnError)
    [Anonymous Symbol]                       0x080041fc   Section        0  stm32g4xx_hal_uart.o(.text.UART_EndRxTransfer)
    UART_EndRxTransfer                       0x080041fd   Thumb Code    92  stm32g4xx_hal_uart.o(.text.UART_EndRxTransfer)
    [Anonymous Symbol]                       0x08004254   Section        0  stm32g4xx_hal_uart.o(.text.UART_RxISR_16BIT)
    UART_RxISR_16BIT                         0x08004255   Thumb Code   208  stm32g4xx_hal_uart.o(.text.UART_RxISR_16BIT)
    [Anonymous Symbol]                       0x08004320   Section        0  stm32g4xx_hal_uart.o(.text.UART_RxISR_16BIT_FIFOEN)
    UART_RxISR_16BIT_FIFOEN                  0x08004321   Thumb Code   444  stm32g4xx_hal_uart.o(.text.UART_RxISR_16BIT_FIFOEN)
    __arm_cp.63_0                            0x080044d0   Number         4  stm32g4xx_hal_uart.o(.text.UART_RxISR_16BIT_FIFOEN)
    __arm_cp.63_1                            0x080044d4   Number         4  stm32g4xx_hal_uart.o(.text.UART_RxISR_16BIT_FIFOEN)
    [Anonymous Symbol]                       0x080044d8   Section        0  stm32g4xx_hal_uart.o(.text.UART_RxISR_8BIT)
    UART_RxISR_8BIT                          0x080044d9   Thumb Code   208  stm32g4xx_hal_uart.o(.text.UART_RxISR_8BIT)
    __arm_cp.66_0                            0x080045a4   Number         4  stm32g4xx_hal_uart.o(.text.UART_RxISR_8BIT)
    [Anonymous Symbol]                       0x080045a8   Section        0  stm32g4xx_hal_uart.o(.text.UART_RxISR_8BIT_FIFOEN)
    UART_RxISR_8BIT_FIFOEN                   0x080045a9   Thumb Code   448  stm32g4xx_hal_uart.o(.text.UART_RxISR_8BIT_FIFOEN)
    __arm_cp.64_1                            0x0800475c   Number         4  stm32g4xx_hal_uart.o(.text.UART_RxISR_8BIT_FIFOEN)
    __arm_cp.64_2                            0x08004760   Number         4  stm32g4xx_hal_uart.o(.text.UART_RxISR_8BIT_FIFOEN)
    [Anonymous Symbol]                       0x08004764   Section        0  stm32g4xx_hal_uart.o(.text.UART_SetConfig)
    __arm_cp.3_0                             0x08004980   Number         4  stm32g4xx_hal_uart.o(.text.UART_SetConfig)
    __arm_cp.3_1                             0x08004984   Number         4  stm32g4xx_hal_uart.o(.text.UART_SetConfig)
    __arm_cp.3_2                             0x08004988   Number         4  stm32g4xx_hal_uart.o(.text.UART_SetConfig)
    __arm_cp.3_3                             0x0800498c   Number         4  stm32g4xx_hal_uart.o(.text.UART_SetConfig)
    __arm_cp.3_4                             0x08004990   Number         4  stm32g4xx_hal_uart.o(.text.UART_SetConfig)
    __arm_cp.3_5                             0x08004994   Number         4  stm32g4xx_hal_uart.o(.text.UART_SetConfig)
    __arm_cp.3_6                             0x08004998   Number         4  stm32g4xx_hal_uart.o(.text.UART_SetConfig)
    __arm_cp.3_7                             0x0800499c   Number         4  stm32g4xx_hal_uart.o(.text.UART_SetConfig)
    __arm_cp.3_8                             0x080049a0   Number         4  stm32g4xx_hal_uart.o(.text.UART_SetConfig)
    __arm_cp.3_9                             0x080049a4   Number         4  stm32g4xx_hal_uart.o(.text.UART_SetConfig)
    __arm_cp.3_10                            0x080049a8   Number         4  stm32g4xx_hal_uart.o(.text.UART_SetConfig)
    __arm_cp.3_11                            0x080049ac   Number         4  stm32g4xx_hal_uart.o(.text.UART_SetConfig)
    __arm_cp.3_12                            0x080049b0   Number         4  stm32g4xx_hal_uart.o(.text.UART_SetConfig)
    [Anonymous Symbol]                       0x080049b4   Section        0  stm32g4xx_hal_uart.o(.text.UART_Start_Receive_IT)
    __arm_cp.19_0                            0x08004ac0   Number         4  stm32g4xx_hal_uart.o(.text.UART_Start_Receive_IT)
    __arm_cp.19_1                            0x08004ac4   Number         4  stm32g4xx_hal_uart.o(.text.UART_Start_Receive_IT)
    __arm_cp.19_2                            0x08004ac8   Number         4  stm32g4xx_hal_uart.o(.text.UART_Start_Receive_IT)
    __arm_cp.19_3                            0x08004acc   Number         4  stm32g4xx_hal_uart.o(.text.UART_Start_Receive_IT)
    [Anonymous Symbol]                       0x08004ad0   Section        0  stm32g4xx_hal_uart.o(.text.UART_WaitOnFlagUntilTimeout)
    [Anonymous Symbol]                       0x08004b70   Section        0  stm32g4xx_it.o(.text.USART1_IRQHandler)
    __arm_cp.10_0                            0x08004b78   Number         4  stm32g4xx_it.o(.text.USART1_IRQHandler)
    [Anonymous Symbol]                       0x08004b7c   Section        0  stm32g4xx_it.o(.text.UsageFault_Handler)
    [Anonymous Symbol]                       0x08004b80   Section        0  stm32g4xx_hal_cortex.o(.text.__NVIC_SetPriority)
    __NVIC_SetPriority                       0x08004b81   Thumb Code    36  stm32g4xx_hal_cortex.o(.text.__NVIC_SetPriority)
    __arm_cp.2_0                             0x08004b9c   Number         4  stm32g4xx_hal_cortex.o(.text.__NVIC_SetPriority)
    __arm_cp.2_1                             0x08004ba0   Number         4  stm32g4xx_hal_cortex.o(.text.__NVIC_SetPriority)
    [Anonymous Symbol]                       0x08004ba8   Section        0  main.o(.text.main)
    __arm_cp.0_0                             0x08004f60   Number         4  main.o(.text.main)
    __arm_cp.0_1                             0x08004f64   Number         4  main.o(.text.main)
    __arm_cp.0_2                             0x08004f68   Number         4  main.o(.text.main)
    __arm_cp.0_7                             0x08004f8c   Number         4  main.o(.text.main)
    __arm_cp.0_8                             0x08004f90   Number         4  main.o(.text.main)
    __arm_cp.0_9                             0x08004f94   Number         4  main.o(.text.main)
    __arm_cp.0_10                            0x08004f98   Number         4  main.o(.text.main)
    __arm_cp.0_11                            0x08004f9c   Number         4  main.o(.text.main)
    __arm_cp.0_12                            0x08004fa0   Number         4  main.o(.text.main)
    __arm_cp.0_18                            0x0800500c   Number         4  main.o(.text.main)
    __arm_cp.0_19                            0x08005010   Number         4  main.o(.text.main)
    __arm_cp.0_26                            0x08005014   Number         4  main.o(.text.main)
    __arm_cp.0_29                            0x08005020   Number         4  main.o(.text.main)
    i.__scatterload_copy                     0x08005028   Section       14  handlers.o(i.__scatterload_copy)
    i.__scatterload_null                     0x08005036   Section        2  handlers.o(i.__scatterload_null)
    i.__scatterload_zeroinit                 0x08005038   Section       14  handlers.o(i.__scatterload_zeroinit)
    UARTEx_SetNbDataToProcess.numerator      0x080058a0   Data           8  stm32g4xx_hal_uart_ex.o(.rodata.cst8)
    UARTEx_SetNbDataToProcess.denominator    0x080058a8   Data           8  stm32g4xx_hal_uart_ex.o(.rodata.cst8)
    [Anonymous Symbol]                       0x080058b0   Section        0  main.o(.rodata.str1.1)
    .L.str.4                                 0x080058b0   Data           9  main.o(.rodata.str1.1)
    [Anonymous Symbol]                       0x20000000   Section        0  main.o(.data..L_MergedGlobals)
    [Anonymous Symbol]                       0x2000006c   Section        0  stm32g4xx_hal.o(.data..L_MergedGlobals)
    [Anonymous Symbol]                       0x20000080   Section        0  usart.o(.bss..L_MergedGlobals)
    STACK                                    0x200006c8   Section     1024  startup_stm32g474xx.o(STACK)

    Global Symbols

    Symbol Name                              Value     Ov Type        Size  Object(Section)

    BuildAttributes$$THM_ISAv4$E$P$D$K$B$S$7EM$VFPi3$EXTD16$VFPS$VFMA$PE$A:L22UL41UL21$X:L11$S22US41US21$IEEE1$IW$~IW$USESV6$~STKCKD$USESV7$~SHL$OTIME$ROPI$IEEEX$EBA8$MICROLIB$REQ8$PRES8$EABIv2 0x00000000   Number         0  anon$$obj.o ABSOLUTE
    __cpp_initialize__aeabi_                  - Undefined Weak Reference
    __cxa_finalize                            - Undefined Weak Reference
    __decompress                              - Undefined Weak Reference
    _clock_init                               - Undefined Weak Reference
    _microlib_exit                            - Undefined Weak Reference
    __Vectors_Size                           0x000001d8   Number         0  startup_stm32g474xx.o ABSOLUTE
    __Vectors                                0x08000000   Data           4  startup_stm32g474xx.o(RESET)
    __Vectors_End                            0x080001d8   Data           0  startup_stm32g474xx.o(RESET)
    __main                                   0x080001d9   Thumb Code     0  entry.o(.ARM.Collect$$$$00000000)
    _main_stk                                0x080001d9   Thumb Code     0  entry2.o(.ARM.Collect$$$$00000001)
    _main_scatterload                        0x080001dd   Thumb Code     0  entry5.o(.ARM.Collect$$$$00000004)
    __main_after_scatterload                 0x080001e1   Thumb Code     0  entry5.o(.ARM.Collect$$$$00000004)
    _main_clock                              0x080001e1   Thumb Code     0  entry7b.o(.ARM.Collect$$$$00000008)
    _main_cpp_init                           0x080001e1   Thumb Code     0  entry8b.o(.ARM.Collect$$$$0000000A)
    _main_init                               0x080001e1   Thumb Code     0  entry9a.o(.ARM.Collect$$$$0000000B)
    __rt_final_cpp                           0x080001e9   Thumb Code     0  entry10a.o(.ARM.Collect$$$$0000000D)
    __rt_final_exit                          0x080001e9   Thumb Code     0  entry11a.o(.ARM.Collect$$$$0000000F)
    Reset_Handler                            0x080001ed   Thumb Code     8  startup_stm32g474xx.o(.text)
    ADC1_2_IRQHandler                        0x08000207   Thumb Code     0  startup_stm32g474xx.o(.text)
    ADC3_IRQHandler                          0x08000207   Thumb Code     0  startup_stm32g474xx.o(.text)
    ADC4_IRQHandler                          0x08000207   Thumb Code     0  startup_stm32g474xx.o(.text)
    ADC5_IRQHandler                          0x08000207   Thumb Code     0  startup_stm32g474xx.o(.text)
    COMP1_2_3_IRQHandler                     0x08000207   Thumb Code     0  startup_stm32g474xx.o(.text)
    COMP4_5_6_IRQHandler                     0x08000207   Thumb Code     0  startup_stm32g474xx.o(.text)
    COMP7_IRQHandler                         0x08000207   Thumb Code     0  startup_stm32g474xx.o(.text)
    CORDIC_IRQHandler                        0x08000207   Thumb Code     0  startup_stm32g474xx.o(.text)
    CRS_IRQHandler                           0x08000207   Thumb Code     0  startup_stm32g474xx.o(.text)
    DMA1_Channel1_IRQHandler                 0x08000207   Thumb Code     0  startup_stm32g474xx.o(.text)
    DMA1_Channel2_IRQHandler                 0x08000207   Thumb Code     0  startup_stm32g474xx.o(.text)
    DMA1_Channel3_IRQHandler                 0x08000207   Thumb Code     0  startup_stm32g474xx.o(.text)
    DMA1_Channel4_IRQHandler                 0x08000207   Thumb Code     0  startup_stm32g474xx.o(.text)
    DMA1_Channel5_IRQHandler                 0x08000207   Thumb Code     0  startup_stm32g474xx.o(.text)
    DMA1_Channel6_IRQHandler                 0x08000207   Thumb Code     0  startup_stm32g474xx.o(.text)
    DMA1_Channel7_IRQHandler                 0x08000207   Thumb Code     0  startup_stm32g474xx.o(.text)
    DMA1_Channel8_IRQHandler                 0x08000207   Thumb Code     0  startup_stm32g474xx.o(.text)
    DMA2_Channel1_IRQHandler                 0x08000207   Thumb Code     0  startup_stm32g474xx.o(.text)
    DMA2_Channel2_IRQHandler                 0x08000207   Thumb Code     0  startup_stm32g474xx.o(.text)
    DMA2_Channel3_IRQHandler                 0x08000207   Thumb Code     0  startup_stm32g474xx.o(.text)
    DMA2_Channel4_IRQHandler                 0x08000207   Thumb Code     0  startup_stm32g474xx.o(.text)
    DMA2_Channel5_IRQHandler                 0x08000207   Thumb Code     0  startup_stm32g474xx.o(.text)
    DMA2_Channel6_IRQHandler                 0x08000207   Thumb Code     0  startup_stm32g474xx.o(.text)
    DMA2_Channel7_IRQHandler                 0x08000207   Thumb Code     0  startup_stm32g474xx.o(.text)
    DMA2_Channel8_IRQHandler                 0x08000207   Thumb Code     0  startup_stm32g474xx.o(.text)
    DMAMUX_OVR_IRQHandler                    0x08000207   Thumb Code     0  startup_stm32g474xx.o(.text)
    EXTI0_IRQHandler                         0x08000207   Thumb Code     0  startup_stm32g474xx.o(.text)
    EXTI1_IRQHandler                         0x08000207   Thumb Code     0  startup_stm32g474xx.o(.text)
    EXTI2_IRQHandler                         0x08000207   Thumb Code     0  startup_stm32g474xx.o(.text)
    EXTI3_IRQHandler                         0x08000207   Thumb Code     0  startup_stm32g474xx.o(.text)
    EXTI4_IRQHandler                         0x08000207   Thumb Code     0  startup_stm32g474xx.o(.text)
    EXTI9_5_IRQHandler                       0x08000207   Thumb Code     0  startup_stm32g474xx.o(.text)
    FDCAN1_IT0_IRQHandler                    0x08000207   Thumb Code     0  startup_stm32g474xx.o(.text)
    FDCAN1_IT1_IRQHandler                    0x08000207   Thumb Code     0  startup_stm32g474xx.o(.text)
    FDCAN2_IT0_IRQHandler                    0x08000207   Thumb Code     0  startup_stm32g474xx.o(.text)
    FDCAN2_IT1_IRQHandler                    0x08000207   Thumb Code     0  startup_stm32g474xx.o(.text)
    FDCAN3_IT0_IRQHandler                    0x08000207   Thumb Code     0  startup_stm32g474xx.o(.text)
    FDCAN3_IT1_IRQHandler                    0x08000207   Thumb Code     0  startup_stm32g474xx.o(.text)
    FLASH_IRQHandler                         0x08000207   Thumb Code     0  startup_stm32g474xx.o(.text)
    FMAC_IRQHandler                          0x08000207   Thumb Code     0  startup_stm32g474xx.o(.text)
    FMC_IRQHandler                           0x08000207   Thumb Code     0  startup_stm32g474xx.o(.text)
    FPU_IRQHandler                           0x08000207   Thumb Code     0  startup_stm32g474xx.o(.text)
    HRTIM1_FLT_IRQHandler                    0x08000207   Thumb Code     0  startup_stm32g474xx.o(.text)
    HRTIM1_TIMA_IRQHandler                   0x08000207   Thumb Code     0  startup_stm32g474xx.o(.text)
    HRTIM1_TIMB_IRQHandler                   0x08000207   Thumb Code     0  startup_stm32g474xx.o(.text)
    HRTIM1_TIMC_IRQHandler                   0x08000207   Thumb Code     0  startup_stm32g474xx.o(.text)
    HRTIM1_TIMD_IRQHandler                   0x08000207   Thumb Code     0  startup_stm32g474xx.o(.text)
    HRTIM1_TIME_IRQHandler                   0x08000207   Thumb Code     0  startup_stm32g474xx.o(.text)
    HRTIM1_TIMF_IRQHandler                   0x08000207   Thumb Code     0  startup_stm32g474xx.o(.text)
    I2C1_ER_IRQHandler                       0x08000207   Thumb Code     0  startup_stm32g474xx.o(.text)
    I2C1_EV_IRQHandler                       0x08000207   Thumb Code     0  startup_stm32g474xx.o(.text)
    I2C2_ER_IRQHandler                       0x08000207   Thumb Code     0  startup_stm32g474xx.o(.text)
    I2C2_EV_IRQHandler                       0x08000207   Thumb Code     0  startup_stm32g474xx.o(.text)
    I2C3_ER_IRQHandler                       0x08000207   Thumb Code     0  startup_stm32g474xx.o(.text)
    I2C3_EV_IRQHandler                       0x08000207   Thumb Code     0  startup_stm32g474xx.o(.text)
    I2C4_ER_IRQHandler                       0x08000207   Thumb Code     0  startup_stm32g474xx.o(.text)
    I2C4_EV_IRQHandler                       0x08000207   Thumb Code     0  startup_stm32g474xx.o(.text)
    LPTIM1_IRQHandler                        0x08000207   Thumb Code     0  startup_stm32g474xx.o(.text)
    LPUART1_IRQHandler                       0x08000207   Thumb Code     0  startup_stm32g474xx.o(.text)
    PVD_PVM_IRQHandler                       0x08000207   Thumb Code     0  startup_stm32g474xx.o(.text)
    QUADSPI_IRQHandler                       0x08000207   Thumb Code     0  startup_stm32g474xx.o(.text)
    RCC_IRQHandler                           0x08000207   Thumb Code     0  startup_stm32g474xx.o(.text)
    RNG_IRQHandler                           0x08000207   Thumb Code     0  startup_stm32g474xx.o(.text)
    RTC_Alarm_IRQHandler                     0x08000207   Thumb Code     0  startup_stm32g474xx.o(.text)
    RTC_TAMP_LSECSS_IRQHandler               0x08000207   Thumb Code     0  startup_stm32g474xx.o(.text)
    RTC_WKUP_IRQHandler                      0x08000207   Thumb Code     0  startup_stm32g474xx.o(.text)
    SAI1_IRQHandler                          0x08000207   Thumb Code     0  startup_stm32g474xx.o(.text)
    SPI1_IRQHandler                          0x08000207   Thumb Code     0  startup_stm32g474xx.o(.text)
    SPI2_IRQHandler                          0x08000207   Thumb Code     0  startup_stm32g474xx.o(.text)
    SPI3_IRQHandler                          0x08000207   Thumb Code     0  startup_stm32g474xx.o(.text)
    SPI4_IRQHandler                          0x08000207   Thumb Code     0  startup_stm32g474xx.o(.text)
    TIM1_BRK_TIM15_IRQHandler                0x08000207   Thumb Code     0  startup_stm32g474xx.o(.text)
    TIM1_CC_IRQHandler                       0x08000207   Thumb Code     0  startup_stm32g474xx.o(.text)
    TIM1_TRG_COM_TIM17_IRQHandler            0x08000207   Thumb Code     0  startup_stm32g474xx.o(.text)
    TIM1_UP_TIM16_IRQHandler                 0x08000207   Thumb Code     0  startup_stm32g474xx.o(.text)
    TIM20_BRK_IRQHandler                     0x08000207   Thumb Code     0  startup_stm32g474xx.o(.text)
    TIM20_CC_IRQHandler                      0x08000207   Thumb Code     0  startup_stm32g474xx.o(.text)
    TIM20_TRG_COM_IRQHandler                 0x08000207   Thumb Code     0  startup_stm32g474xx.o(.text)
    TIM20_UP_IRQHandler                      0x08000207   Thumb Code     0  startup_stm32g474xx.o(.text)
    TIM3_IRQHandler                          0x08000207   Thumb Code     0  startup_stm32g474xx.o(.text)
    TIM4_IRQHandler                          0x08000207   Thumb Code     0  startup_stm32g474xx.o(.text)
    TIM5_IRQHandler                          0x08000207   Thumb Code     0  startup_stm32g474xx.o(.text)
    TIM6_DAC_IRQHandler                      0x08000207   Thumb Code     0  startup_stm32g474xx.o(.text)
    TIM7_DAC_IRQHandler                      0x08000207   Thumb Code     0  startup_stm32g474xx.o(.text)
    TIM8_BRK_IRQHandler                      0x08000207   Thumb Code     0  startup_stm32g474xx.o(.text)
    TIM8_CC_IRQHandler                       0x08000207   Thumb Code     0  startup_stm32g474xx.o(.text)
    TIM8_TRG_COM_IRQHandler                  0x08000207   Thumb Code     0  startup_stm32g474xx.o(.text)
    TIM8_UP_IRQHandler                       0x08000207   Thumb Code     0  startup_stm32g474xx.o(.text)
    UART4_IRQHandler                         0x08000207   Thumb Code     0  startup_stm32g474xx.o(.text)
    UART5_IRQHandler                         0x08000207   Thumb Code     0  startup_stm32g474xx.o(.text)
    UCPD1_IRQHandler                         0x08000207   Thumb Code     0  startup_stm32g474xx.o(.text)
    USART2_IRQHandler                        0x08000207   Thumb Code     0  startup_stm32g474xx.o(.text)
    USART3_IRQHandler                        0x08000207   Thumb Code     0  startup_stm32g474xx.o(.text)
    USBWakeUp_IRQHandler                     0x08000207   Thumb Code     0  startup_stm32g474xx.o(.text)
    USB_HP_IRQHandler                        0x08000207   Thumb Code     0  startup_stm32g474xx.o(.text)
    USB_LP_IRQHandler                        0x08000207   Thumb Code     0  startup_stm32g474xx.o(.text)
    WWDG_IRQHandler                          0x08000207   Thumb Code     0  startup_stm32g474xx.o(.text)
    __aeabi_uldivmod                         0x08000211   Thumb Code    98  uldiv.o(.text)
    __aeabi_memset                           0x08000273   Thumb Code    14  memseta.o(.text)
    __aeabi_memset4                          0x08000273   Thumb Code     0  memseta.o(.text)
    __aeabi_memset8                          0x08000273   Thumb Code     0  memseta.o(.text)
    __aeabi_memclr                           0x08000281   Thumb Code     4  memseta.o(.text)
    __aeabi_memclr4                          0x08000281   Thumb Code     0  memseta.o(.text)
    __aeabi_memclr8                          0x08000281   Thumb Code     0  memseta.o(.text)
    _memset$wrapper                          0x08000285   Thumb Code    18  memseta.o(.text)
    __aeabi_dadd                             0x08000297   Thumb Code   322  dadd.o(.text)
    __aeabi_dsub                             0x080003d9   Thumb Code     6  dadd.o(.text)
    __aeabi_drsub                            0x080003df   Thumb Code     6  dadd.o(.text)
    __aeabi_dmul                             0x080003e5   Thumb Code   228  dmul.o(.text)
    __aeabi_ddiv                             0x080004c9   Thumb Code   222  ddiv.o(.text)
    __aeabi_f2d                              0x080005a7   Thumb Code    38  f2d.o(.text)
    __aeabi_d2f                              0x080005cd   Thumb Code    56  d2f.o(.text)
    __aeabi_llsl                             0x08000605   Thumb Code    30  llshl.o(.text)
    _ll_shift_l                              0x08000605   Thumb Code     0  llshl.o(.text)
    __aeabi_llsr                             0x08000623   Thumb Code    32  llushr.o(.text)
    _ll_ushift_r                             0x08000623   Thumb Code     0  llushr.o(.text)
    __aeabi_lasr                             0x08000643   Thumb Code    36  llsshr.o(.text)
    _ll_sshift_r                             0x08000643   Thumb Code     0  llsshr.o(.text)
    __I$use$fp                               0x08000667   Thumb Code     0  iusefp.o(.text)
    _float_round                             0x08000667   Thumb Code    18  fepilogue.o(.text)
    _float_epilogue                          0x08000679   Thumb Code    92  fepilogue.o(.text)
    _double_round                            0x080006d5   Thumb Code    30  depilogue.o(.text)
    _double_epilogue                         0x080006f3   Thumb Code   156  depilogue.o(.text)
    __scatterload                            0x08000791   Thumb Code    28  init.o(.text)
    __scatterload_rt2                        0x08000791   Thumb Code     0  init.o(.text)
    BusFault_Handler                         0x080007b5   Thumb Code     2  stm32g4xx_it.o(.text.BusFault_Handler)
    DebugMon_Handler                         0x080007b7   Thumb Code     2  stm32g4xx_it.o(.text.DebugMon_Handler)
    EXTI15_10_IRQHandler                     0x080007b9   Thumb Code    40  stm32g4xx_it.o(.text.EXTI15_10_IRQHandler)
    Error_Handler                            0x080007e1   Thumb Code     8  main.o(.text.Error_Handler)
    HAL_DMA_Abort                            0x080007e9   Thumb Code   102  stm32g4xx_hal_dma.o(.text.HAL_DMA_Abort)
    HAL_DMA_Abort_IT                         0x0800084f   Thumb Code   122  stm32g4xx_hal_dma.o(.text.HAL_DMA_Abort_IT)
    HAL_Delay                                0x080008c9   Thumb Code    36  stm32g4xx_hal.o(.text.HAL_Delay)
    HAL_GPIO_EXTI_Callback                   0x080008e9   Thumb Code   140  main.o(.text.HAL_GPIO_EXTI_Callback)
    HAL_GPIO_EXTI_IRQHandler                 0x08000975   Thumb Code    20  stm32g4xx_hal_gpio.o(.text.HAL_GPIO_EXTI_IRQHandler)
    HAL_GPIO_Init                            0x08000989   Thumb Code   412  stm32g4xx_hal_gpio.o(.text.HAL_GPIO_Init)
    HAL_GPIO_ReadPin                         0x08000b25   Thumb Code    10  stm32g4xx_hal_gpio.o(.text.HAL_GPIO_ReadPin)
    HAL_GPIO_TogglePin                       0x08000b2f   Thumb Code    16  stm32g4xx_hal_gpio.o(.text.HAL_GPIO_TogglePin)
    HAL_GPIO_WritePin                        0x08000b3f   Thumb Code    12  stm32g4xx_hal_gpio.o(.text.HAL_GPIO_WritePin)
    HAL_GetTick                              0x08000b4d   Thumb Code    12  stm32g4xx_hal.o(.text.HAL_GetTick)
    HAL_HRTIM_BurstModePeriodCallback        0x08000b59   Thumb Code     2  stm32g4xx_hal_hrtim.o(.text.HAL_HRTIM_BurstModePeriodCallback)
    HAL_HRTIM_Capture1EventCallback          0x08000b5b   Thumb Code     2  stm32g4xx_hal_hrtim.o(.text.HAL_HRTIM_Capture1EventCallback)
    HAL_HRTIM_Capture2EventCallback          0x08000b5d   Thumb Code     2  stm32g4xx_hal_hrtim.o(.text.HAL_HRTIM_Capture2EventCallback)
    HAL_HRTIM_Compare1EventCallback          0x08000b5f   Thumb Code     2  stm32g4xx_hal_hrtim.o(.text.HAL_HRTIM_Compare1EventCallback)
    HAL_HRTIM_Compare2EventCallback          0x08000b61   Thumb Code     2  stm32g4xx_hal_hrtim.o(.text.HAL_HRTIM_Compare2EventCallback)
    HAL_HRTIM_Compare3EventCallback          0x08000b63   Thumb Code     2  stm32g4xx_hal_hrtim.o(.text.HAL_HRTIM_Compare3EventCallback)
    HAL_HRTIM_Compare4EventCallback          0x08000b65   Thumb Code     2  stm32g4xx_hal_hrtim.o(.text.HAL_HRTIM_Compare4EventCallback)
    HAL_HRTIM_CounterResetCallback           0x08000b67   Thumb Code     2  stm32g4xx_hal_hrtim.o(.text.HAL_HRTIM_CounterResetCallback)
    HAL_HRTIM_DLLCalibrationReadyCallback    0x08000b69   Thumb Code     2  stm32g4xx_hal_hrtim.o(.text.HAL_HRTIM_DLLCalibrationReadyCallback)
    HAL_HRTIM_DLLCalibrationStart            0x08000b6b   Thumb Code    82  stm32g4xx_hal_hrtim.o(.text.HAL_HRTIM_DLLCalibrationStart)
    HAL_HRTIM_DeadTimeConfig                 0x08000bbd   Thumb Code   152  stm32g4xx_hal_hrtim.o(.text.HAL_HRTIM_DeadTimeConfig)
    HAL_HRTIM_DelayedProtectionCallback      0x08000c55   Thumb Code     2  stm32g4xx_hal_hrtim.o(.text.HAL_HRTIM_DelayedProtectionCallback)
    HAL_HRTIM_Fault1Callback                 0x08000c57   Thumb Code     2  stm32g4xx_hal_hrtim.o(.text.HAL_HRTIM_Fault1Callback)
    HAL_HRTIM_Fault2Callback                 0x08000c59   Thumb Code     2  stm32g4xx_hal_hrtim.o(.text.HAL_HRTIM_Fault2Callback)
    HAL_HRTIM_Fault3Callback                 0x08000c5b   Thumb Code     2  stm32g4xx_hal_hrtim.o(.text.HAL_HRTIM_Fault3Callback)
    HAL_HRTIM_Fault4Callback                 0x08000c5d   Thumb Code     2  stm32g4xx_hal_hrtim.o(.text.HAL_HRTIM_Fault4Callback)
    HAL_HRTIM_Fault5Callback                 0x08000c5f   Thumb Code     2  stm32g4xx_hal_hrtim.o(.text.HAL_HRTIM_Fault5Callback)
    HAL_HRTIM_Fault6Callback                 0x08000c61   Thumb Code     2  stm32g4xx_hal_hrtim.o(.text.HAL_HRTIM_Fault6Callback)
    HAL_HRTIM_IRQHandler                     0x08000c63   Thumb Code   736  stm32g4xx_hal_hrtim.o(.text.HAL_HRTIM_IRQHandler)
    HAL_HRTIM_Init                           0x08000f45   Thumb Code   160  stm32g4xx_hal_hrtim.o(.text.HAL_HRTIM_Init)
    HAL_HRTIM_MspInit                        0x08000fdd   Thumb Code    60  hrtim.o(.text.HAL_HRTIM_MspInit)
    HAL_HRTIM_MspPostInit                    0x08001015   Thumb Code   144  hrtim.o(.text.HAL_HRTIM_MspPostInit)
    HAL_HRTIM_Output1ResetCallback           0x080010a5   Thumb Code     2  stm32g4xx_hal_hrtim.o(.text.HAL_HRTIM_Output1ResetCallback)
    HAL_HRTIM_Output1SetCallback             0x080010a7   Thumb Code     2  stm32g4xx_hal_hrtim.o(.text.HAL_HRTIM_Output1SetCallback)
    HAL_HRTIM_Output2ResetCallback           0x080010a9   Thumb Code     2  stm32g4xx_hal_hrtim.o(.text.HAL_HRTIM_Output2ResetCallback)
    HAL_HRTIM_Output2SetCallback             0x080010ab   Thumb Code     2  stm32g4xx_hal_hrtim.o(.text.HAL_HRTIM_Output2SetCallback)
    HAL_HRTIM_PollForDLLCalibration          0x080010ad   Thumb Code    70  stm32g4xx_hal_hrtim.o(.text.HAL_HRTIM_PollForDLLCalibration)
    HAL_HRTIM_RegistersUpdateCallback        0x080010f3   Thumb Code     2  stm32g4xx_hal_hrtim.o(.text.HAL_HRTIM_RegistersUpdateCallback)
    HAL_HRTIM_RepetitionEventCallback        0x080010f5   Thumb Code     2  stm32g4xx_hal_hrtim.o(.text.HAL_HRTIM_RepetitionEventCallback)
    HAL_HRTIM_SynchronizationEventCallback   0x080010f7   Thumb Code     2  stm32g4xx_hal_hrtim.o(.text.HAL_HRTIM_SynchronizationEventCallback)
    HAL_HRTIM_SystemFaultCallback            0x080010f9   Thumb Code     2  stm32g4xx_hal_hrtim.o(.text.HAL_HRTIM_SystemFaultCallback)
    HAL_HRTIM_TimeBaseConfig                 0x080010fb   Thumb Code   118  stm32g4xx_hal_hrtim.o(.text.HAL_HRTIM_TimeBaseConfig)
    HAL_HRTIM_WaveformCompareConfig          0x08001171   Thumb Code   308  stm32g4xx_hal_hrtim.o(.text.HAL_HRTIM_WaveformCompareConfig)
    HAL_HRTIM_WaveformCountStart             0x080012a5   Thumb Code    38  stm32g4xx_hal_hrtim.o(.text.HAL_HRTIM_WaveformCountStart)
    HAL_HRTIM_WaveformOutputConfig           0x080012cb   Thumb Code    58  stm32g4xx_hal_hrtim.o(.text.HAL_HRTIM_WaveformOutputConfig)
    HAL_HRTIM_WaveformOutputStart            0x08001305   Thumb Code    42  stm32g4xx_hal_hrtim.o(.text.HAL_HRTIM_WaveformOutputStart)
    HAL_HRTIM_WaveformTimerConfig            0x08001331   Thumb Code   644  stm32g4xx_hal_hrtim.o(.text.HAL_HRTIM_WaveformTimerConfig)
    HAL_HRTIM_WaveformTimerControl           0x080015b5   Thumb Code   144  stm32g4xx_hal_hrtim.o(.text.HAL_HRTIM_WaveformTimerControl)
    HAL_I2CEx_ConfigAnalogFilter             0x08001645   Thumb Code    74  stm32g4xx_hal_i2c_ex.o(.text.HAL_I2CEx_ConfigAnalogFilter)
    HAL_I2CEx_ConfigDigitalFilter            0x0800168f   Thumb Code    72  stm32g4xx_hal_i2c_ex.o(.text.HAL_I2CEx_ConfigDigitalFilter)
    HAL_I2C_Init                             0x080016d9   Thumb Code   180  stm32g4xx_hal_i2c.o(.text.HAL_I2C_Init)
    HAL_I2C_Master_Transmit                  0x0800178d   Thumb Code   364  stm32g4xx_hal_i2c.o(.text.HAL_I2C_Master_Transmit)
    HAL_I2C_MspInit                          0x080018f9   Thumb Code   132  i2c.o(.text.HAL_I2C_MspInit)
    HAL_IncTick                              0x0800197d   Thumb Code    16  stm32g4xx_hal.o(.text.HAL_IncTick)
    HAL_Init                                 0x08001989   Thumb Code    28  stm32g4xx_hal.o(.text.HAL_Init)
    HAL_InitTick                             0x080019a5   Thumb Code    72  stm32g4xx_hal.o(.text.HAL_InitTick)
    HAL_MspInit                              0x080019e9   Thumb Code    52  stm32g4xx_hal_msp.o(.text.HAL_MspInit)
    HAL_NVIC_EnableIRQ                       0x08001a1d   Thumb Code    28  stm32g4xx_hal_cortex.o(.text.HAL_NVIC_EnableIRQ)
    HAL_NVIC_SetPriority                     0x08001a39   Thumb Code    72  stm32g4xx_hal_cortex.o(.text.HAL_NVIC_SetPriority)
    HAL_NVIC_SetPriorityGrouping             0x08001a7d   Thumb Code    32  stm32g4xx_hal_cortex.o(.text.HAL_NVIC_SetPriorityGrouping)
    HAL_PWREx_ControlVoltageScaling          0x08001a9d   Thumb Code   180  stm32g4xx_hal_pwr_ex.o(.text.HAL_PWREx_ControlVoltageScaling)
    HAL_PWREx_DisableUCPDDeadBattery         0x08001b4d   Thumb Code    16  stm32g4xx_hal_pwr_ex.o(.text.HAL_PWREx_DisableUCPDDeadBattery)
    HAL_RCCEx_PeriphCLKConfig                0x08001b5d   Thumb Code   672  stm32g4xx_hal_rcc_ex.o(.text.HAL_RCCEx_PeriphCLKConfig)
    HAL_RCC_ClockConfig                      0x08001dfd   Thumb Code   508  stm32g4xx_hal_rcc.o(.text.HAL_RCC_ClockConfig)
    HAL_RCC_GetPCLK1Freq                     0x08001ff1   Thumb Code    36  stm32g4xx_hal_rcc.o(.text.HAL_RCC_GetPCLK1Freq)
    HAL_RCC_GetPCLK2Freq                     0x08002009   Thumb Code    36  stm32g4xx_hal_rcc.o(.text.HAL_RCC_GetPCLK2Freq)
    HAL_RCC_GetSysClockFreq                  0x08002029   Thumb Code   108  stm32g4xx_hal_rcc.o(.text.HAL_RCC_GetSysClockFreq)
    HAL_RCC_OscConfig                        0x08002095   Thumb Code  1180  stm32g4xx_hal_rcc.o(.text.HAL_RCC_OscConfig)
    HAL_SYSTICK_Config                       0x08002531   Thumb Code    40  stm32g4xx_hal_cortex.o(.text.HAL_SYSTICK_Config)
    HAL_TIMEx_Break2Callback                 0x08002559   Thumb Code     2  stm32g4xx_hal_tim_ex.o(.text.HAL_TIMEx_Break2Callback)
    HAL_TIMEx_BreakCallback                  0x0800255b   Thumb Code     2  stm32g4xx_hal_tim_ex.o(.text.HAL_TIMEx_BreakCallback)
    HAL_TIMEx_CommutCallback                 0x0800255d   Thumb Code     2  stm32g4xx_hal_tim_ex.o(.text.HAL_TIMEx_CommutCallback)
    HAL_TIMEx_DirectionChangeCallback        0x0800255f   Thumb Code     2  stm32g4xx_hal_tim_ex.o(.text.HAL_TIMEx_DirectionChangeCallback)
    HAL_TIMEx_EncoderIndexCallback           0x08002561   Thumb Code     2  stm32g4xx_hal_tim_ex.o(.text.HAL_TIMEx_EncoderIndexCallback)
    HAL_TIMEx_IndexErrorCallback             0x08002563   Thumb Code     2  stm32g4xx_hal_tim_ex.o(.text.HAL_TIMEx_IndexErrorCallback)
    HAL_TIMEx_MasterConfigSynchronization    0x08002565   Thumb Code   176  stm32g4xx_hal_tim_ex.o(.text.HAL_TIMEx_MasterConfigSynchronization)
    HAL_TIMEx_TransitionErrorCallback        0x080025f9   Thumb Code     2  stm32g4xx_hal_tim_ex.o(.text.HAL_TIMEx_TransitionErrorCallback)
    HAL_TIM_Base_Init                        0x080025fb   Thumb Code    96  stm32g4xx_hal_tim.o(.text.HAL_TIM_Base_Init)
    HAL_TIM_Base_MspInit                     0x0800265d   Thumb Code    56  tim.o(.text.HAL_TIM_Base_MspInit)
    HAL_TIM_Base_Start_IT                    0x08002695   Thumb Code   140  stm32g4xx_hal_tim.o(.text.HAL_TIM_Base_Start_IT)
    HAL_TIM_ConfigClockSource                0x08002721   Thumb Code   328  stm32g4xx_hal_tim.o(.text.HAL_TIM_ConfigClockSource)
    HAL_TIM_IC_CaptureCallback               0x08002869   Thumb Code     2  stm32g4xx_hal_tim.o(.text.HAL_TIM_IC_CaptureCallback)
    HAL_TIM_IRQHandler                       0x0800286d   Thumb Code   400  stm32g4xx_hal_tim.o(.text.HAL_TIM_IRQHandler)
    HAL_TIM_OC_DelayElapsedCallback          0x080029fd   Thumb Code     2  stm32g4xx_hal_tim.o(.text.HAL_TIM_OC_DelayElapsedCallback)
    HAL_TIM_PWM_PulseFinishedCallback        0x080029ff   Thumb Code     2  stm32g4xx_hal_tim.o(.text.HAL_TIM_PWM_PulseFinishedCallback)
    HAL_TIM_PeriodElapsedCallback            0x08002a01   Thumb Code   364  main.o(.text.HAL_TIM_PeriodElapsedCallback)
    HAL_TIM_TriggerCallback                  0x08002b6d   Thumb Code     2  stm32g4xx_hal_tim.o(.text.HAL_TIM_TriggerCallback)
    HAL_UARTEx_DisableFifoMode               0x08002b6f   Thumb Code    54  stm32g4xx_hal_uart_ex.o(.text.HAL_UARTEx_DisableFifoMode)
    HAL_UARTEx_RxEventCallback               0x08002ba5   Thumb Code     2  stm32g4xx_hal_uart.o(.text.HAL_UARTEx_RxEventCallback)
    HAL_UARTEx_RxFifoFullCallback            0x08002ba7   Thumb Code     2  stm32g4xx_hal_uart_ex.o(.text.HAL_UARTEx_RxFifoFullCallback)
    HAL_UARTEx_SetRxFifoThreshold            0x08002ba9   Thumb Code    76  stm32g4xx_hal_uart_ex.o(.text.HAL_UARTEx_SetRxFifoThreshold)
    HAL_UARTEx_SetTxFifoThreshold            0x08002bf5   Thumb Code    76  stm32g4xx_hal_uart_ex.o(.text.HAL_UARTEx_SetTxFifoThreshold)
    HAL_UARTEx_TxFifoEmptyCallback           0x08002c41   Thumb Code     2  stm32g4xx_hal_uart_ex.o(.text.HAL_UARTEx_TxFifoEmptyCallback)
    HAL_UARTEx_WakeupCallback                0x08002c43   Thumb Code     2  stm32g4xx_hal_uart_ex.o(.text.HAL_UARTEx_WakeupCallback)
    HAL_UART_ErrorCallback                   0x08002c45   Thumb Code     2  stm32g4xx_hal_uart.o(.text.HAL_UART_ErrorCallback)
    HAL_UART_IRQHandler                      0x08002c49   Thumb Code   804  stm32g4xx_hal_uart.o(.text.HAL_UART_IRQHandler)
    HAL_UART_Init                            0x08002f6d   Thumb Code   100  stm32g4xx_hal_uart.o(.text.HAL_UART_Init)
    HAL_UART_MspInit                         0x08002fd1   Thumb Code   144  usart.o(.text.HAL_UART_MspInit)
    HAL_UART_Receive_IT                      0x08003061   Thumb Code    84  stm32g4xx_hal_uart.o(.text.HAL_UART_Receive_IT)
    HAL_UART_RxCpltCallback                  0x080030b5   Thumb Code   100  usart.o(.text.HAL_UART_RxCpltCallback)
    HAL_UART_Transmit                        0x08003119   Thumb Code   196  stm32g4xx_hal_uart.o(.text.HAL_UART_Transmit)
    HAL_UART_TxCpltCallback                  0x080031dd   Thumb Code     2  stm32g4xx_hal_uart.o(.text.HAL_UART_TxCpltCallback)
    HRTIM1_Master_IRQHandler                 0x080031e1   Thumb Code    12  stm32g4xx_it.o(.text.HRTIM1_Master_IRQHandler)
    HardFault_Handler                        0x080032e7   Thumb Code     2  stm32g4xx_it.o(.text.HardFault_Handler)
    MX_GPIO_Init                             0x08003569   Thumb Code   244  gpio.o(.text.MX_GPIO_Init)
    MX_HRTIM1_Init                           0x0800365d   Thumb Code   600  hrtim.o(.text.MX_HRTIM1_Init)
    MX_I2C2_Init                             0x080038b5   Thumb Code   100  i2c.o(.text.MX_I2C2_Init)
    MX_TIM2_Init                             0x08003919   Thumb Code   104  tim.o(.text.MX_TIM2_Init)
    MX_USART1_UART_Init                      0x08003981   Thumb Code   104  usart.o(.text.MX_USART1_UART_Init)
    MemManage_Handler                        0x080039e9   Thumb Code     2  stm32g4xx_it.o(.text.MemManage_Handler)
    NMI_Handler                              0x080039eb   Thumb Code     2  stm32g4xx_it.o(.text.NMI_Handler)
    OLED_Clear                               0x080039ed   Thumb Code    36  oled.o(.text.OLED_Clear)
    OLED_ClearArea                           0x08003a0d   Thumb Code   108  oled.o(.text.OLED_ClearArea)
    OLED_Init                                0x08003a75   Thumb Code   112  oled.o(.text.OLED_Init)
    OLED_SetCursor                           0x08003ae1   Thumb Code    36  oled.o(.text.OLED_SetCursor)
    OLED_ShowChar                            0x08003b05   Thumb Code    68  oled.o(.text.OLED_ShowChar)
    OLED_ShowImage                           0x08003b49   Thumb Code   188  oled.o(.text.OLED_ShowImage)
    OLED_ShowNum                             0x08003c01   Thumb Code    92  oled.o(.text.OLED_ShowNum)
    OLED_ShowString                          0x08003c5d   Thumb Code    44  oled.o(.text.OLED_ShowString)
    OLED_Update                              0x08003c89   Thumb Code    40  oled.o(.text.OLED_Update)
    OLED_WriteCommand                        0x08003cb1   Thumb Code    36  oled.o(.text.OLED_WriteCommand)
    OLED_WriteData                           0x08003cd5   Thumb Code    80  oled.o(.text.OLED_WriteData)
    PID_Init                                 0x08003d25   Thumb Code    44  pid.o(.text.PID_Init)
    PID_realize                              0x08003d51   Thumb Code   112  pid.o(.text.PID_realize)
    PWM_Init                                 0x08003dc1   Thumb Code   104  pwm.o(.text.PWM_Init)
    PendSV_Handler                           0x08003e29   Thumb Code     2  stm32g4xx_it.o(.text.PendSV_Handler)
    SVC_Handler                              0x08003e2b   Thumb Code     2  stm32g4xx_it.o(.text.SVC_Handler)
    Serial_GetRxFlag                         0x08003e2d   Thumb Code    20  usart.o(.text.Serial_GetRxFlag)
    SysTick_Handler                          0x08003e41   Thumb Code     4  stm32g4xx_it.o(.text.SysTick_Handler)
    SystemClock_Config                       0x08003e45   Thumb Code   118  main.o(.text.SystemClock_Config)
    SystemInit                               0x08003ebd   Thumb Code    16  system_stm32g4xx.o(.text.SystemInit)
    TIM2_IRQHandler                          0x08003ecd   Thumb Code    12  stm32g4xx_it.o(.text.TIM2_IRQHandler)
    TIM_Base_SetConfig                       0x08003ed9   Thumb Code   232  stm32g4xx_hal_tim.o(.text.TIM_Base_SetConfig)
    UART_AdvFeatureConfig                    0x0800405d   Thumb Code   212  stm32g4xx_hal_uart.o(.text.UART_AdvFeatureConfig)
    UART_CheckIdleState                      0x08004131   Thumb Code   188  stm32g4xx_hal_uart.o(.text.UART_CheckIdleState)
    UART_SetConfig                           0x08004765   Thumb Code   592  stm32g4xx_hal_uart.o(.text.UART_SetConfig)
    UART_Start_Receive_IT                    0x080049b5   Thumb Code   284  stm32g4xx_hal_uart.o(.text.UART_Start_Receive_IT)
    UART_WaitOnFlagUntilTimeout              0x08004ad1   Thumb Code   158  stm32g4xx_hal_uart.o(.text.UART_WaitOnFlagUntilTimeout)
    USART1_IRQHandler                        0x08004b71   Thumb Code    12  stm32g4xx_it.o(.text.USART1_IRQHandler)
    UsageFault_Handler                       0x08004b7d   Thumb Code     2  stm32g4xx_it.o(.text.UsageFault_Handler)
    main                                     0x08004ba9   Thumb Code  1152  main.o(.text.main)
    __scatterload_copy                       0x08005029   Thumb Code    14  handlers.o(i.__scatterload_copy)
    __scatterload_null                       0x08005037   Thumb Code     2  handlers.o(i.__scatterload_null)
    __scatterload_zeroinit                   0x08005039   Thumb Code    14  handlers.o(i.__scatterload_zeroinit)
    AHBPrescTable                            0x08005046   Data          16  system_stm32g4xx.o(.rodata.AHBPrescTable)
    APBPrescTable                            0x08005056   Data           8  system_stm32g4xx.o(.rodata.APBPrescTable)
    OLED_F6x8                                0x0800505e   Data         570  oled_data.o(.rodata.OLED_F6x8)
    OLED_F8x16                               0x08005298   Data        1520  oled_data.o(.rodata.OLED_F8x16)
    UARTPrescTable                           0x08005888   Data          24  stm32g4xx_hal_uart.o(.rodata.UARTPrescTable)
    Region$$Table$$Base                      0x080058bc   Number         0  anon$$obj.o(Region$$Table)
    Region$$Table$$Limit                     0x080058dc   Number         0  anon$$obj.o(Region$$Table)
    Phase                                    0x20000000   Data           2  main.o(.data..L_MergedGlobals)
    START_FLAG                               0x20000002   Data           2  main.o(.data..L_MergedGlobals)
    PWM_START                                0x20000004   Data           4  main.o(.data..L_MergedGlobals)
    OVP                                      0x20000008   Data           4  main.o(.data..L_MergedGlobals)
    OCP                                      0x2000000c   Data           4  main.o(.data..L_MergedGlobals)
    SET_FLAG                                 0x20000010   Data           4  main.o(.data..L_MergedGlobals)
    flag                                     0x20000014   Data           4  main.o(.data..L_MergedGlobals)
    key2                                     0x20000018   Data           4  main.o(.data..L_MergedGlobals)
    key3                                     0x2000001c   Data           4  main.o(.data..L_MergedGlobals)
    key4                                     0x20000020   Data           4  main.o(.data..L_MergedGlobals)
    System_Start                             0x20000024   Data           4  main.o(.data..L_MergedGlobals)
    vol_r                                    0x20000028   Data           4  main.o(.data..L_MergedGlobals)
    cur_r                                    0x2000002c   Data           4  main.o(.data..L_MergedGlobals)
    voltage                                  0x20000030   Data           4  main.o(.data..L_MergedGlobals)
    current                                  0x20000034   Data           4  main.o(.data..L_MergedGlobals)
    pCompareCfg                              0x20000038   Data          12  main.o(.data..L_MergedGlobals)
    m_pid                                    0x20000044   Data          40  main.o(.data..L_MergedGlobals)
    uwTickPrio                               0x2000006c   Data           4  stm32g4xx_hal.o(.data..L_MergedGlobals)
    uwTickFreq                               0x20000070   Data           4  stm32g4xx_hal.o(.data..L_MergedGlobals)
    uwTick                                   0x20000074   Data           4  stm32g4xx_hal.o(.data..L_MergedGlobals)
    SystemCoreClock                          0x20000078   Data           4  system_stm32g4xx.o(.data.SystemCoreClock)
    phaseshift1                              0x2000007c   Data           2  pwm.o(.data.phaseshift1)
    RxState                                  0x20000080   Data           1  usart.o(.bss..L_MergedGlobals)
    pRxPacket                                0x20000081   Data           1  usart.o(.bss..L_MergedGlobals)
    RxData                                   0x20000082   Data           1  usart.o(.bss..L_MergedGlobals)
    rx_cnt                                   0x20000084   Data           2  usart.o(.bss..L_MergedGlobals)
    Serial_RxFlag                            0x20000088   Data           4  usart.o(.bss..L_MergedGlobals)
    Serial_RxPacket                          0x2000008c   Data           8  usart.o(.bss..L_MergedGlobals)
    OLED_DisplayBuf                          0x20000094   Data        1024  oled.o(.bss.OLED_DisplayBuf)
    hhrtim1                                  0x20000494   Data         252  hrtim.o(.bss.hhrtim1)
    hi2c2                                    0x20000590   Data          84  i2c.o(.bss.hi2c2)
    htim2                                    0x200005e4   Data          76  tim.o(.bss.htim2)
    huart1                                   0x20000630   Data         148  usart.o(.bss.huart1)
    incrementSpeed                           0x200006c4   Data           4  pid.o(.bss.incrementSpeed)
    __initial_sp                             0x20000ac8   Data           0  startup_stm32g474xx.o(STACK)



==============================================================================

Memory Map of the image

  Image Entry point : 0x080001d9

  Load Region LR_IROM1 (Base: 0x08000000, Size: 0x00005960, Max: 0x00080000, ABSOLUTE)

    Execution Region ER_IROM1 (Exec base: 0x08000000, Load base: 0x08000000, Size: 0x000058dc, Max: 0x00080000, ABSOLUTE)

    Exec Addr    Load Addr    Size         Type   Attr      Idx    E Section Name        Object

    0x08000000   0x08000000   0x000001d8   Data   RO            3    RESET               startup_stm32g474xx.o
    0x080001d8   0x080001d8   0x00000000   Code   RO         1977  * .ARM.Collect$$$$00000000  mc_w.l(entry.o)
    0x080001d8   0x080001d8   0x00000004   Code   RO         2071    .ARM.Collect$$$$00000001  mc_w.l(entry2.o)
    0x080001dc   0x080001dc   0x00000004   Code   RO         2074    .ARM.Collect$$$$00000004  mc_w.l(entry5.o)
    0x080001e0   0x080001e0   0x00000000   Code   RO         2076    .ARM.Collect$$$$00000008  mc_w.l(entry7b.o)
    0x080001e0   0x080001e0   0x00000000   Code   RO         2078    .ARM.Collect$$$$0000000A  mc_w.l(entry8b.o)
    0x080001e0   0x080001e0   0x00000008   Code   RO         2079    .ARM.Collect$$$$0000000B  mc_w.l(entry9a.o)
    0x080001e8   0x080001e8   0x00000000   Code   RO         2081    .ARM.Collect$$$$0000000D  mc_w.l(entry10a.o)
    0x080001e8   0x080001e8   0x00000000   Code   RO         2083    .ARM.Collect$$$$0000000F  mc_w.l(entry11a.o)
    0x080001e8   0x080001e8   0x00000004   Code   RO         2072    .ARM.Collect$$$$00002712  mc_w.l(entry2.o)
    0x080001ec   0x080001ec   0x00000024   Code   RO            4    .text               startup_stm32g474xx.o
    0x08000210   0x08000210   0x00000062   Code   RO         1980    .text               mc_w.l(uldiv.o)
    0x08000272   0x08000272   0x00000024   Code   RO         1982    .text               mc_w.l(memseta.o)
    0x08000296   0x08000296   0x0000014e   Code   RO         2014    .text               mf_w.l(dadd.o)
    0x080003e4   0x080003e4   0x000000e4   Code   RO         2016    .text               mf_w.l(dmul.o)
    0x080004c8   0x080004c8   0x000000de   Code   RO         2018    .text               mf_w.l(ddiv.o)
    0x080005a6   0x080005a6   0x00000026   Code   RO         2032    .text               mf_w.l(f2d.o)
    0x080005cc   0x080005cc   0x00000038   Code   RO         2034    .text               mf_w.l(d2f.o)
    0x08000604   0x08000604   0x0000001e   Code   RO         2092    .text               mc_w.l(llshl.o)
    0x08000622   0x08000622   0x00000020   Code   RO         2094    .text               mc_w.l(llushr.o)
    0x08000642   0x08000642   0x00000024   Code   RO         2096    .text               mc_w.l(llsshr.o)
    0x08000666   0x08000666   0x00000000   Code   RO         2105    .text               mc_w.l(iusefp.o)
    0x08000666   0x08000666   0x0000006e   Code   RO         2106    .text               mf_w.l(fepilogue.o)
    0x080006d4   0x080006d4   0x000000ba   Code   RO         2108    .text               mf_w.l(depilogue.o)
    0x0800078e   0x0800078e   0x00000002   PAD
    0x08000790   0x08000790   0x00000024   Code   RO         2124    .text               mc_w.l(init.o)
    0x080007b4   0x080007b4   0x00000002   Code   RO          149    .text.BusFault_Handler  stm32g4xx_it.o
    0x080007b6   0x080007b6   0x00000002   Code   RO          155    .text.DebugMon_Handler  stm32g4xx_it.o
    0x080007b8   0x080007b8   0x00000028   Code   RO          165    .text.EXTI15_10_IRQHandler  stm32g4xx_it.o
    0x080007e0   0x080007e0   0x00000008   Code   RO           15    .text.Error_Handler  main.o
    0x080007e8   0x080007e8   0x00000066   Code   RO          806    .text.HAL_DMA_Abort  stm32g4xx_hal_dma.o
    0x0800084e   0x0800084e   0x0000007a   Code   RO          808    .text.HAL_DMA_Abort_IT  stm32g4xx_hal_dma.o
    0x080008c8   0x080008c8   0x00000020   Code   RO          492    .text.HAL_Delay     stm32g4xx_hal.o
    0x080008e8   0x080008e8   0x0000008c   Code   RO           19    .text.HAL_GPIO_EXTI_Callback  main.o
    0x08000974   0x08000974   0x00000014   Code   RO          748    .text.HAL_GPIO_EXTI_IRQHandler  stm32g4xx_hal_gpio.o
    0x08000988   0x08000988   0x0000019c   Code   RO          736    .text.HAL_GPIO_Init  stm32g4xx_hal_gpio.o
    0x08000b24   0x08000b24   0x0000000a   Code   RO          740    .text.HAL_GPIO_ReadPin  stm32g4xx_hal_gpio.o
    0x08000b2e   0x08000b2e   0x00000010   Code   RO          744    .text.HAL_GPIO_TogglePin  stm32g4xx_hal_gpio.o
    0x08000b3e   0x08000b3e   0x0000000c   Code   RO          742    .text.HAL_GPIO_WritePin  stm32g4xx_hal_gpio.o
    0x08000b4a   0x08000b4a   0x00000002   PAD
    0x08000b4c   0x08000b4c   0x0000000c   Code   RO          484    .text.HAL_GetTick   stm32g4xx_hal.o
    0x08000b58   0x08000b58   0x00000002   Code   RO          422    .text.HAL_HRTIM_BurstModePeriodCallback  stm32g4xx_hal_hrtim.o
    0x08000b5a   0x08000b5a   0x00000002   Code   RO          438    .text.HAL_HRTIM_Capture1EventCallback  stm32g4xx_hal_hrtim.o
    0x08000b5c   0x08000b5c   0x00000002   Code   RO          440    .text.HAL_HRTIM_Capture2EventCallback  stm32g4xx_hal_hrtim.o
    0x08000b5e   0x08000b5e   0x00000002   Code   RO          430    .text.HAL_HRTIM_Compare1EventCallback  stm32g4xx_hal_hrtim.o
    0x08000b60   0x08000b60   0x00000002   Code   RO          432    .text.HAL_HRTIM_Compare2EventCallback  stm32g4xx_hal_hrtim.o
    0x08000b62   0x08000b62   0x00000002   Code   RO          434    .text.HAL_HRTIM_Compare3EventCallback  stm32g4xx_hal_hrtim.o
    0x08000b64   0x08000b64   0x00000002   Code   RO          436    .text.HAL_HRTIM_Compare4EventCallback  stm32g4xx_hal_hrtim.o
    0x08000b66   0x08000b66   0x00000002   Code   RO          444    .text.HAL_HRTIM_CounterResetCallback  stm32g4xx_hal_hrtim.o
    0x08000b68   0x08000b68   0x00000002   Code   RO          420    .text.HAL_HRTIM_DLLCalibrationReadyCallback  stm32g4xx_hal_hrtim.o
    0x08000b6a   0x08000b6a   0x00000052   Code   RO          200    .text.HAL_HRTIM_DLLCalibrationStart  stm32g4xx_hal_hrtim.o
    0x08000bbc   0x08000bbc   0x00000098   Code   RO          330    .text.HAL_HRTIM_DeadTimeConfig  stm32g4xx_hal_hrtim.o
    0x08000c54   0x08000c54   0x00000002   Code   RO          442    .text.HAL_HRTIM_DelayedProtectionCallback  stm32g4xx_hal_hrtim.o
    0x08000c56   0x08000c56   0x00000002   Code   RO          406    .text.HAL_HRTIM_Fault1Callback  stm32g4xx_hal_hrtim.o
    0x08000c58   0x08000c58   0x00000002   Code   RO          408    .text.HAL_HRTIM_Fault2Callback  stm32g4xx_hal_hrtim.o
    0x08000c5a   0x08000c5a   0x00000002   Code   RO          410    .text.HAL_HRTIM_Fault3Callback  stm32g4xx_hal_hrtim.o
    0x08000c5c   0x08000c5c   0x00000002   Code   RO          412    .text.HAL_HRTIM_Fault4Callback  stm32g4xx_hal_hrtim.o
    0x08000c5e   0x08000c5e   0x00000002   Code   RO          414    .text.HAL_HRTIM_Fault5Callback  stm32g4xx_hal_hrtim.o
    0x08000c60   0x08000c60   0x00000002   Code   RO          416    .text.HAL_HRTIM_Fault6Callback  stm32g4xx_hal_hrtim.o
    0x08000c62   0x08000c62   0x000002e0   Code   RO          404    .text.HAL_HRTIM_IRQHandler  stm32g4xx_hal_hrtim.o
    0x08000f42   0x08000f42   0x00000002   PAD
    0x08000f44   0x08000f44   0x00000098   Code   RO          192    .text.HAL_HRTIM_Init  stm32g4xx_hal_hrtim.o
    0x08000fdc   0x08000fdc   0x00000038   Code   RO           58    .text.HAL_HRTIM_MspInit  hrtim.o
    0x08001014   0x08001014   0x00000090   Code   RO           56    .text.HAL_HRTIM_MspPostInit  hrtim.o
    0x080010a4   0x080010a4   0x00000002   Code   RO          448    .text.HAL_HRTIM_Output1ResetCallback  stm32g4xx_hal_hrtim.o
    0x080010a6   0x080010a6   0x00000002   Code   RO          446    .text.HAL_HRTIM_Output1SetCallback  stm32g4xx_hal_hrtim.o
    0x080010a8   0x080010a8   0x00000002   Code   RO          452    .text.HAL_HRTIM_Output2ResetCallback  stm32g4xx_hal_hrtim.o
    0x080010aa   0x080010aa   0x00000002   Code   RO          450    .text.HAL_HRTIM_Output2SetCallback  stm32g4xx_hal_hrtim.o
    0x080010ac   0x080010ac   0x00000046   Code   RO          204    .text.HAL_HRTIM_PollForDLLCalibration  stm32g4xx_hal_hrtim.o
    0x080010f2   0x080010f2   0x00000002   Code   RO          426    .text.HAL_HRTIM_RegistersUpdateCallback  stm32g4xx_hal_hrtim.o
    0x080010f4   0x080010f4   0x00000002   Code   RO          428    .text.HAL_HRTIM_RepetitionEventCallback  stm32g4xx_hal_hrtim.o
    0x080010f6   0x080010f6   0x00000002   Code   RO          424    .text.HAL_HRTIM_SynchronizationEventCallback  stm32g4xx_hal_hrtim.o
    0x080010f8   0x080010f8   0x00000002   Code   RO          418    .text.HAL_HRTIM_SystemFaultCallback  stm32g4xx_hal_hrtim.o
    0x080010fa   0x080010fa   0x00000076   Code   RO          206    .text.HAL_HRTIM_TimeBaseConfig  stm32g4xx_hal_hrtim.o
    0x08001170   0x08001170   0x00000134   Code   RO          336    .text.HAL_HRTIM_WaveformCompareConfig  stm32g4xx_hal_hrtim.o
    0x080012a4   0x080012a4   0x00000026   Code   RO          348    .text.HAL_HRTIM_WaveformCountStart  stm32g4xx_hal_hrtim.o
    0x080012ca   0x080012ca   0x0000003a   Code   RO          340    .text.HAL_HRTIM_WaveformOutputConfig  stm32g4xx_hal_hrtim.o
    0x08001304   0x08001304   0x0000002a   Code   RO          344    .text.HAL_HRTIM_WaveformOutputStart  stm32g4xx_hal_hrtim.o
    0x0800132e   0x0800132e   0x00000002   PAD
    0x08001330   0x08001330   0x00000284   Code   RO          312    .text.HAL_HRTIM_WaveformTimerConfig  stm32g4xx_hal_hrtim.o
    0x080015b4   0x080015b4   0x00000090   Code   RO          316    .text.HAL_HRTIM_WaveformTimerControl  stm32g4xx_hal_hrtim.o
    0x08001644   0x08001644   0x0000004a   Code   RO         1202    .text.HAL_I2CEx_ConfigAnalogFilter  stm32g4xx_hal_i2c_ex.o
    0x0800168e   0x0800168e   0x00000048   Code   RO         1204    .text.HAL_I2CEx_ConfigDigitalFilter  stm32g4xx_hal_i2c_ex.o
    0x080016d6   0x080016d6   0x00000002   PAD
    0x080016d8   0x080016d8   0x000000b4   Code   RO         1033    .text.HAL_I2C_Init  stm32g4xx_hal_i2c.o
    0x0800178c   0x0800178c   0x0000016c   Code   RO         1041    .text.HAL_I2C_Master_Transmit  stm32g4xx_hal_i2c.o
    0x080018f8   0x080018f8   0x00000084   Code   RO           76    .text.HAL_I2C_MspInit  i2c.o
    0x0800197c   0x0800197c   0x0000000c   Code   RO          482    .text.HAL_IncTick   stm32g4xx_hal.o
    0x08001988   0x08001988   0x0000001c   Code   RO          472    .text.HAL_Init      stm32g4xx_hal.o
    0x080019a4   0x080019a4   0x00000044   Code   RO          474    .text.HAL_InitTick  stm32g4xx_hal.o
    0x080019e8   0x080019e8   0x00000034   Code   RO          179    .text.HAL_MspInit   stm32g4xx_hal_msp.o
    0x08001a1c   0x08001a1c   0x0000001c   Code   RO          988    .text.HAL_NVIC_EnableIRQ  stm32g4xx_hal_cortex.o
    0x08001a38   0x08001a38   0x00000044   Code   RO          984    .text.HAL_NVIC_SetPriority  stm32g4xx_hal_cortex.o
    0x08001a7c   0x08001a7c   0x00000020   Code   RO          982    .text.HAL_NVIC_SetPriorityGrouping  stm32g4xx_hal_cortex.o
    0x08001a9c   0x08001a9c   0x000000b0   Code   RO          899    .text.HAL_PWREx_ControlVoltageScaling  stm32g4xx_hal_pwr_ex.o
    0x08001b4c   0x08001b4c   0x00000010   Code   RO          969    .text.HAL_PWREx_DisableUCPDDeadBattery  stm32g4xx_hal_pwr_ex.o
    0x08001b5c   0x08001b5c   0x000002a0   Code   RO          601    .text.HAL_RCCEx_PeriphCLKConfig  stm32g4xx_hal_rcc_ex.o
    0x08001dfc   0x08001dfc   0x000001f4   Code   RO          564    .text.HAL_RCC_ClockConfig  stm32g4xx_hal_rcc.o
    0x08001ff0   0x08001ff0   0x00000018   Code   RO          572    .text.HAL_RCC_GetPCLK1Freq  stm32g4xx_hal_rcc.o
    0x08002008   0x08002008   0x00000020   Code   RO          574    .text.HAL_RCC_GetPCLK2Freq  stm32g4xx_hal_rcc.o
    0x08002028   0x08002028   0x0000006c   Code   RO          566    .text.HAL_RCC_GetSysClockFreq  stm32g4xx_hal_rcc.o
    0x08002094   0x08002094   0x0000049c   Code   RO          562    .text.HAL_RCC_OscConfig  stm32g4xx_hal_rcc.o
    0x08002530   0x08002530   0x00000028   Code   RO          996    .text.HAL_SYSTICK_Config  stm32g4xx_hal_cortex.o
    0x08002558   0x08002558   0x00000002   Code   RO         1597    .text.HAL_TIMEx_Break2Callback  stm32g4xx_hal_tim_ex.o
    0x0800255a   0x0800255a   0x00000002   Code   RO         1595    .text.HAL_TIMEx_BreakCallback  stm32g4xx_hal_tim_ex.o
    0x0800255c   0x0800255c   0x00000002   Code   RO         1591    .text.HAL_TIMEx_CommutCallback  stm32g4xx_hal_tim_ex.o
    0x0800255e   0x0800255e   0x00000002   Code   RO         1601    .text.HAL_TIMEx_DirectionChangeCallback  stm32g4xx_hal_tim_ex.o
    0x08002560   0x08002560   0x00000002   Code   RO         1599    .text.HAL_TIMEx_EncoderIndexCallback  stm32g4xx_hal_tim_ex.o
    0x08002562   0x08002562   0x00000002   Code   RO         1603    .text.HAL_TIMEx_IndexErrorCallback  stm32g4xx_hal_tim_ex.o
    0x08002564   0x08002564   0x00000094   Code   RO         1541    .text.HAL_TIMEx_MasterConfigSynchronization  stm32g4xx_hal_tim_ex.o
    0x080025f8   0x080025f8   0x00000002   Code   RO         1605    .text.HAL_TIMEx_TransitionErrorCallback  stm32g4xx_hal_tim_ex.o
    0x080025fa   0x080025fa   0x00000060   Code   RO         1225    .text.HAL_TIM_Base_Init  stm32g4xx_hal_tim.o
    0x0800265a   0x0800265a   0x00000002   PAD
    0x0800265c   0x0800265c   0x00000038   Code   RO           94    .text.HAL_TIM_Base_MspInit  tim.o
    0x08002694   0x08002694   0x0000008c   Code   RO         1239    .text.HAL_TIM_Base_Start_IT  stm32g4xx_hal_tim.o
    0x08002720   0x08002720   0x00000148   Code   RO         1417    .text.HAL_TIM_ConfigClockSource  stm32g4xx_hal_tim.o
    0x08002868   0x08002868   0x00000002   Code   RO         1361    .text.HAL_TIM_IC_CaptureCallback  stm32g4xx_hal_tim.o
    0x0800286a   0x0800286a   0x00000002   PAD
    0x0800286c   0x0800286c   0x00000190   Code   RO         1359    .text.HAL_TIM_IRQHandler  stm32g4xx_hal_tim.o
    0x080029fc   0x080029fc   0x00000002   Code   RO         1363    .text.HAL_TIM_OC_DelayElapsedCallback  stm32g4xx_hal_tim.o
    0x080029fe   0x080029fe   0x00000002   Code   RO         1365    .text.HAL_TIM_PWM_PulseFinishedCallback  stm32g4xx_hal_tim.o
    0x08002a00   0x08002a00   0x0000016c   Code   RO           17    .text.HAL_TIM_PeriodElapsedCallback  main.o
    0x08002b6c   0x08002b6c   0x00000002   Code   RO         1369    .text.HAL_TIM_TriggerCallback  stm32g4xx_hal_tim.o
    0x08002b6e   0x08002b6e   0x00000036   Code   RO         1793    .text.HAL_UARTEx_DisableFifoMode  stm32g4xx_hal_uart_ex.o
    0x08002ba4   0x08002ba4   0x00000002   Code   RO         1717    .text.HAL_UARTEx_RxEventCallback  stm32g4xx_hal_uart.o
    0x08002ba6   0x08002ba6   0x00000002   Code   RO         1777    .text.HAL_UARTEx_RxFifoFullCallback  stm32g4xx_hal_uart_ex.o
    0x08002ba8   0x08002ba8   0x0000004c   Code   RO         1797    .text.HAL_UARTEx_SetRxFifoThreshold  stm32g4xx_hal_uart_ex.o
    0x08002bf4   0x08002bf4   0x0000004c   Code   RO         1795    .text.HAL_UARTEx_SetTxFifoThreshold  stm32g4xx_hal_uart_ex.o
    0x08002c40   0x08002c40   0x00000002   Code   RO         1779    .text.HAL_UARTEx_TxFifoEmptyCallback  stm32g4xx_hal_uart_ex.o
    0x08002c42   0x08002c42   0x00000002   Code   RO         1775    .text.HAL_UARTEx_WakeupCallback  stm32g4xx_hal_uart_ex.o
    0x08002c44   0x08002c44   0x00000002   Code   RO         1715    .text.HAL_UART_ErrorCallback  stm32g4xx_hal_uart.o
    0x08002c46   0x08002c46   0x00000002   PAD
    0x08002c48   0x08002c48   0x00000324   Code   RO         1711    .text.HAL_UART_IRQHandler  stm32g4xx_hal_uart.o
    0x08002f6c   0x08002f6c   0x00000064   Code   RO         1623    .text.HAL_UART_Init  stm32g4xx_hal_uart.o
    0x08002fd0   0x08002fd0   0x00000090   Code   RO          112    .text.HAL_UART_MspInit  usart.o
    0x08003060   0x08003060   0x00000054   Code   RO         1659    .text.HAL_UART_Receive_IT  stm32g4xx_hal_uart.o
    0x080030b4   0x080030b4   0x00000064   Code   RO          118    .text.HAL_UART_RxCpltCallback  usart.o
    0x08003118   0x08003118   0x000000c4   Code   RO         1643    .text.HAL_UART_Transmit  stm32g4xx_hal_uart.o
    0x080031dc   0x080031dc   0x00000002   Code   RO         1719    .text.HAL_UART_TxCpltCallback  stm32g4xx_hal_uart.o
    0x080031de   0x080031de   0x00000002   PAD
    0x080031e0   0x080031e0   0x0000000c   Code   RO          167    .text.HRTIM1_Master_IRQHandler  stm32g4xx_it.o
    0x080031ec   0x080031ec   0x00000038   Code   RO          314    .text.HRTIM_ForceRegistersUpdate  stm32g4xx_hal_hrtim.o
    0x08003224   0x08003224   0x000000c2   Code   RO          230    .text.HRTIM_OutputConfig  stm32g4xx_hal_hrtim.o
    0x080032e6   0x080032e6   0x00000002   Code   RO          145    .text.HardFault_Handler  stm32g4xx_it.o
    0x080032e8   0x080032e8   0x00000020   Code   RO         1057    .text.I2C_Flush_TXDR  stm32g4xx_hal_i2c.o
    0x08003308   0x08003308   0x00000100   Code   RO         1189    .text.I2C_IsErrorOccurred  stm32g4xx_hal_i2c.o
    0x08003408   0x08003408   0x00000034   Code   RO         1045    .text.I2C_TransferConfig  stm32g4xx_hal_i2c.o
    0x0800343c   0x0800343c   0x0000007c   Code   RO         1043    .text.I2C_WaitOnFlagUntilTimeout  stm32g4xx_hal_i2c.o
    0x080034b8   0x080034b8   0x00000054   Code   RO         1049    .text.I2C_WaitOnSTOPFlagUntilTimeout  stm32g4xx_hal_i2c.o
    0x0800350c   0x0800350c   0x0000005c   Code   RO         1047    .text.I2C_WaitOnTXISFlagUntilTimeout  stm32g4xx_hal_i2c.o
    0x08003568   0x08003568   0x000000f4   Code   RO           41    .text.MX_GPIO_Init  gpio.o
    0x0800365c   0x0800365c   0x00000258   Code   RO           54    .text.MX_HRTIM1_Init  hrtim.o
    0x080038b4   0x080038b4   0x00000064   Code   RO           74    .text.MX_I2C2_Init  i2c.o
    0x08003918   0x08003918   0x00000068   Code   RO           92    .text.MX_TIM2_Init  tim.o
    0x08003980   0x08003980   0x00000068   Code   RO          110    .text.MX_USART1_UART_Init  usart.o
    0x080039e8   0x080039e8   0x00000002   Code   RO          147    .text.MemManage_Handler  stm32g4xx_it.o
    0x080039ea   0x080039ea   0x00000002   Code   RO          143    .text.NMI_Handler   stm32g4xx_it.o
    0x080039ec   0x080039ec   0x00000020   Code   RO         1881    .text.OLED_Clear    oled.o
    0x08003a0c   0x08003a0c   0x00000068   Code   RO         1895    .text.OLED_ClearArea  oled.o
    0x08003a74   0x08003a74   0x0000006c   Code   RO         1879    .text.OLED_Init     oled.o
    0x08003ae0   0x08003ae0   0x00000024   Code   RO         1885    .text.OLED_SetCursor  oled.o
    0x08003b04   0x08003b04   0x00000044   Code   RO         1901    .text.OLED_ShowChar  oled.o
    0x08003b48   0x08003b48   0x000000b8   Code   RO         1903    .text.OLED_ShowImage  oled.o
    0x08003c00   0x08003c00   0x0000005c   Code   RO         1907    .text.OLED_ShowNum  oled.o
    0x08003c5c   0x08003c5c   0x0000002c   Code   RO         1905    .text.OLED_ShowString  oled.o
    0x08003c88   0x08003c88   0x00000028   Code   RO         1883    .text.OLED_Update   oled.o
    0x08003cb0   0x08003cb0   0x00000024   Code   RO         1875    .text.OLED_WriteCommand  oled.o
    0x08003cd4   0x08003cd4   0x00000050   Code   RO         1877    .text.OLED_WriteData  oled.o
    0x08003d24   0x08003d24   0x0000002c   Code   RO         1851    .text.PID_Init      pid.o
    0x08003d50   0x08003d50   0x00000070   Code   RO         1853    .text.PID_realize   pid.o
    0x08003dc0   0x08003dc0   0x00000068   Code   RO         1837    .text.PWM_Init      pwm.o
    0x08003e28   0x08003e28   0x00000002   Code   RO          157    .text.PendSV_Handler  stm32g4xx_it.o
    0x08003e2a   0x08003e2a   0x00000002   Code   RO          153    .text.SVC_Handler   stm32g4xx_it.o
    0x08003e2c   0x08003e2c   0x00000014   Code   RO          120    .text.Serial_GetRxFlag  usart.o
    0x08003e40   0x08003e40   0x00000004   Code   RO          159    .text.SysTick_Handler  stm32g4xx_it.o
    0x08003e44   0x08003e44   0x00000076   Code   RO           13    .text.SystemClock_Config  main.o
    0x08003eba   0x08003eba   0x00000002   PAD
    0x08003ebc   0x08003ebc   0x00000010   Code   RO         1819    .text.SystemInit    system_stm32g4xx.o
    0x08003ecc   0x08003ecc   0x0000000c   Code   RO          161    .text.TIM2_IRQHandler  stm32g4xx_it.o
    0x08003ed8   0x08003ed8   0x000000e8   Code   RO         1229    .text.TIM_Base_SetConfig  stm32g4xx_hal_tim.o
    0x08003fc0   0x08003fc0   0x00000022   Code   RO         1419    .text.TIM_TI1_ConfigInputStage  stm32g4xx_hal_tim.o
    0x08003fe2   0x08003fe2   0x00000024   Code   RO         1421    .text.TIM_TI2_ConfigInputStage  stm32g4xx_hal_tim.o
    0x08004006   0x08004006   0x00000002   PAD
    0x08004008   0x08004008   0x00000054   Code   RO         1791    .text.UARTEx_SetNbDataToProcess  stm32g4xx_hal_uart_ex.o
    0x0800405c   0x0800405c   0x000000d4   Code   RO         1627    .text.UART_AdvFeatureConfig  stm32g4xx_hal_uart.o
    0x08004130   0x08004130   0x000000bc   Code   RO         1631    .text.UART_CheckIdleState  stm32g4xx_hal_uart.o
    0x080041ec   0x080041ec   0x00000010   Code   RO         1713    .text.UART_DMAAbortOnError  stm32g4xx_hal_uart.o
    0x080041fc   0x080041fc   0x00000058   Code   RO         1683    .text.UART_EndRxTransfer  stm32g4xx_hal_uart.o
    0x08004254   0x08004254   0x000000cc   Code   RO         1753    .text.UART_RxISR_16BIT  stm32g4xx_hal_uart.o
    0x08004320   0x08004320   0x000001b8   Code   RO         1749    .text.UART_RxISR_16BIT_FIFOEN  stm32g4xx_hal_uart.o
    0x080044d8   0x080044d8   0x000000d0   Code   RO         1755    .text.UART_RxISR_8BIT  stm32g4xx_hal_uart.o
    0x080045a8   0x080045a8   0x000001bc   Code   RO         1751    .text.UART_RxISR_8BIT_FIFOEN  stm32g4xx_hal_uart.o
    0x08004764   0x08004764   0x00000250   Code   RO         1629    .text.UART_SetConfig  stm32g4xx_hal_uart.o
    0x080049b4   0x080049b4   0x0000011c   Code   RO         1661    .text.UART_Start_Receive_IT  stm32g4xx_hal_uart.o
    0x08004ad0   0x08004ad0   0x0000009e   Code   RO         1645    .text.UART_WaitOnFlagUntilTimeout  stm32g4xx_hal_uart.o
    0x08004b6e   0x08004b6e   0x00000002   PAD
    0x08004b70   0x08004b70   0x0000000c   Code   RO          163    .text.USART1_IRQHandler  stm32g4xx_it.o
    0x08004b7c   0x08004b7c   0x00000002   Code   RO          151    .text.UsageFault_Handler  stm32g4xx_it.o
    0x08004b7e   0x08004b7e   0x00000002   PAD
    0x08004b80   0x08004b80   0x00000024   Code   RO          986    .text.__NVIC_SetPriority  stm32g4xx_hal_cortex.o
    0x08004ba4   0x08004ba4   0x00000004   PAD
    0x08004ba8   0x08004ba8   0x00000480   Code   RO           11    .text.main          main.o
    0x08005028   0x08005028   0x0000000e   Code   RO         2130    i.__scatterload_copy  mc_w.l(handlers.o)
    0x08005036   0x08005036   0x00000002   Code   RO         2131    i.__scatterload_null  mc_w.l(handlers.o)
    0x08005038   0x08005038   0x0000000e   Code   RO         2132    i.__scatterload_zeroinit  mc_w.l(handlers.o)
    0x08005046   0x08005046   0x00000010   Data   RO         1824    .rodata.AHBPrescTable  system_stm32g4xx.o
    0x08005056   0x08005056   0x00000008   Data   RO         1825    .rodata.APBPrescTable  system_stm32g4xx.o
    0x0800505e   0x0800505e   0x0000023a   Data   RO         1950    .rodata.OLED_F6x8   oled_data.o
    0x08005298   0x08005298   0x000005f0   Data   RO         1949    .rodata.OLED_F8x16  oled_data.o
    0x08005888   0x08005888   0x00000018   Data   RO         1761    .rodata.UARTPrescTable  stm32g4xx_hal_uart.o
    0x080058a0   0x080058a0   0x00000010   Data   RO         1807    .rodata.cst8        stm32g4xx_hal_uart_ex.o
    0x080058b0   0x080058b0   0x00000009   Data   RO           27    .rodata.str1.1      main.o
    0x080058b9   0x080058b9   0x00000003   PAD
    0x080058bc   0x080058bc   0x00000020   Data   RO         2128    Region$$Table       anon$$obj.o


    Execution Region RW_IRAM1 (Exec base: 0x20000000, Load base: 0x080058e0, Size: 0x00000ac8, Max: 0x00020000, ABSOLUTE)

    Exec Addr    Load Addr    Size         Type   Attr      Idx    E Section Name        Object

    0x20000000   0x080058e0   0x0000006c   Data   RW           29    .data..L_MergedGlobals  main.o
    0x2000006c   0x0800594c   0x0000000c   Data   RW          548    .data..L_MergedGlobals  stm32g4xx_hal.o
    0x20000078   0x08005958   0x00000004   Data   RW         1823    .data.SystemCoreClock  system_stm32g4xx.o
    0x2000007c   0x0800595c   0x00000002   Data   RW         1839    .data.phaseshift1   pwm.o
    0x2000007e   0x0800595e   0x00000002   PAD
    0x20000080        -       0x00000014   Zero   RW          131    .bss..L_MergedGlobals  usart.o
    0x20000094        -       0x00000400   Zero   RW         1937    .bss.OLED_DisplayBuf  oled.o
    0x20000494        -       0x000000fc   Zero   RW           62    .bss.hhrtim1        hrtim.o
    0x20000590        -       0x00000054   Zero   RW           80    .bss.hi2c2          i2c.o
    0x200005e4        -       0x0000004c   Zero   RW           98    .bss.htim2          tim.o
    0x20000630        -       0x00000094   Zero   RW          126    .bss.huart1         usart.o
    0x200006c4        -       0x00000004   Zero   RW         1855    .bss.incrementSpeed  pid.o
    0x200006c8        -       0x00000400   Zero   RW            1    STACK               startup_stm32g474xx.o


==============================================================================

Image component sizes


      Code (inc. data)   RO Data    RW Data    ZI Data      Debug   Object Name

       244         12          0          0          0       5050   gpio.o
       800         24          0          0        252      12925   hrtim.o
       232         24          0          0         84       7468   i2c.o
      1782        300          9        108          0       9101   main.o
       824         24          0          0       1024      16861   oled.o
         0          0       2090          0          0        893   oled_data.o
       156         20          0          0          4       1096   pid.o
       104         12          0          2          0       1036   pwm.o
        36          8        472          0       1024        804   startup_stm32g474xx.o
       152          8          0         12          0      10666   stm32g4xx_hal.o
       204         28          0          0          0      11325   stm32g4xx_hal_cortex.o
       224          0          0          0          0       8233   stm32g4xx_hal_dma.o
       470         28          0          0          0       5648   stm32g4xx_hal_gpio.o
      2842        108          0          0          0      61666   stm32g4xx_hal_hrtim.o
      1184         20          0          0          0      38227   stm32g4xx_hal_i2c.o
       146          0          0          0          0       6997   stm32g4xx_hal_i2c_ex.o
        52          4          0          0          0       1706   stm32g4xx_hal_msp.o
       192         12          0          0          0       9376   stm32g4xx_hal_pwr_ex.o
      1844         64          0          0          0       9696   stm32g4xx_hal_rcc.o
       672          8          0          0          0      10963   stm32g4xx_hal_rcc_ex.o
      1274        128          0          0          0      46633   stm32g4xx_hal_tim.o
       162          4          0          0          0      26720   stm32g4xx_hal_tim_ex.o
      4024        142         24          0          0      31340   stm32g4xx_hal_uart.o
       296          8         16          0          0      10548   stm32g4xx_hal_uart_ex.o
        96         16          0          0          0       1843   stm32g4xx_it.o
        16          4         24          4          0       2932   system_stm32g4xx.o
       160          8          0          0         76       9035   tim.o
       368         32          0          0        168      11146   usart.o

    ----------------------------------------------------------------------
     18584       1050       2670        128       2632     369934   Object Totals
         0          0         32          0          0          0   (incl. Generated)
        28          4          3          2          0          0   (incl. Padding)

    ----------------------------------------------------------------------

      Code (inc. data)   RO Data    RW Data    ZI Data      Debug   Library Member Name

         0          0          0          0          0          0   entry.o
         0          0          0          0          0          0   entry10a.o
         0          0          0          0          0          0   entry11a.o
         8          4          0          0          0          0   entry2.o
         4          0          0          0          0          0   entry5.o
         0          0          0          0          0          0   entry7b.o
         0          0          0          0          0          0   entry8b.o
         8          4          0          0          0          0   entry9a.o
        30          0          0          0          0          0   handlers.o
        36          8          0          0          0         68   init.o
         0          0          0          0          0          0   iusefp.o
        30          0          0          0          0         68   llshl.o
        36          0          0          0          0         68   llsshr.o
        32          0          0          0          0         68   llushr.o
        36          0          0          0          0        108   memseta.o
        98          0          0          0          0         92   uldiv.o
        56          0          0          0          0         88   d2f.o
       334          0          0          0          0        148   dadd.o
       222          0          0          0          0        100   ddiv.o
       186          0          0          0          0        176   depilogue.o
       228          0          0          0          0         96   dmul.o
        38          0          0          0          0         68   f2d.o
       110          0          0          0          0        168   fepilogue.o

    ----------------------------------------------------------------------
      1494         16          0          0          0       1316   Library Totals
         2          0          0          0          0          0   (incl. Padding)

    ----------------------------------------------------------------------

      Code (inc. data)   RO Data    RW Data    ZI Data      Debug   Library Name

       318         16          0          0          0        472   mc_w.l
      1174          0          0          0          0        844   mf_w.l

    ----------------------------------------------------------------------
      1494         16          0          0          0       1316   Library Totals

    ----------------------------------------------------------------------

==============================================================================


      Code (inc. data)   RO Data    RW Data    ZI Data      Debug   

     20078       1066       2670        128       2632     370534   Grand Totals
     20078       1066       2670        128       2632     370534   ELF Image Totals
     20078       1066       2670        128          0          0   ROM Totals

==============================================================================

    Total RO  Size (Code + RO Data)                22748 (  22.21kB)
    Total RW  Size (RW Data + ZI Data)              2760 (   2.70kB)
    Total ROM Size (Code + RO Data + RW Data)      22876 (  22.34kB)

==============================================================================

